Component: ARM Compiler 5.06 update 6 (build 750) Tool: armlink [4d35ed]

==============================================================================

Section Cross References

    main.o(i.Error_Handler) refers to stm32f7xx_hal_gpio.o(i.HAL_GPIO_WritePin) for HAL_GPIO_WritePin
    main.o(i.Error_Handler) refers to stm32f7xx_hal_gpio.o(i.HAL_GPIO_TogglePin) for HAL_GPIO_TogglePin
    main.o(i.Error_Handler) refers to stm32f7xx_hal.o(i.HAL_Delay) for HAL_Delay
    main.o(i.HAL_TIM_PeriodElapsedCallback) refers to stm32f7xx_hal.o(i.HAL_IncTick) for HAL_IncTick
    main.o(i.HAL_TIM_PeriodElapsedCallback) refers to stm32f7xx_hal_gpio.o(i.HAL_GPIO_TogglePin) for HAL_GPIO_TogglePin
    main.o(i.HAL_TIM_PeriodElapsedCallback) refers to stm32f7xx_hal_adc.o(i.HAL_ADC_Start_DMA) for HAL_ADC_Start_DMA
    main.o(i.HAL_TIM_PeriodElapsedCallback) refers to adc.o(.bss) for adc1BufferRaw
    main.o(i.SystemClock_Config) refers to memseta.o(.text) for __aeabi_memclr4
    main.o(i.SystemClock_Config) refers to stm32f7xx_hal_pwr.o(i.HAL_PWR_EnableBkUpAccess) for HAL_PWR_EnableBkUpAccess
    main.o(i.SystemClock_Config) refers to stm32f7xx_hal_rcc.o(i.HAL_RCC_OscConfig) for HAL_RCC_OscConfig
    main.o(i.SystemClock_Config) refers to stm32f7xx_hal_gpio.o(i.HAL_GPIO_WritePin) for HAL_GPIO_WritePin
    main.o(i.SystemClock_Config) refers to stm32f7xx_hal_gpio.o(i.HAL_GPIO_TogglePin) for HAL_GPIO_TogglePin
    main.o(i.SystemClock_Config) refers to stm32f7xx_hal.o(i.HAL_Delay) for HAL_Delay
    main.o(i.SystemClock_Config) refers to stm32f7xx_hal_pwr_ex.o(i.HAL_PWREx_EnableOverDrive) for HAL_PWREx_EnableOverDrive
    main.o(i.SystemClock_Config) refers to stm32f7xx_hal_rcc.o(i.HAL_RCC_ClockConfig) for HAL_RCC_ClockConfig
    main.o(i.SystemClock_Config) refers to stm32f7xx_hal_rcc_ex.o(i.HAL_RCCEx_PeriphCLKConfig) for HAL_RCCEx_PeriphCLKConfig
    main.o(i.main) refers to stm32f7xx_hal.o(i.HAL_Init) for HAL_Init
    main.o(i.main) refers to main.o(i.SystemClock_Config) for SystemClock_Config
    main.o(i.main) refers to gpio.o(i.MX_GPIO_Init) for MX_GPIO_Init
    main.o(i.main) refers to dma.o(i.MX_DMA_Init) for MX_DMA_Init
    main.o(i.main) refers to adc.o(i.MX_ADC1_Init) for MX_ADC1_Init
    main.o(i.main) refers to adc.o(i.MX_ADC2_Init) for MX_ADC2_Init
    main.o(i.main) refers to can.o(i.MX_CAN1_Init) for MX_CAN1_Init
    main.o(i.main) refers to i2c.o(i.MX_I2C4_Init) for MX_I2C4_Init
    main.o(i.main) refers to rtc.o(i.MX_RTC_Init) for MX_RTC_Init
    main.o(i.main) refers to sdmmc.o(i.MX_SDMMC1_SD_Init) for MX_SDMMC1_SD_Init
    main.o(i.main) refers to tim.o(i.MX_TIM5_Init) for MX_TIM5_Init
    main.o(i.main) refers to tim.o(i.MX_TIM6_Init) for MX_TIM6_Init
    main.o(i.main) refers to tim.o(i.MX_TIM7_Init) for MX_TIM7_Init
    main.o(i.main) refers to usart.o(i.MX_USART1_UART_Init) for MX_USART1_UART_Init
    main.o(i.main) refers to usart.o(i.MX_USART2_UART_Init) for MX_USART2_UART_Init
    main.o(i.main) refers to adc.o(i.adcBuffersInit) for adcBuffersInit
    main.o(i.main) refers to stm32f7xx_hal_gpio.o(i.HAL_GPIO_WritePin) for HAL_GPIO_WritePin
    main.o(i.main) refers to stm32f7xx_hal_adc.o(i.HAL_ADC_Start_DMA) for HAL_ADC_Start_DMA
    main.o(i.main) refers to stm32f7xx_hal_tim.o(i.HAL_TIM_Base_Start_IT) for HAL_TIM_Base_Start_IT
    main.o(i.main) refers to freertos.o(i.MX_FREERTOS_Init) for MX_FREERTOS_Init
    main.o(i.main) refers to cmsis_os.o(i.osKernelStart) for osKernelStart
    main.o(i.main) refers to adc.o(.bss) for adc1BufferRaw
    main.o(i.main) refers to tim.o(.bss) for htim5
    gpio.o(i.MX_GPIO_Init) refers to stm32f7xx_hal_gpio.o(i.HAL_GPIO_WritePin) for HAL_GPIO_WritePin
    gpio.o(i.MX_GPIO_Init) refers to stm32f7xx_hal_gpio.o(i.HAL_GPIO_Init) for HAL_GPIO_Init
    gpio.o(i.MX_GPIO_Init) refers to stm32f7xx_hal_cortex.o(i.HAL_NVIC_SetPriority) for HAL_NVIC_SetPriority
    gpio.o(i.MX_GPIO_Init) refers to stm32f7xx_hal_cortex.o(i.HAL_NVIC_EnableIRQ) for HAL_NVIC_EnableIRQ
    adc.o(i.HAL_ADC_ConvCpltCallback) refers to stm32f7xx_hal_adc.o(i.HAL_ADC_Stop_DMA) for HAL_ADC_Stop_DMA
    adc.o(i.HAL_ADC_ConvCpltCallback) refers to queue.o(i.xQueueGiveFromISR) for xQueueGiveFromISR
    adc.o(i.HAL_ADC_ConvCpltCallback) refers to freertos.o(.data) for adc1SemaphoreHandle
    adc.o(i.HAL_ADC_MspDeInit) refers to stm32f7xx_hal_gpio.o(i.HAL_GPIO_DeInit) for HAL_GPIO_DeInit
    adc.o(i.HAL_ADC_MspDeInit) refers to stm32f7xx_hal_dma.o(i.HAL_DMA_DeInit) for HAL_DMA_DeInit
    adc.o(i.HAL_ADC_MspInit) refers to stm32f7xx_hal_gpio.o(i.HAL_GPIO_Init) for HAL_GPIO_Init
    adc.o(i.HAL_ADC_MspInit) refers to stm32f7xx_hal_dma.o(i.HAL_DMA_Init) for HAL_DMA_Init
    adc.o(i.HAL_ADC_MspInit) refers to main.o(i.Error_Handler) for Error_Handler
    adc.o(i.HAL_ADC_MspInit) refers to stm32f7xx_hal_cortex.o(i.HAL_NVIC_SetPriority) for HAL_NVIC_SetPriority
[...]
    HAL_RCC_GetPCLK1Freq                     0x00203211   Thumb Code    20  stm32f7xx_hal_rcc.o(i.HAL_RCC_GetPCLK1Freq)
    HAL_RCC_GetPCLK2Freq                     0x00203231   Thumb Code    20  stm32f7xx_hal_rcc.o(i.HAL_RCC_GetPCLK2Freq)
    HAL_RCC_GetSysClockFreq                  0x00203251   Thumb Code    98  stm32f7xx_hal_rcc.o(i.HAL_RCC_GetSysClockFreq)
    HAL_RCC_OscConfig                        0x002032c5   Thumb Code   932  stm32f7xx_hal_rcc.o(i.HAL_RCC_OscConfig)
    HAL_RTC_Init                             0x00203689   Thumb Code   202  stm32f7xx_hal_rtc.o(i.HAL_RTC_Init)
    HAL_RTC_MspInit                          0x00203755   Thumb Code    26  rtc.o(i.HAL_RTC_MspInit)
    HAL_RTC_SetDate                          0x00203775   Thumb Code   294  stm32f7xx_hal_rtc.o(i.HAL_RTC_SetDate)
    HAL_RTC_SetTime                          0x0020389d   Thumb Code   326  stm32f7xx_hal_rtc.o(i.HAL_RTC_SetTime)
    HAL_SD_AbortCallback                     0x002039e9   Thumb Code     8  bsp_driver_sd.o(i.HAL_SD_AbortCallback)
    HAL_SD_ConfigWideBusOperation            0x002039f1   Thumb Code   282  stm32f7xx_hal_sd.o(i.HAL_SD_ConfigWideBusOperation)
    HAL_SD_ErrorCallback                     0x00203b0b   Thumb Code     2  stm32f7xx_hal_sd.o(i.HAL_SD_ErrorCallback)
    HAL_SD_GetCardCSD                        0x00203b0d   Thumb Code   518  stm32f7xx_hal_sd.o(i.HAL_SD_GetCardCSD)
    HAL_SD_GetCardInfo                       0x00203d13   Thumb Code    36  stm32f7xx_hal_sd.o(i.HAL_SD_GetCardInfo)
    HAL_SD_GetCardState                      0x00203d37   Thumb Code    44  stm32f7xx_hal_sd.o(i.HAL_SD_GetCardState)
    HAL_SD_IRQHandler                        0x00203d65   Thumb Code   578  stm32f7xx_hal_sd.o(i.HAL_SD_IRQHandler)
    HAL_SD_Init                              0x00203fb1   Thumb Code    54  stm32f7xx_hal_sd.o(i.HAL_SD_Init)
    HAL_SD_InitCard                          0x00203fe7   Thumb Code   464  stm32f7xx_hal_sd.o(i.HAL_SD_InitCard)
    HAL_SD_MspInit                           0x002041b9   Thumb Code   330  sdmmc.o(i.HAL_SD_MspInit)
    HAL_SD_ReadBlocks_DMA                    0x00204325   Thumb Code   256  stm32f7xx_hal_sd.o(i.HAL_SD_ReadBlocks_DMA)
    HAL_SD_RxCpltCallback                    0x0020442d   Thumb Code     8  bsp_driver_sd.o(i.HAL_SD_RxCpltCallback)
    HAL_SD_TxCpltCallback                    0x00204435   Thumb Code     8  bsp_driver_sd.o(i.HAL_SD_TxCpltCallback)
    HAL_SD_WriteBlocks_DMA                   0x0020443d   Thumb Code   256  stm32f7xx_hal_sd.o(i.HAL_SD_WriteBlocks_DMA)
    HAL_TIMEx_Break2Callback                 0x00204545   Thumb Code     2  stm32f7xx_hal_tim_ex.o(i.HAL_TIMEx_Break2Callback)
    HAL_TIMEx_BreakCallback                  0x00204547   Thumb Code     2  stm32f7xx_hal_tim_ex.o(i.HAL_TIMEx_BreakCallback)
    HAL_TIMEx_CommutCallback                 0x00204549   Thumb Code     2  stm32f7xx_hal_tim_ex.o(i.HAL_TIMEx_CommutCallback)
    HAL_TIMEx_MasterConfigSynchronization    0x0020454b   Thumb Code   100  stm32f7xx_hal_tim_ex.o(i.HAL_TIMEx_MasterConfigSynchronization)
    HAL_TIM_Base_Init                        0x002045af   Thumb Code    54  stm32f7xx_hal_tim.o(i.HAL_TIM_Base_Init)
    HAL_TIM_Base_MspInit                     0x002045e5   Thumb Code   146  tim.o(i.HAL_TIM_Base_MspInit)
    HAL_TIM_Base_Start_IT                    0x0020467d   Thumb Code    42  stm32f7xx_hal_tim.o(i.HAL_TIM_Base_Start_IT)
    HAL_TIM_ConfigClockSource                0x002046ad   Thumb Code   400  stm32f7xx_hal_tim.o(i.HAL_TIM_ConfigClockSource)
    HAL_TIM_IC_CaptureCallback               0x0020483d   Thumb Code     2  stm32f7xx_hal_tim.o(i.HAL_TIM_IC_CaptureCallback)
    HAL_TIM_IRQHandler                       0x0020483f   Thumb Code   392  stm32f7xx_hal_tim.o(i.HAL_TIM_IRQHandler)
    HAL_TIM_OC_DelayElapsedCallback          0x002049c7   Thumb Code     2  stm32f7xx_hal_tim.o(i.HAL_TIM_OC_DelayElapsedCallback)
    HAL_TIM_PWM_PulseFinishedCallback        0x002049c9   Thumb Code     2  stm32f7xx_hal_tim.o(i.HAL_TIM_PWM_PulseFinishedCallback)
    HAL_TIM_PeriodElapsedCallback            0x002049cd   Thumb Code    66  main.o(i.HAL_TIM_PeriodElapsedCallback)
    HAL_TIM_TriggerCallback                  0x00204a25   Thumb Code     2  stm32f7xx_hal_tim.o(i.HAL_TIM_TriggerCallback)
    HAL_UART_ErrorCallback                   0x00204a27   Thumb Code     2  stm32f7xx_hal_uart.o(i.HAL_UART_ErrorCallback)
    HAL_UART_IRQHandler                      0x00204a29   Thumb Code   382  stm32f7xx_hal_uart.o(i.HAL_UART_IRQHandler)
    HAL_UART_Init                            0x00204bad   Thumb Code   106  stm32f7xx_hal_uart.o(i.HAL_UART_Init)
    HAL_UART_MspInit                         0x00204c19   Thumb Code   338  usart.o(i.HAL_UART_MspInit)
    HAL_UART_TxCpltCallback                  0x00204d95   Thumb Code     2  stm32f7xx_hal_uart.o(i.HAL_UART_TxCpltCallback)
    HardFault_Handler                        0x00204d97   Thumb Code     2  stm32f7xx_it.o(i.HardFault_Handler)
    I2C4_ER_IRQHandler                       0x00204d99   Thumb Code     6  stm32f7xx_it.o(i.I2C4_ER_IRQHandler)
    I2C4_EV_IRQHandler                       0x00204da5   Thumb Code     6  stm32f7xx_it.o(i.I2C4_EV_IRQHandler)
    MX_ADC1_Init                             0x00205355   Thumb Code   254  adc.o(i.MX_ADC1_Init)
    MX_ADC2_Init                             0x00205461   Thumb Code   142  adc.o(i.MX_ADC2_Init)
    MX_CAN1_Init                             0x002054fd   Thumb Code    62  can.o(i.MX_CAN1_Init)
    MX_DMA_Init                              0x00205545   Thumb Code   120  dma.o(i.MX_DMA_Init)
    MX_DriverVbusHS                          0x002055c1   Thumb Code    18  usbh_platform.o(i.MX_DriverVbusHS)
    MX_FATFS_Init                            0x002055d9   Thumb Code    26  fatfs.o(i.MX_FATFS_Init)
    MX_FREERTOS_Init                         0x00205605   Thumb Code   120  freertos.o(i.MX_FREERTOS_Init)
    MX_GPIO_Init                             0x00205685   Thumb Code   340  gpio.o(i.MX_GPIO_Init)
    MX_I2C4_Init                             0x002057f1   Thumb Code    84  i2c.o(i.MX_I2C4_Init)
    MX_RTC_Init                              0x00205851   Thumb Code   128  rtc.o(i.MX_RTC_Init)
    MX_SDMMC1_SD_Init                        0x002058d9   Thumb Code    26  sdmmc.o(i.MX_SDMMC1_SD_Init)
    MX_TIM5_Init                             0x002058fd   Thumb Code   102  tim.o(i.MX_TIM5_Init)
    MX_TIM6_Init                             0x0020596d   Thumb Code    70  tim.o(i.MX_TIM6_Init)
    MX_TIM7_Init                             0x002059bd   Thumb Code    70  tim.o(i.MX_TIM7_Init)
    MX_USART1_UART_Init                      0x00205a0d   Thumb Code    72  usart.o(i.MX_USART1_UART_Init)
    MX_USART2_UART_Init                      0x00205a5d   Thumb Code    68  usart.o(i.MX_USART2_UART_Init)
    MX_USB_HOST_Init                         0x00205aa9   Thumb Code    56  usb_host.o(i.MX_USB_HOST_Init)
    MemManage_Handler                        0x00205aed   Thumb Code     2  stm32f7xx_it.o(i.MemManage_Handler)
    NMI_Handler                              0x00205aef   Thumb Code     2  stm32f7xx_it.o(i.NMI_Handler)
    OTG_HS_EP1_IN_IRQHandler                 0x00205af1   Thumb Code     6  stm32f7xx_it.o(i.OTG_HS_EP1_IN_IRQHandler)
    OTG_HS_EP1_OUT_IRQHandler                0x00205afd   Thumb Code     6  stm32f7xx_it.o(i.OTG_HS_EP1_OUT_IRQHandler)
    OTG_HS_IRQHandler                        0x00205b09   Thumb Code     6  stm32f7xx_it.o(i.OTG_HS_IRQHandler)
    RTC_ByteToBcd2                           0x00205b15   Thumb Code    50  stm32f7xx_hal_rtc.o(i.RTC_ByteToBcd2)
    SDMMC1_IRQHandler                        0x00205b49   Thumb Code     6  stm32f7xx_it.o(i.SDMMC1_IRQHandler)
    SDMMC_CmdAppCommand                      0x00205b55   Thumb Code    26  stm32f7xx_ll_sdmmc.o(i.SDMMC_CmdAppCommand)
    SDMMC_CmdAppOperCommand                  0x00205b71   Thumb Code    86  stm32f7xx_ll_sdmmc.o(i.SDMMC_CmdAppOperCommand)
    SDMMC_CmdBlockLength                     0x00205bcd   Thumb Code    24  stm32f7xx_ll_sdmmc.o(i.SDMMC_CmdBlockLength)
    SDMMC_CmdBusWidth                        0x00205be5   Thumb Code    26  stm32f7xx_ll_sdmmc.o(i.SDMMC_CmdBusWidth)
    SDMMC_CmdGoIdleState                     0x00205c01   Thumb Code    64  stm32f7xx_ll_sdmmc.o(i.SDMMC_CmdGoIdleState)
    SDMMC_CmdOperCond                        0x00205c45   Thumb Code   102  stm32f7xx_ll_sdmmc.o(i.SDMMC_CmdOperCond)
    SDMMC_CmdReadMultiBlock                  0x00205cb1   Thumb Code    26  stm32f7xx_ll_sdmmc.o(i.SDMMC_CmdReadMultiBlock)
    SDMMC_CmdReadSingleBlock                 0x00205ccb   Thumb Code    26  stm32f7xx_ll_sdmmc.o(i.SDMMC_CmdReadSingleBlock)
    SDMMC_CmdSelDesel                        0x00205ce5   Thumb Code    26  stm32f7xx_ll_sdmmc.o(i.SDMMC_CmdSelDesel)
    SDMMC_CmdSendCID                         0x00205d01   Thumb Code    98  stm32f7xx_ll_sdmmc.o(i.SDMMC_CmdSendCID)
    SDMMC_CmdSendCSD                         0x00205d69   Thumb Code    96  stm32f7xx_ll_sdmmc.o(i.SDMMC_CmdSendCSD)
    SDMMC_CmdSendSCR                         0x00205dcd   Thumb Code    28  stm32f7xx_ll_sdmmc.o(i.SDMMC_CmdSendSCR)
    SDMMC_CmdSendStatus                      0x00205de9   Thumb Code    26  stm32f7xx_ll_sdmmc.o(i.SDMMC_CmdSendStatus)
    SDMMC_CmdSetRelAdd                       0x00205e05   Thumb Code   168  stm32f7xx_ll_sdmmc.o(i.SDMMC_CmdSetRelAdd)
    SDMMC_CmdStopTransfer                    0x00205eb1   Thumb Code    26  stm32f7xx_ll_sdmmc.o(i.SDMMC_CmdStopTransfer)
    SDMMC_CmdWriteMultiBlock                 0x00205ed1   Thumb Code    26  stm32f7xx_ll_sdmmc.o(i.SDMMC_CmdWriteMultiBlock)
    SDMMC_CmdWriteSingleBlock                0x00205eeb   Thumb Code    24  stm32f7xx_ll_sdmmc.o(i.SDMMC_CmdWriteSingleBlock)
    SDMMC_ConfigData                         0x00205f03   Thumb Code    46  stm32f7xx_ll_sdmmc.o(i.SDMMC_ConfigData)
    SDMMC_GetPowerState                      0x002060a9   Thumb Code     8  stm32f7xx_ll_sdmmc.o(i.SDMMC_GetPowerState)
    SDMMC_GetResponse                        0x002060b1   Thumb Code    14  stm32f7xx_ll_sdmmc.o(i.SDMMC_GetResponse)
    SDMMC_Init                               0x002060bf   Thumb Code    42  stm32f7xx_ll_sdmmc.o(i.SDMMC_Init)
    SDMMC_PowerState_ON                      0x002060e9   Thumb Code     8  stm32f7xx_ll_sdmmc.o(i.SDMMC_PowerState_ON)
    SDMMC_ReadFIFO                           0x002060f1   Thumb Code     6  stm32f7xx_ll_sdmmc.o(i.SDMMC_ReadFIFO)
    SDMMC_WriteFIFO                          0x002060f7   Thumb Code    10  stm32f7xx_ll_sdmmc.o(i.SDMMC_WriteFIFO)
    SD_initialize                            0x0020635d   Thumb Code    78  sd_diskio.o(i.SD_initialize)
    SD_ioctl                                 0x002063b5   Thumb Code    96  sd_diskio.o(i.SD_ioctl)
    SD_read                                  0x00206419   Thumb Code   200  sd_diskio.o(i.SD_read)
    SD_status                                0x002064e9   Thumb Code    26  sd_diskio.o(i.SD_status)
    SD_write                                 0x00206509   Thumb Code   234  sd_diskio.o(i.SD_write)
    SysTick_Handler                          0x002065fd   Thumb Code    42  port.o(i.SysTick_Handler)
    SystemClock_Config                       0x0020662d   Thumb Code   428  main.o(i.SystemClock_Config)
    SystemInit                               0x002067ed   Thumb Code    76  system_stm32f7xx.o(i.SystemInit)
    TIM1_UP_TIM10_IRQHandler                 0x0020684d   Thumb Code     6  stm32f7xx_it.o(i.TIM1_UP_TIM10_IRQHandler)
    TIM5_IRQHandler                          0x00206859   Thumb Code     6  stm32f7xx_it.o(i.TIM5_IRQHandler)
    TIM6_DAC_IRQHandler                      0x00206865   Thumb Code     6  stm32f7xx_it.o(i.TIM6_DAC_IRQHandler)
    TIM7_IRQHandler                          0x00206871   Thumb Code     6  stm32f7xx_it.o(i.TIM7_IRQHandler)
    TIM_Base_SetConfig                       0x0020687d   Thumb Code   184  stm32f7xx_hal_tim.o(i.TIM_Base_SetConfig)
    UART_AdvFeatureConfig                    0x00206949   Thumb Code   218  stm32f7xx_hal_uart.o(i.UART_AdvFeatureConfig)
    UART_CheckIdleState                      0x00206a23   Thumb Code    64  stm32f7xx_hal_uart.o(i.UART_CheckIdleState)
    UART_SetConfig                           0x00206a79   Thumb Code   684  stm32f7xx_hal_uart.o(i.UART_SetConfig)
    UART_WaitOnFlagUntilTimeout              0x00206d35   Thumb Code   114  stm32f7xx_hal_uart.o(i.UART_WaitOnFlagUntilTimeout)
    USART1_IRQHandler                        0x00206da9   Thumb Code     6  stm32f7xx_it.o(i.USART1_IRQHandler)
    USART2_IRQHandler                        0x00206db5   Thumb Code     6  stm32f7xx_it.o(i.USART2_IRQHandler)
    USBH_AllocPipe                           0x00206dc1   Thumb Code    62  usbh_pipes.o(i.USBH_AllocPipe)
    USBH_BulkReceiveData                     0x00206dff   Thumb Code    38  usbh_ioreq.o(i.USBH_BulkReceiveData)
    USBH_BulkSendData                        0x00206e25   Thumb Code    48  usbh_ioreq.o(i.USBH_BulkSendData)
    USBH_ClosePipe                           0x00206e55   Thumb Code    10  usbh_pipes.o(i.USBH_ClosePipe)
    USBH_ClrFeature                          0x00206e5f   Thumb Code    34  usbh_ctlreq.o(i.USBH_ClrFeature)
    USBH_CtlReceiveData                      0x00206e81   Thumb Code    38  usbh_ioreq.o(i.USBH_CtlReceiveData)
    USBH_CtlReq                              0x00206ea7   Thumb Code   598  usbh_ctlreq.o(i.USBH_CtlReq)
    USBH_CtlSendData                         0x002070fd   Thumb Code    48  usbh_ioreq.o(i.USBH_CtlSendData)
    USBH_CtlSendSetup                        0x0020712d   Thumb Code    34  usbh_ioreq.o(i.USBH_CtlSendSetup)
    USBH_Delay                               0x0020714f   Thumb Code     4  usbh_conf.o(i.USBH_Delay)
    USBH_FindInterface                       0x00207153   Thumb Code    80  usbh_core.o(i.USBH_FindInterface)
    USBH_FreePipe                            0x002071a3   Thumb Code    24  usbh_pipes.o(i.USBH_FreePipe)
    USBH_Get_CfgDesc                         0x002071bd   Thumb Code   350  usbh_ctlreq.o(i.USBH_Get_CfgDesc)
    USBH_Get_DevDesc                         0x0020731b   Thumb Code   184  usbh_ctlreq.o(i.USBH_Get_DevDesc)
    USBH_Get_StringDesc                      0x002073d5   Thumb Code   144  usbh_ctlreq.o(i.USBH_Get_StringDesc)
    USBH_Init                                0x00207465   Thumb Code   150  usbh_core.o(i.USBH_Init)
    USBH_LL_ClosePipe                        0x00207501   Thumb Code    36  usbh_conf.o(i.USBH_LL_ClosePipe)
    USBH_LL_Connect                          0x00207525   Thumb Code    60  usbh_core.o(i.USBH_LL_Connect)
    USBH_LL_Disconnect                       0x00207561   Thumb Code    72  usbh_core.o(i.USBH_LL_Disconnect)
    USBH_LL_DriverVBUS                       0x002075a9   Thumb Code    26  usbh_conf.o(i.USBH_LL_DriverVBUS)
    USBH_LL_GetLastXferSize                  0x002075c3   Thumb Code     8  usbh_conf.o(i.USBH_LL_GetLastXferSize)
    USBH_LL_GetSpeed                         0x002075cb   Thumb Code    32  usbh_conf.o(i.USBH_LL_GetSpeed)
    USBH_LL_GetToggle                        0x002075eb   Thumb Code    30  usbh_conf.o(i.USBH_LL_GetToggle)
    USBH_LL_GetURBState                      0x00207609   Thumb Code     8  usbh_conf.o(i.USBH_LL_GetURBState)
    USBH_LL_IncTimer                         0x00207611   Thumb Code    32  usbh_core.o(i.USBH_LL_IncTimer)
    USBH_LL_Init                             0x00207631   Thumb Code    84  usbh_conf.o(i.USBH_LL_Init)
    USBH_LL_NotifyURBChange                  0x0020768d   Thumb Code    22  usbh_core.o(i.USBH_LL_NotifyURBChange)
    USBH_LL_OpenPipe                         0x002076a3   Thumb Code    60  usbh_conf.o(i.USBH_LL_OpenPipe)
    USBH_LL_PortDisabled                     0x002076df   Thumb Code     8  usbh_core.o(i.USBH_LL_PortDisabled)
    USBH_LL_PortEnabled                      0x002076e7   Thumb Code     8  usbh_core.o(i.USBH_LL_PortEnabled)
    USBH_LL_ResetPort                        0x002076ef   Thumb Code    36  usbh_conf.o(i.USBH_LL_ResetPort)
    USBH_LL_SetTimer                         0x00207713   Thumb Code     6  usbh_core.o(i.USBH_LL_SetTimer)
    USBH_LL_SetToggle                        0x00207719   Thumb Code    32  usbh_conf.o(i.USBH_LL_SetToggle)
    USBH_LL_Start                            0x00207739   Thumb Code    36  usbh_conf.o(i.USBH_LL_Start)
    USBH_LL_Stop                             0x0020775d   Thumb Code    36  usbh_conf.o(i.USBH_LL_Stop)
    USBH_LL_SubmitURB                        0x00207781   Thumb Code    56  usbh_conf.o(i.USBH_LL_SubmitURB)
    USBH_MSC_BOT_Init                        0x002077b9   Thumb Code    28  usbh_msc_bot.o(i.USBH_MSC_BOT_Init)
    USBH_MSC_BOT_Process                     0x002077dd   Thumb Code   658  usbh_msc_bot.o(i.USBH_MSC_BOT_Process)
    USBH_MSC_BOT_REQ_GetMaxLUN               0x00207a75   Thumb Code    32  usbh_msc_bot.o(i.USBH_MSC_BOT_REQ_GetMaxLUN)
    USBH_MSC_GetLUNInfo                      0x00207b19   Thumb Code    74  usbh_msc.o(i.USBH_MSC_GetLUNInfo)
    USBH_MSC_Read                            0x00207fcb   Thumb Code   462  usbh_msc.o(i.USBH_MSC_Read)
    USBH_MSC_SCSI_Inquiry                    0x00208199   Thumb Code   222  usbh_msc_scsi.o(i.USBH_MSC_SCSI_Inquiry)
    USBH_MSC_SCSI_Read                       0x00208277   Thumb Code   156  usbh_msc_scsi.o(i.USBH_MSC_SCSI_Read)
    USBH_MSC_SCSI_ReadCapacity               0x00208313   Thumb Code   154  usbh_msc_scsi.o(i.USBH_MSC_SCSI_ReadCapacity)
    USBH_MSC_SCSI_RequestSense               0x002083ad   Thumb Code   168  usbh_msc_scsi.o(i.USBH_MSC_SCSI_RequestSense)
    USBH_MSC_SCSI_TestUnitReady              0x00208455   Thumb Code    92  usbh_msc_scsi.o(i.USBH_MSC_SCSI_TestUnitReady)
    USBH_MSC_SCSI_Write                      0x002084b1   Thumb Code   154  usbh_msc_scsi.o(i.USBH_MSC_SCSI_Write)
    USBH_MSC_UnitIsReady                     0x0020854f   Thumb Code    40  usbh_msc.o(i.USBH_MSC_UnitIsReady)
    USBH_MSC_Write                           0x00208577   Thumb Code   462  usbh_msc.o(i.USBH_MSC_Write)
    USBH_OpenPipe                            0x00208745   Thumb Code    28  usbh_pipes.o(i.USBH_OpenPipe)
    USBH_Process                             0x00208761   Thumb Code   952  usbh_core.o(i.USBH_Process)
    USBH_RegisterClass                       0x00208b39   Thumb Code    30  usbh_core.o(i.USBH_RegisterClass)
    USBH_SelectInterface                     0x00208b57   Thumb Code    20  usbh_core.o(i.USBH_SelectInterface)
    USBH_SetAddress                          0x00208b6b   Thumb Code    28  usbh_ctlreq.o(i.USBH_SetAddress)
    USBH_SetCfg                              0x00208b87   Thumb Code    28  usbh_ctlreq.o(i.USBH_SetCfg)
    USBH_SetFeature                          0x00208ba3   Thumb Code    28  usbh_ctlreq.o(i.USBH_SetFeature)
    USBH_Start                               0x00208bbf   Thumb Code    20  usbh_core.o(i.USBH_Start)
    USBH_initialize                          0x00208bfd   Thumb Code     4  usbh_diskio.o(i.USBH_initialize)
    USBH_ioctl                               0x00208c01   Thumb Code   112  usbh_diskio.o(i.USBH_ioctl)
    USBH_read                                0x00208c75   Thumb Code   136  usbh_diskio.o(i.USBH_read)
    USBH_status                              0x00208d05   Thumb Code    22  usbh_diskio.o(i.USBH_status)
    USBH_write                               0x00208d21   Thumb Code   152  usbh_diskio.o(i.USBH_write)
    USB_CoreInit                             0x00208dc1   Thumb Code   202  stm32f7xx_ll_usb.o(i.USB_CoreInit)
    USB_DisableGlobalInt                     0x00208e91   Thumb Code    12  stm32f7xx_ll_usb.o(i.USB_DisableGlobalInt)
    USB_DriveVbus                            0x00208e9d   Thumb Code    54  stm32f7xx_ll_usb.o(i.USB_DriveVbus)
    USB_EnableGlobalInt                      0x00208ed3   Thumb Code    12  stm32f7xx_ll_usb.o(i.USB_EnableGlobalInt)
    USB_GetCurrentFrame                      0x00208edf   Thumb Code     8  stm32f7xx_ll_usb.o(i.USB_GetCurrentFrame)
    USB_GetHostSpeed                         0x00208ee7   Thumb Code    16  stm32f7xx_ll_usb.o(i.USB_GetHostSpeed)
    USB_GetMode                              0x00208ef7   Thumb Code     8  stm32f7xx_ll_usb.o(i.USB_GetMode)
    USB_HC_Halt                              0x00208eff   Thumb Code   194  stm32f7xx_ll_usb.o(i.USB_HC_Halt)
    USB_HC_Init                              0x00208fc1   Thumb Code   264  stm32f7xx_ll_usb.o(i.USB_HC_Init)
    USB_HC_ReadInterrupt                     0x002090c9   Thumb Code     8  stm32f7xx_ll_usb.o(i.USB_HC_ReadInterrupt)
    USB_HC_StartXfer                         0x002090d1   Thumb Code   448  stm32f7xx_ll_usb.o(i.USB_HC_StartXfer)
    USB_HostInit                             0x00209299   Thumb Code   260  stm32f7xx_ll_usb.o(i.USB_HostInit)
    USB_InitFSLSPClkSel                      0x002093b5   Thumb Code    56  stm32f7xx_ll_usb.o(i.USB_InitFSLSPClkSel)
    USB_ReadInterrupts                       0x002093ed   Thumb Code     8  stm32f7xx_ll_usb.o(i.USB_ReadInterrupts)
    USB_ReadPacket                           0x002093f5   Thumb Code    64  stm32f7xx_ll_usb.o(i.USB_ReadPacket)
    USB_ResetPort                            0x00209435   Thumb Code    48  stm32f7xx_ll_usb.o(i.USB_ResetPort)
    USB_SetCurrentMode                       0x00209465   Thumb Code    48  stm32f7xx_ll_usb.o(i.USB_SetCurrentMode)
    USB_StopHost                             0x00209495   Thumb Code   166  stm32f7xx_ll_usb.o(i.USB_StopHost)
    UsageFault_Handler                       0x00209541   Thumb Code     2  stm32f7xx_it.o(i.UsageFault_Handler)
    _12vSenseConversion                      0x00209545   Thumb Code    26  data_conversion.o(i._12vSenseConversion)
    _3v3SenseConversion                      0x00209569   Thumb Code    26  data_conversion.o(i._3v3SenseConversion)
    _5vSenseConversion                       0x0020958d   Thumb Code    26  data_conversion.o(i._5vSenseConversion)
    __scatterload_copy                       0x002095b1   Thumb Code    14  handlers.o(i.__scatterload_copy)
    __scatterload_null                       0x002095bf   Thumb Code     2  handlers.o(i.__scatterload_null)
    __scatterload_zeroinit                   0x002095c1   Thumb Code    14  handlers.o(i.__scatterload_zeroinit)
    adc1ConversionTask                       0x002095d1   Thumb Code   130  freertos.o(i.adc1ConversionTask)
    adc2ConversionTask                       0x00209665   Thumb Code    56  freertos.o(i.adc2ConversionTask)
    adcBuffersInit                           0x002096ad   Thumb Code    60  adc.o(i.adcBuffersInit)
    aliveTask                                0x002096f5   Thumb Code    28  freertos.o(i.aliveTask)
    analogAux1Conversion                     0x00209715   Thumb Code    26  data_conversion.o(i.analogAux1Conversion)
    analogAux2Conversion                     0x00209739   Thumb Code    26  data_conversion.o(i.analogAux2Conversion)
    analogAux3Conversion                     0x0020975d   Thumb Code    26  data_conversion.o(i.analogAux3Conversion)
    dcuCurrentSenseConversion                0x00209781   Thumb Code    44  data_conversion.o(i.dcuCurrentSenseConversion)
    dcuTempSenseConversion                   0x002097b9   Thumb Code    46  data_conversion.o(i.dcuTempSenseConversion)
    free                                     0x002097f9   Thumb Code    76  malloc.o(i.free)
    main                                     0x00209849   Thumb Code   252  main.o(i.main)
    mainCurrentSenseConversion               0x00209975   Thumb Code    44  data_conversion.o(i.mainCurrentSenseConversion)
    malloc                                   0x002099ad   Thumb Code    92  malloc.o(i.malloc)
    osKernelRunning                          0x00209a19   Thumb Code    16  cmsis_os.o(i.osKernelRunning)
    osKernelStart                            0x00209a29   Thumb Code    10  cmsis_os.o(i.osKernelStart)
    osKernelSysTick                          0x00209a33   Thumb Code    14  cmsis_os.o(i.osKernelSysTick)
    osMessageCreate                          0x00209a41   Thumb Code    10  cmsis_os.o(i.osMessageCreate)
    osMessageGet                             0x00209a4d   Thumb Code   152  cmsis_os.o(i.osMessageGet)
    osMessagePut                             0x00209ae9   Thumb Code    84  cmsis_os.o(i.osMessagePut)
    osSemaphoreCreate                        0x00209b41   Thumb Code    38  cmsis_os.o(i.osSemaphoreCreate)
    osThreadCreate                           0x00209b67   Thumb Code    52  cmsis_os.o(i.osThreadCreate)
    pvPortMalloc                             0x00209d11   Thumb Code   412  heap_4.o(i.pvPortMalloc)
    pvTaskIncrementMutexHeldCount            0x00209eb9   Thumb Code    18  tasks.o(i.pvTaskIncrementMutexHeldCount)
    pxPortInitialiseStack                    0x00209ed1   Thumb Code    42  port.o(i.pxPortInitialiseStack)
    uxListRemove                             0x00209f01   Thumb Code    38  list.o(i.uxListRemove)
    vListInitialise                          0x00209f27   Thumb Code    22  list.o(i.vListInitialise)
    vListInitialiseItem                      0x00209f3d   Thumb Code     6  list.o(i.vListInitialiseItem)
    vListInsert                              0x00209f43   Thumb Code    60  list.o(i.vListInsert)
    vListInsertEnd                           0x00209f7f   Thumb Code    24  list.o(i.vListInsertEnd)
    vPortEnterCritical                       0x00209f99   Thumb Code    64  port.o(i.vPortEnterCritical)
    vPortExitCritical                        0x00209fe1   Thumb Code    42  port.o(i.vPortExitCritical)
    vPortFree                                0x0020a011   Thumb Code   162  heap_4.o(i.vPortFree)
    vPortValidateInterruptPriority           0x0020a0bd   Thumb Code    82  port.o(i.vPortValidateInterruptPriority)
    vTaskDelay                               0x0020a119   Thumb Code    70  tasks.o(i.vTaskDelay)
    vTaskInternalSetTimeOutState             0x0020a169   Thumb Code    12  tasks.o(i.vTaskInternalSetTimeOutState)
    vTaskMissedYield                         0x0020a179   Thumb Code     8  tasks.o(i.vTaskMissedYield)
    vTaskPlaceOnEventList                    0x0020a185   Thumb Code    50  tasks.o(i.vTaskPlaceOnEventList)
    vTaskPriorityDisinheritAfterTimeout      0x0020a1bd   Thumb Code   184  tasks.o(i.vTaskPriorityDisinheritAfterTimeout)
    vTaskStartScheduler                      0x0020a27d   Thumb Code   100  tasks.o(i.vTaskStartScheduler)
    vTaskSuspendAll                          0x0020a2f5   Thumb Code    10  tasks.o(i.vTaskSuspendAll)
    vTaskSwitchContext                       0x0020a305   Thumb Code    88  tasks.o(i.vTaskSwitchContext)
    vbatConversion                           0x0020a365   Thumb Code    18  data_conversion.o(i.vbatConversion)
    xPortStartScheduler                      0x0020a37d   Thumb Code   232  port.o(i.xPortStartScheduler)
    xQueueGenericCreate                      0x0020a479   Thumb Code   134  queue.o(i.xQueueGenericCreate)
    xQueueGenericSend                        0x0020a501   Thumb Code   480  queue.o(i.xQueueGenericSend)
    xQueueGenericSendFromISR                 0x0020a6e5   Thumb Code   296  queue.o(i.xQueueGenericSendFromISR)
    xQueueGiveFromISR                        0x0020a80d   Thumb Code   174  queue.o(i.xQueueGiveFromISR)
    xQueueReceive                            0x0020a8bd   Thumb Code   354  queue.o(i.xQueueReceive)
    xQueueReceiveFromISR                     0x0020aa25   Thumb Code   188  queue.o(i.xQueueReceiveFromISR)
    xQueueSemaphoreTake                      0x0020aae1   Thumb Code   426  queue.o(i.xQueueSemaphoreTake)
    xTaskCheckForTimeOut                     0x0020ac91   Thumb Code   132  tasks.o(i.xTaskCheckForTimeOut)
    xTaskCreate                              0x0020ad19   Thumb Code   346  tasks.o(i.xTaskCreate)
    xTaskGetSchedulerState                   0x0020ae95   Thumb Code    24  tasks.o(i.xTaskGetSchedulerState)
    xTaskGetTickCount                        0x0020aeb1   Thumb Code     6  tasks.o(i.xTaskGetTickCount)
    xTaskGetTickCountFromISR                 0x0020aebd   Thumb Code    12  tasks.o(i.xTaskGetTickCountFromISR)
    xTaskIncrementTick                       0x0020aecd   Thumb Code   230  tasks.o(i.xTaskIncrementTick)
    xTaskPriorityDisinherit                  0x0020afbd   Thumb Code   164  tasks.o(i.xTaskPriorityDisinherit)
    xTaskPriorityInherit                     0x0020b069   Thumb Code   148  tasks.o(i.xTaskPriorityInherit)
    xTaskRemoveFromEventList                 0x0020b105   Thumb Code   110  tasks.o(i.xTaskRemoveFromEventList)
    xTaskResumeAll                           0x0020b181   Thumb Code   446  tasks.o(i.xTaskResumeAll)
    xbeeCurrentSenseConversion               0x0020b34d   Thumb Code    44  data_conversion.o(i.xbeeCurrentSenseConversion)
    SD_Driver                                0x0020b384   Data          20  sd_diskio.o(.constdata)
    USBH_Driver                              0x0020b3a0   Data          20  usbh_diskio.o(.constdata)
    AHBPrescTable                            0x0020b414   Data          16  system_stm32f7xx.o(.constdata)
    APBPrescTable                            0x0020b424   Data           8  system_stm32f7xx.o(.constdata)
    Region$$Table$$Base                      0x0020b464   Number         0  anon$$obj.o(Region$$Table)
    Region$$Table$$Limit                     0x0020b484   Number         0  anon$$obj.o(Region$$Table)
    retSD                                    0x20000008   Data           1  fatfs.o(.data)
    retUSBH                                  0x20000009   Data           1  fatfs.o(.data)
    SDPath                                   0x2000000a   Data           4  fatfs.o(.data)
    USBHPath                                 0x2000000e   Data           4  fatfs.o(.data)
    aliveHandle                              0x20000014   Data           4  freertos.o(.data)
    adc1ConversionHandle                     0x20000018   Data           4  freertos.o(.data)
    adc2ConversionHandle                     0x2000001c   Data           4  freertos.o(.data)
    adc1SemaphoreHandle                      0x20000020   Data           4  freertos.o(.data)
    adc2SemaphoreHandle                      0x20000024   Data           4  freertos.o(.data)
    Appli_state                              0x20000028   Data           1  usb_host.o(.data)
    pxCurrentTCB                             0x2000002c   Data           4  tasks.o(.data)
    USBH_msc                                 0x2000008c   Data          32  usbh_msc.o(.data)
    uwTickFreq                               0x200000b0   Data           1  stm32f7xx_hal.o(.data)
    uwTickPrio                               0x200000b4   Data           4  stm32f7xx_hal.o(.data)
    uwTick                                   0x200000b8   Data           4  stm32f7xx_hal.o(.data)
    SystemCoreClock                          0x200000bc   Data           4  system_stm32f7xx.o(.data)
    __microlib_freelist                      0x200000c0   Data           4  mvars.o(.data)
    __microlib_freelist_initialised          0x200000c4   Data           4  mvars.o(.data)
    adc1BufferRaw                            0x200000c8   Data          32  adc.o(.bss)
    adc2BufferRaw                            0x200000e8   Data          12  adc.o(.bss)
    adcBufferConvertedDebug                  0x200000f4   Data          32  adc.o(.bss)
    adcBufferConvertedAux                    0x20000114   Data          12  adc.o(.bss)
    hadc1                                    0x20000120   Data          72  adc.o(.bss)
    hadc2                                    0x20000168   Data          72  adc.o(.bss)
    hdma_adc1                                0x200001b0   Data          96  adc.o(.bss)
    hdma_adc2                                0x20000210   Data          96  adc.o(.bss)
    hcan1                                    0x20000270   Data          40  can.o(.bss)
    hi2c4                                    0x20000698   Data          76  i2c.o(.bss)
    hrtc                                     0x200006e4   Data          32  rtc.o(.bss)
    hsd1                                     0x20000704   Data         132  sdmmc.o(.bss)
    hdma_sdmmc1_rx                           0x20000788   Data          96  sdmmc.o(.bss)
    hdma_sdmmc1_tx                           0x200007e8   Data          96  sdmmc.o(.bss)
    htim5                                    0x20000848   Data          64  tim.o(.bss)
    htim6                                    0x20000888   Data          64  tim.o(.bss)
    htim7                                    0x200008c8   Data          64  tim.o(.bss)
    huart1                                   0x20000908   Data         128  usart.o(.bss)
    huart2                                   0x20000988   Data         128  usart.o(.bss)
    hdma_usart1_rx                           0x20000a08   Data          96  usart.o(.bss)
    hdma_usart1_tx                           0x20000a68   Data          96  usart.o(.bss)
    hUsbHostHS                               0x20000ac8   Data        1240  usb_host.o(.bss)
    hhcd_USB_OTG_HS                          0x20000fa0   Data         708  usbh_conf.o(.bss)
    htim1                                    0x20001264   Data          64  stm32f7xx_hal_timebase_tim.o(.bss)
    disk                                     0x20005034   Data          16  ff_gen_drv.o(.bss)
    __heap_base                              0x20005048   Data           0  startup_stm32f767xx.o(HEAP)
    __heap_limit                             0x20006248   Data           0  startup_stm32f767xx.o(HEAP)
    __initial_sp                             0x20007648   Data           0  startup_stm32f767xx.o(STACK)



==============================================================================

Memory Map of the image

  Image Entry point : 0x002001f9

  Load Region LR_IROM1 (Base: 0x00200000, Size: 0x0000b54c, Max: 0x00200000, ABSOLUTE)

    Execution Region ER_IROM1 (Exec base: 0x00200000, Load base: 0x00200000, Size: 0x0000b484, Max: 0x00200000, ABSOLUTE)

    Exec Addr    Load Addr    Size         Type   Attr      Idx    E Section Name        Object

    0x00200000   0x00200000   0x000001f8   Data   RO         1702    RESET               startup_stm32f767xx.o
    0x002001f8   0x002001f8   0x00000000   Code   RO         8344  * .ARM.Collect$$$$00000000  mc_w.l(entry.o)
    0x002001f8   0x002001f8   0x00000004   Code   RO         8385    .ARM.Collect$$$$00000001  mc_w.l(entry2.o)
    0x002001fc   0x002001fc   0x00000004   Code   RO         8388    .ARM.Collect$$$$00000004  mc_w.l(entry5.o)
    0x00200200   0x00200200   0x00000000   Code   RO         8390    .ARM.Collect$$$$00000008  mc_w.l(entry7b.o)
    0x00200200   0x00200200   0x00000000   Code   RO         8392    .ARM.Collect$$$$0000000A  mc_w.l(entry8b.o)
    0x00200200   0x00200200   0x00000008   Code   RO         8393    .ARM.Collect$$$$0000000B  mc_w.l(entry9a.o)
    0x00200208   0x00200208   0x00000000   Code   RO         8395    .ARM.Collect$$$$0000000D  mc_w.l(entry10a.o)
    0x00200208   0x00200208   0x00000000   Code   RO         8397    .ARM.Collect$$$$0000000F  mc_w.l(entry11a.o)
    0x00200208   0x00200208   0x00000004   Code   RO         8386    .ARM.Collect$$$$00002712  mc_w.l(entry2.o)
    0x0020020c   0x0020020c   0x000000c2   Code   RO         2756    .emb_text           port.o
    0x002002ce   0x002002ce   0x00000002   PAD
    0x002002d0   0x002002d0   0x00000024   Code   RO         1703    .text               startup_stm32f767xx.o
    0x002002f4   0x002002f4   0x00000062   Code   RO         8347    .text               mc_w.l(uldiv.o)
    0x00200356   0x00200356   0x00000024   Code   RO         8349    .text               mc_w.l(memcpya.o)
    0x0020037a   0x0020037a   0x00000024   Code   RO         8353    .text               mc_w.l(memseta.o)
    0x0020039e   0x0020039e   0x0000001e   Code   RO         8399    .text               mc_w.l(llshl.o)
    0x002003bc   0x002003bc   0x00000020   Code   RO         8401    .text               mc_w.l(llushr.o)
    0x002003dc   0x002003dc   0x00000024   Code   RO         8405    .text               mc_w.l(init.o)
    0x00200400   0x00200400   0x00000074   Code   RO         4109    i.ADC_DMAConvCplt   stm32f7xx_hal_adc.o
    0x00200474   0x00200474   0x00000016   Code   RO         4110    i.ADC_DMAError      stm32f7xx_hal_adc.o
    0x0020048a   0x0020048a   0x0000000a   Code   RO         4111    i.ADC_DMAHalfConvCplt  stm32f7xx_hal_adc.o
    0x00200494   0x00200494   0x0000001c   Code   RO         1360    i.ADC_IRQHandler    stm32f7xx_it.o
    0x002004b0   0x002004b0   0x0000001c   Code   RO          742    i.BSP_PlatformIsDetected  fatfs_platform.o
    0x002004cc   0x002004cc   0x00000002   Code   RO          487    i.BSP_SD_AbortCallback  bsp_driver_sd.o
    0x002004ce   0x002004ce   0x00000002   PAD
    0x002004d0   0x002004d0   0x0000000c   Code   RO          489    i.BSP_SD_GetCardInfo  bsp_driver_sd.o
    0x002004dc   0x002004dc   0x00000018   Code   RO          490    i.BSP_SD_GetCardState  bsp_driver_sd.o
    0x002004f4   0x002004f4   0x00000044   Code   RO          492    i.BSP_SD_Init       bsp_driver_sd.o
    0x00200538   0x00200538   0x00000020   Code   RO          495    i.BSP_SD_ReadBlocks_DMA  bsp_driver_sd.o
    0x00200558   0x00200558   0x00000014   Code   RO          601    i.BSP_SD_ReadCpltCallback  sd_diskio.o
    0x0020056c   0x0020056c   0x00000020   Code   RO          498    i.BSP_SD_WriteBlocks_DMA  bsp_driver_sd.o
    0x0020058c   0x0020058c   0x00000014   Code   RO          602    i.BSP_SD_WriteCpltCallback  sd_diskio.o
    0x002005a0   0x002005a0   0x00000002   Code   RO         1361    i.BusFault_Handler  stm32f7xx_it.o
    0x002005a2   0x002005a2   0x00000002   PAD
    0x002005a4   0x002005a4   0x0000000c   Code   RO         1362    i.CAN1_RX0_IRQHandler  stm32f7xx_it.o
    0x002005b0   0x002005b0   0x0000000c   Code   RO         1363    i.CAN1_RX1_IRQHandler  stm32f7xx_it.o
    0x002005bc   0x002005bc   0x0000000c   Code   RO         1364    i.CAN1_SCE_IRQHandler  stm32f7xx_it.o
    0x002005c8   0x002005c8   0x0000000c   Code   RO         1365    i.CAN1_TX_IRQHandler  stm32f7xx_it.o
    0x002005d4   0x002005d4   0x0000000c   Code   RO         1366    i.DMA2_Stream0_IRQHandler  stm32f7xx_it.o
    0x002005e0   0x002005e0   0x0000000c   Code   RO         1367    i.DMA2_Stream2_IRQHandler  stm32f7xx_it.o
    0x002005ec   0x002005ec   0x0000000c   Code   RO         1368    i.DMA2_Stream3_IRQHandler  stm32f7xx_it.o
    0x002005f8   0x002005f8   0x0000000c   Code   RO         1369    i.DMA2_Stream5_IRQHandler  stm32f7xx_it.o
    0x00200604   0x00200604   0x0000000c   Code   RO         1370    i.DMA2_Stream6_IRQHandler  stm32f7xx_it.o
    0x00200610   0x00200610   0x0000000c   Code   RO         1371    i.DMA2_Stream7_IRQHandler  stm32f7xx_it.o
    0x0020061c   0x0020061c   0x00000002   Code   RO         1372    i.DebugMon_Handler  stm32f7xx_it.o
    0x0020061e   0x0020061e   0x00000008   Code   RO         1373    i.EXTI15_10_IRQHandler  stm32f7xx_it.o
    0x00200626   0x00200626   0x00000008   Code   RO         1374    i.EXTI9_5_IRQHandler  stm32f7xx_it.o
    0x0020062e   0x0020062e   0x00000002   PAD
    0x00200630   0x00200630   0x00000034   Code   RO            4    i.Error_Handler     main.o
    0x00200664   0x00200664   0x00000054   Code   RO         3005    i.FATFS_LinkDriver  ff_gen_drv.o
    0x002006b8   0x002006b8   0x00000002   Code   RO         4278    i.HAL_ADCEx_InjectedConvCpltCallback  stm32f7xx_hal_adc_ex.o
    0x002006ba   0x002006ba   0x00000002   PAD
    0x002006bc   0x002006bc   0x000001cc   Code   RO         4113    i.HAL_ADC_ConfigChannel  stm32f7xx_hal_adc.o
    0x00200888   0x00200888   0x00000084   Code   RO          357    i.HAL_ADC_ConvCpltCallback  adc.o
    0x0020090c   0x0020090c   0x00000002   Code   RO         4115    i.HAL_ADC_ConvHalfCpltCallback  stm32f7xx_hal_adc.o
    0x0020090e   0x0020090e   0x00000002   Code   RO         4117    i.HAL_ADC_ErrorCallback  stm32f7xx_hal_adc.o
    0x00200910   0x00200910   0x00000156   Code   RO         4121    i.HAL_ADC_IRQHandler  stm32f7xx_hal_adc.o
    0x00200a66   0x00200a66   0x00000002   PAD
    0x00200a68   0x00200a68   0x00000180   Code   RO         4122    i.HAL_ADC_Init      stm32f7xx_hal_adc.o
    0x00200be8   0x00200be8   0x00000002   Code   RO         4123    i.HAL_ADC_LevelOutOfWindowCallback  stm32f7xx_hal_adc.o
    0x00200bea   0x00200bea   0x00000002   PAD
    0x00200bec   0x00200bec   0x00000190   Code   RO          359    i.HAL_ADC_MspInit   adc.o
    0x00200d7c   0x00200d7c   0x00000194   Code   RO         4129    i.HAL_ADC_Start_DMA  stm32f7xx_hal_adc.o
    0x00200f10   0x00200f10   0x00000058   Code   RO         4132    i.HAL_ADC_Stop_DMA  stm32f7xx_hal_adc.o
    0x00200f68   0x00200f68   0x00000002   Code   RO         4385    i.HAL_CAN_ErrorCallback  stm32f7xx_hal_can.o
    0x00200f6a   0x00200f6a   0x00000236   Code   RO         4392    i.HAL_CAN_IRQHandler  stm32f7xx_hal_can.o
    0x002011a0   0x002011a0   0x0000012a   Code   RO         4393    i.HAL_CAN_Init      stm32f7xx_hal_can.o
    0x002012ca   0x002012ca   0x00000002   PAD
    0x002012cc   0x002012cc   0x000000b4   Code   RO          422    i.HAL_CAN_MspInit   can.o
    0x00201380   0x00201380   0x00000002   Code   RO         4400    i.HAL_CAN_RxFifo0FullCallback  stm32f7xx_hal_can.o
    0x00201382   0x00201382   0x00000002   Code   RO         4401    i.HAL_CAN_RxFifo0MsgPendingCallback  stm32f7xx_hal_can.o
    0x00201384   0x00201384   0x00000002   Code   RO         4402    i.HAL_CAN_RxFifo1FullCallback  stm32f7xx_hal_can.o
    0x00201386   0x00201386   0x00000002   Code   RO         4403    i.HAL_CAN_RxFifo1MsgPendingCallback  stm32f7xx_hal_can.o
    0x00201388   0x00201388   0x00000002   Code   RO         4404    i.HAL_CAN_SleepCallback  stm32f7xx_hal_can.o
    0x0020138a   0x0020138a   0x00000002   Code   RO         4407    i.HAL_CAN_TxMailbox0AbortCallback  stm32f7xx_hal_can.o
    0x0020138c   0x0020138c   0x00000002   Code   RO         4408    i.HAL_CAN_TxMailbox0CompleteCallback  stm32f7xx_hal_can.o
    0x0020138e   0x0020138e   0x00000002   Code   RO         4409    i.HAL_CAN_TxMailbox1AbortCallback  stm32f7xx_hal_can.o
    0x00201390   0x00201390   0x00000002   Code   RO         4410    i.HAL_CAN_TxMailbox1CompleteCallback  stm32f7xx_hal_can.o
    0x00201392   0x00201392   0x00000002   Code   RO         4411    i.HAL_CAN_TxMailbox2AbortCallback  stm32f7xx_hal_can.o
    0x00201394   0x00201394   0x00000002   Code   RO         4412    i.HAL_CAN_TxMailbox2CompleteCallback  stm32f7xx_hal_can.o
    0x00201396   0x00201396   0x00000002   Code   RO         4414    i.HAL_CAN_WakeUpFromRxMsgCallback  stm32f7xx_hal_can.o
    0x00201398   0x00201398   0x000000a6   Code   RO         7684    i.HAL_DMA_Abort     stm32f7xx_hal_dma.o
    0x0020143e   0x0020143e   0x00000024   Code   RO         7685    i.HAL_DMA_Abort_IT  stm32f7xx_hal_dma.o
    0x00201462   0x00201462   0x00000004   Code   RO         7687    i.HAL_DMA_GetError  stm32f7xx_hal_dma.o
    0x00201466   0x00201466   0x00000002   PAD
    0x00201468   0x00201468   0x000001dc   Code   RO         7689    i.HAL_DMA_IRQHandler  stm32f7xx_hal_dma.o
    0x00201644   0x00201644   0x00000174   Code   RO         7690    i.HAL_DMA_Init      stm32f7xx_hal_dma.o
    0x002017b8   0x002017b8   0x0000009c   Code   RO         7694    i.HAL_DMA_Start_IT  stm32f7xx_hal_dma.o
    0x00201854   0x00201854   0x00000028   Code   RO         8034    i.HAL_Delay         stm32f7xx_hal.o
    0x0020187c   0x0020187c   0x00000002   Code   RO         7619    i.HAL_GPIO_EXTI_Callback  stm32f7xx_hal_gpio.o
    0x0020187e   0x0020187e   0x00000002   PAD
    0x00201880   0x00201880   0x00000018   Code   RO         7620    i.HAL_GPIO_EXTI_IRQHandler  stm32f7xx_hal_gpio.o
    0x00201898   0x00201898   0x00000258   Code   RO         7621    i.HAL_GPIO_Init     stm32f7xx_hal_gpio.o
    0x00201af0   0x00201af0   0x0000000a   Code   RO         7623    i.HAL_GPIO_ReadPin  stm32f7xx_hal_gpio.o
    0x00201afa   0x00201afa   0x0000000e   Code   RO         7624    i.HAL_GPIO_TogglePin  stm32f7xx_hal_gpio.o
    0x00201b08   0x00201b08   0x0000000a   Code   RO         7625    i.HAL_GPIO_WritePin  stm32f7xx_hal_gpio.o
    0x00201b12   0x00201b12   0x00000002   PAD
    0x00201b14   0x00201b14   0x0000000c   Code   RO         8044    i.HAL_GetTick       stm32f7xx_hal.o
    0x00201b20   0x00201b20   0x00000008   Code   RO         1149    i.HAL_HCD_Connect_Callback  usbh_conf.o
    0x00201b28   0x00201b28   0x00000008   Code   RO         1150    i.HAL_HCD_Disconnect_Callback  usbh_conf.o
    0x00201b30   0x00201b30   0x00000006   Code   RO         3662    i.HAL_HCD_GetCurrentFrame  stm32f7xx_hal_hcd.o
    0x00201b36   0x00201b36   0x00000006   Code   RO         3663    i.HAL_HCD_GetCurrentSpeed  stm32f7xx_hal_hcd.o
    0x00201b3c   0x00201b3c   0x0000000e   Code   RO         3666    i.HAL_HCD_HC_GetURBState  stm32f7xx_hal_hcd.o
    0x00201b4a   0x00201b4a   0x0000000c   Code   RO         3667    i.HAL_HCD_HC_GetXferCount  stm32f7xx_hal_hcd.o
    0x00201b56   0x00201b56   0x00000024   Code   RO         3668    i.HAL_HCD_HC_Halt   stm32f7xx_hal_hcd.o
    0x00201b7a   0x00201b7a   0x00000076   Code   RO         3669    i.HAL_HCD_HC_Init   stm32f7xx_hal_hcd.o
    0x00201bf0   0x00201bf0   0x00000008   Code   RO         1151    i.HAL_HCD_HC_NotifyURBChange_Callback  usbh_conf.o
    0x00201bf8   0x00201bf8   0x000000ac   Code   RO         3671    i.HAL_HCD_HC_SubmitRequest  stm32f7xx_hal_hcd.o
    0x00201ca4   0x00201ca4   0x00000738   Code   RO         3672    i.HAL_HCD_IRQHandler  stm32f7xx_hal_hcd.o
    0x002023dc   0x002023dc   0x0000007c   Code   RO         3673    i.HAL_HCD_Init      stm32f7xx_hal_hcd.o
    0x00202458   0x00202458   0x00000098   Code   RO         1153    i.HAL_HCD_MspInit   usbh_conf.o
    0x002024f0   0x002024f0   0x00000008   Code   RO         1154    i.HAL_HCD_PortDisabled_Callback  usbh_conf.o
    0x002024f8   0x002024f8   0x00000008   Code   RO         1155    i.HAL_HCD_PortEnabled_Callback  usbh_conf.o
    0x00202500   0x00202500   0x00000006   Code   RO         3678    i.HAL_HCD_ResetPort  stm32f7xx_hal_hcd.o
    0x00202506   0x00202506   0x00000008   Code   RO         1156    i.HAL_HCD_SOF_Callback  usbh_conf.o
    0x0020250e   0x0020250e   0x0000002c   Code   RO         3680    i.HAL_HCD_Start     stm32f7xx_hal_hcd.o
    0x0020253a   0x0020253a   0x00000024   Code   RO         3681    i.HAL_HCD_Stop      stm32f7xx_hal_hcd.o
    0x0020255e   0x0020255e   0x00000064   Code   RO         5160    i.HAL_I2CEx_ConfigAnalogFilter  stm32f7xx_hal_i2c_ex.o
    0x002025c2   0x002025c2   0x00000060   Code   RO         5161    i.HAL_I2CEx_ConfigDigitalFilter  stm32f7xx_hal_i2c_ex.o
    0x00202622   0x00202622   0x00000002   Code   RO         4743    i.HAL_I2C_AbortCpltCallback  stm32f7xx_hal_i2c.o
    0x00202624   0x00202624   0x00000002   Code   RO         4744    i.HAL_I2C_AddrCallback  stm32f7xx_hal_i2c.o
    0x00202626   0x00202626   0x00000076   Code   RO         4747    i.HAL_I2C_ER_IRQHandler  stm32f7xx_hal_i2c.o
    0x0020269c   0x0020269c   0x00000010   Code   RO         4748    i.HAL_I2C_EV_IRQHandler  stm32f7xx_hal_i2c.o
    0x002026ac   0x002026ac   0x00000002   Code   RO         4750    i.HAL_I2C_ErrorCallback  stm32f7xx_hal_i2c.o
    0x002026ae   0x002026ae   0x000000b4   Code   RO         4754    i.HAL_I2C_Init      stm32f7xx_hal_i2c.o
    0x00202762   0x00202762   0x00000002   Code   RO         4756    i.HAL_I2C_ListenCpltCallback  stm32f7xx_hal_i2c.o
    0x00202764   0x00202764   0x00000094   Code   RO          882    i.HAL_I2C_MspInit   i2c.o
    0x002027f8   0x002027f8   0x00000002   Code   RO         4780    i.HAL_I2C_SlaveRxCpltCallback  stm32f7xx_hal_i2c.o
    0x002027fa   0x002027fa   0x00000002   Code   RO         4781    i.HAL_I2C_SlaveTxCpltCallback  stm32f7xx_hal_i2c.o
    0x002027fc   0x002027fc   0x00000010   Code   RO         8050    i.HAL_IncTick       stm32f7xx_hal.o
    0x0020280c   0x0020280c   0x0000002c   Code   RO         8051    i.HAL_Init          stm32f7xx_hal.o
    0x00202838   0x00202838   0x0000007c   Code   RO         1592    i.HAL_InitTick      stm32f7xx_hal_timebase_tim.o
    0x002028b4   0x002028b4   0x0000003c   Code   RO         1568    i.HAL_MspInit       stm32f7xx_hal_msp.o
    0x002028f0   0x002028f0   0x0000001e   Code   RO         4618    i.HAL_NVIC_EnableIRQ  stm32f7xx_hal_cortex.o
    0x0020290e   0x0020290e   0x00000002   PAD
    0x00202910   0x00202910   0x00000060   Code   RO         4624    i.HAL_NVIC_SetPriority  stm32f7xx_hal_cortex.o
    0x00202970   0x00202970   0x00000024   Code   RO         4625    i.HAL_NVIC_SetPriorityGrouping  stm32f7xx_hal_cortex.o
    0x00202994   0x00202994   0x0000007c   Code   RO         7941    i.HAL_PWREx_EnableOverDrive  stm32f7xx_hal_pwr_ex.o
    0x00202a10   0x00202a10   0x00000010   Code   RO         7818    i.HAL_PWR_EnableBkUpAccess  stm32f7xx_hal_pwr.o
    0x00202a20   0x00202a20   0x000005e0   Code   RO         7423    i.HAL_RCCEx_PeriphCLKConfig  stm32f7xx_hal_rcc_ex.o
    0x00203000   0x00203000   0x000001c8   Code   RO         7317    i.HAL_RCC_ClockConfig  stm32f7xx_hal_rcc.o
    0x002031c8   0x002031c8   0x00000048   Code   RO         7321    i.HAL_RCC_GetClockConfig  stm32f7xx_hal_rcc.o
    0x00203210   0x00203210   0x00000020   Code   RO         7324    i.HAL_RCC_GetPCLK1Freq  stm32f7xx_hal_rcc.o
    0x00203230   0x00203230   0x00000020   Code   RO         7325    i.HAL_RCC_GetPCLK2Freq  stm32f7xx_hal_rcc.o
    0x00203250   0x00203250   0x00000074   Code   RO         7326    i.HAL_RCC_GetSysClockFreq  stm32f7xx_hal_rcc.o
    0x002032c4   0x002032c4   0x000003c4   Code   RO         7329    i.HAL_RCC_OscConfig  stm32f7xx_hal_rcc.o
    0x00203688   0x00203688   0x000000ca   Code   RO         5210    i.HAL_RTC_Init      stm32f7xx_hal_rtc.o
    0x00203752   0x00203752   0x00000002   PAD
    0x00203754   0x00203754   0x00000020   Code   RO          924    i.HAL_RTC_MspInit   rtc.o
    0x00203774   0x00203774   0x00000126   Code   RO         5216    i.HAL_RTC_SetDate   stm32f7xx_hal_rtc.o
    0x0020389a   0x0020389a   0x00000002   PAD
    0x0020389c   0x0020389c   0x0000014c   Code   RO         5217    i.HAL_RTC_SetTime   stm32f7xx_hal_rtc.o
    0x002039e8   0x002039e8   0x00000008   Code   RO          500    i.HAL_SD_AbortCallback  bsp_driver_sd.o
    0x002039f0   0x002039f0   0x0000011a   Code   RO         5830    i.HAL_SD_ConfigWideBusOperation  stm32f7xx_hal_sd.o
    0x00203b0a   0x00203b0a   0x00000002   Code   RO         5833    i.HAL_SD_ErrorCallback  stm32f7xx_hal_sd.o
    0x00203b0c   0x00203b0c   0x00000206   Code   RO         5835    i.HAL_SD_GetCardCSD  stm32f7xx_hal_sd.o
    0x00203d12   0x00203d12   0x00000024   Code   RO         5836    i.HAL_SD_GetCardInfo  stm32f7xx_hal_sd.o
    0x00203d36   0x00203d36   0x0000002c   Code   RO         5837    i.HAL_SD_GetCardState  stm32f7xx_hal_sd.o
    0x00203d62   0x00203d62   0x00000002   PAD
    0x00203d64   0x00203d64   0x0000024c   Code   RO         5841    i.HAL_SD_IRQHandler  stm32f7xx_hal_sd.o
    0x00203fb0   0x00203fb0   0x00000036   Code   RO         5842    i.HAL_SD_Init       stm32f7xx_hal_sd.o
    0x00203fe6   0x00203fe6   0x000001d0   Code   RO         5843    i.HAL_SD_InitCard   stm32f7xx_hal_sd.o
    0x002041b6   0x002041b6   0x00000002   PAD
    0x002041b8   0x002041b8   0x0000016c   Code   RO          966    i.HAL_SD_MspInit    sdmmc.o
    0x00204324   0x00204324   0x00000108   Code   RO         5847    i.HAL_SD_ReadBlocks_DMA  stm32f7xx_hal_sd.o
    0x0020442c   0x0020442c   0x00000008   Code   RO          501    i.HAL_SD_RxCpltCallback  bsp_driver_sd.o
    0x00204434   0x00204434   0x00000008   Code   RO          502    i.HAL_SD_TxCpltCallback  bsp_driver_sd.o
    0x0020443c   0x0020443c   0x00000108   Code   RO         5852    i.HAL_SD_WriteBlocks_DMA  stm32f7xx_hal_sd.o
    0x00204544   0x00204544   0x00000002   Code   RO         6677    i.HAL_TIMEx_Break2Callback  stm32f7xx_hal_tim_ex.o
    0x00204546   0x00204546   0x00000002   Code   RO         6678    i.HAL_TIMEx_BreakCallback  stm32f7xx_hal_tim_ex.o
    0x00204548   0x00204548   0x00000002   Code   RO         6679    i.HAL_TIMEx_CommutCallback  stm32f7xx_hal_tim_ex.o
    0x0020454a   0x0020454a   0x00000064   Code   RO         6698    i.HAL_TIMEx_MasterConfigSynchronization  stm32f7xx_hal_tim_ex.o
    0x002045ae   0x002045ae   0x00000036   Code   RO         6039    i.HAL_TIM_Base_Init  stm32f7xx_hal_tim.o
    0x002045e4   0x002045e4   0x00000098   Code   RO         1008    i.HAL_TIM_Base_MspInit  tim.o
    0x0020467c   0x0020467c   0x00000030   Code   RO         6044    i.HAL_TIM_Base_Start_IT  stm32f7xx_hal_tim.o
    0x002046ac   0x002046ac   0x00000190   Code   RO         6048    i.HAL_TIM_ConfigClockSource  stm32f7xx_hal_tim.o
    0x0020483c   0x0020483c   0x00000002   Code   RO         6068    i.HAL_TIM_IC_CaptureCallback  stm32f7xx_hal_tim.o
    0x0020483e   0x0020483e   0x00000188   Code   RO         6082    i.HAL_TIM_IRQHandler  stm32f7xx_hal_tim.o
    0x002049c6   0x002049c6   0x00000002   Code   RO         6085    i.HAL_TIM_OC_DelayElapsedCallback  stm32f7xx_hal_tim.o
    0x002049c8   0x002049c8   0x00000002   Code   RO         6112    i.HAL_TIM_PWM_PulseFinishedCallback  stm32f7xx_hal_tim.o
    0x002049ca   0x002049ca   0x00000002   PAD
    0x002049cc   0x002049cc   0x00000058   Code   RO            5    i.HAL_TIM_PeriodElapsedCallback  main.o
    0x00204a24   0x00204a24   0x00000002   Code   RO         6125    i.HAL_TIM_TriggerCallback  stm32f7xx_hal_tim.o
    0x00204a26   0x00204a26   0x00000002   Code   RO         6963    i.HAL_UART_ErrorCallback  stm32f7xx_hal_uart.o
    0x00204a28   0x00204a28   0x00000184   Code   RO         6966    i.HAL_UART_IRQHandler  stm32f7xx_hal_uart.o
    0x00204bac   0x00204bac   0x0000006a   Code   RO         6967    i.HAL_UART_Init     stm32f7xx_hal_uart.o
    0x00204c16   0x00204c16   0x00000002   PAD
    0x00204c18   0x00204c18   0x0000017c   Code   RO         1062    i.HAL_UART_MspInit  usart.o
    0x00204d94   0x00204d94   0x00000002   Code   RO         6978    i.HAL_UART_TxCpltCallback  stm32f7xx_hal_uart.o
    0x00204d96   0x00204d96   0x00000002   Code   RO         1375    i.HardFault_Handler  stm32f7xx_it.o
    0x00204d98   0x00204d98   0x0000000c   Code   RO         1376    i.I2C4_ER_IRQHandler  stm32f7xx_it.o
    0x00204da4   0x00204da4   0x0000000c   Code   RO         1377    i.I2C4_EV_IRQHandler  stm32f7xx_it.o
    0x00204db0   0x00204db0   0x00000028   Code   RO         4792    i.I2C_DMAAbort      stm32f7xx_hal_i2c.o
    0x00204dd8   0x00204dd8   0x00000062   Code   RO         4798    i.I2C_Disable_IRQ   stm32f7xx_hal_i2c.o
    0x00204e3a   0x00204e3a   0x00000002   PAD
    0x00204e3c   0x00204e3c   0x000000f4   Code   RO         4800    i.I2C_ITError       stm32f7xx_hal_i2c.o
    0x00204f30   0x00204f30   0x00000168   Code   RO         4802    i.I2C_ITSlaveCplt   stm32f7xx_hal_i2c.o
    0x00205098   0x00205098   0x00000056   Code   RO         4803    i.I2C_ITSlaveSeqCplt  stm32f7xx_hal_i2c.o
    0x002050ee   0x002050ee   0x00000002   PAD
    0x002050f0   0x002050f0   0x00000264   Code   RO         4809    i.I2C_Slave_ISR_IT  stm32f7xx_hal_i2c.o
    0x00205354   0x00205354   0x0000010c   Code   RO          360    i.MX_ADC1_Init      adc.o
    0x00205460   0x00205460   0x0000009c   Code   RO          361    i.MX_ADC2_Init      adc.o
    0x002054fc   0x002054fc   0x00000048   Code   RO          423    i.MX_CAN1_Init      can.o
    0x00205544   0x00205544   0x0000007c   Code   RO          463    i.MX_DMA_Init       dma.o
    0x002055c0   0x002055c0   0x00000018   Code   RO         1336    i.MX_DriverVbusHS   usbh_platform.o
    0x002055d8   0x002055d8   0x0000002c   Code   RO          702    i.MX_FATFS_Init     fatfs.o
    0x00205604   0x00205604   0x00000080   Code   RO          822    i.MX_FREERTOS_Init  freertos.o
    0x00205684   0x00205684   0x0000016c   Code   RO          329    i.MX_GPIO_Init      gpio.o
    0x002057f0   0x002057f0   0x00000060   Code   RO          883    i.MX_I2C4_Init      i2c.o
    0x00205850   0x00205850   0x00000088   Code   RO          925    i.MX_RTC_Init       rtc.o
    0x002058d8   0x002058d8   0x00000024   Code   RO          967    i.MX_SDMMC1_SD_Init  sdmmc.o
    0x002058fc   0x002058fc   0x00000070   Code   RO         1009    i.MX_TIM5_Init      tim.o
    0x0020596c   0x0020596c   0x00000050   Code   RO         1010    i.MX_TIM6_Init      tim.o
    0x002059bc   0x002059bc   0x00000050   Code   RO         1011    i.MX_TIM7_Init      tim.o
    0x00205a0c   0x00205a0c   0x00000050   Code   RO         1063    i.MX_USART1_UART_Init  usart.o
    0x00205a5c   0x00205a5c   0x0000004c   Code   RO         1064    i.MX_USART2_UART_Init  usart.o
    0x00205aa8   0x00205aa8   0x00000044   Code   RO         1109    i.MX_USB_HOST_Init  usb_host.o
    0x00205aec   0x00205aec   0x00000002   Code   RO         1378    i.MemManage_Handler  stm32f7xx_it.o
    0x00205aee   0x00205aee   0x00000002   Code   RO         1379    i.NMI_Handler       stm32f7xx_it.o
    0x00205af0   0x00205af0   0x0000000c   Code   RO         1380    i.OTG_HS_EP1_IN_IRQHandler  stm32f7xx_it.o
    0x00205afc   0x00205afc   0x0000000c   Code   RO         1381    i.OTG_HS_EP1_OUT_IRQHandler  stm32f7xx_it.o
    0x00205b08   0x00205b08   0x0000000c   Code   RO         1382    i.OTG_HS_IRQHandler  stm32f7xx_it.o
    0x00205b14   0x00205b14   0x00000032   Code   RO         5220    i.RTC_ByteToBcd2    stm32f7xx_hal_rtc.o
    0x00205b46   0x00205b46   0x00000002   PAD
    0x00205b48   0x00205b48   0x0000000c   Code   RO         1383    i.SDMMC1_IRQHandler  stm32f7xx_it.o
    0x00205b54   0x00205b54   0x0000001a   Code   RO         5578    i.SDMMC_CmdAppCommand  stm32f7xx_ll_sdmmc.o
    0x00205b6e   0x00205b6e   0x00000002   PAD
    0x00205b70   0x00205b70   0x0000005c   Code   RO         5579    i.SDMMC_CmdAppOperCommand  stm32f7xx_ll_sdmmc.o
    0x00205bcc   0x00205bcc   0x00000018   Code   RO         5580    i.SDMMC_CmdBlockLength  stm32f7xx_ll_sdmmc.o
    0x00205be4   0x00205be4   0x0000001a   Code   RO         5581    i.SDMMC_CmdBusWidth  stm32f7xx_ll_sdmmc.o
    0x00205bfe   0x00205bfe   0x00000002   PAD
    0x00205c00   0x00205c00   0x00000044   Code   RO         5585    i.SDMMC_CmdGoIdleState  stm32f7xx_ll_sdmmc.o
    0x00205c44   0x00205c44   0x0000006c   Code   RO         5587    i.SDMMC_CmdOperCond  stm32f7xx_ll_sdmmc.o
    0x00205cb0   0x00205cb0   0x0000001a   Code   RO         5588    i.SDMMC_CmdReadMultiBlock  stm32f7xx_ll_sdmmc.o
    0x00205cca   0x00205cca   0x0000001a   Code   RO         5589    i.SDMMC_CmdReadSingleBlock  stm32f7xx_ll_sdmmc.o
    0x00205ce4   0x00205ce4   0x0000001a   Code   RO         5592    i.SDMMC_CmdSelDesel  stm32f7xx_ll_sdmmc.o
    0x00205cfe   0x00205cfe   0x00000002   PAD
    0x00205d00   0x00205d00   0x00000068   Code   RO         5593    i.SDMMC_CmdSendCID  stm32f7xx_ll_sdmmc.o
    0x00205d68   0x00205d68   0x00000064   Code   RO         5594    i.SDMMC_CmdSendCSD  stm32f7xx_ll_sdmmc.o
    0x00205dcc   0x00205dcc   0x0000001c   Code   RO         5595    i.SDMMC_CmdSendSCR  stm32f7xx_ll_sdmmc.o
    0x00205de8   0x00205de8   0x0000001a   Code   RO         5596    i.SDMMC_CmdSendStatus  stm32f7xx_ll_sdmmc.o
    0x00205e02   0x00205e02   0x00000002   PAD
    0x00205e04   0x00205e04   0x000000ac   Code   RO         5597    i.SDMMC_CmdSetRelAdd  stm32f7xx_ll_sdmmc.o
    0x00205eb0   0x00205eb0   0x00000020   Code   RO         5599    i.SDMMC_CmdStopTransfer  stm32f7xx_ll_sdmmc.o
    0x00205ed0   0x00205ed0   0x0000001a   Code   RO         5601    i.SDMMC_CmdWriteMultiBlock  stm32f7xx_ll_sdmmc.o
    0x00205eea   0x00205eea   0x00000018   Code   RO         5602    i.SDMMC_CmdWriteSingleBlock  stm32f7xx_ll_sdmmc.o
    0x00205f02   0x00205f02   0x0000002e   Code   RO         5603    i.SDMMC_ConfigData  stm32f7xx_ll_sdmmc.o
    0x00205f30   0x00205f30   0x00000178   Code   RO         5604    i.SDMMC_GetCmdResp1  stm32f7xx_ll_sdmmc.o
    0x002060a8   0x002060a8   0x00000008   Code   RO         5608    i.SDMMC_GetPowerState  stm32f7xx_ll_sdmmc.o
    0x002060b0   0x002060b0   0x0000000e   Code   RO         5609    i.SDMMC_GetResponse  stm32f7xx_ll_sdmmc.o
    0x002060be   0x002060be   0x0000002a   Code   RO         5610    i.SDMMC_Init        stm32f7xx_ll_sdmmc.o
    0x002060e8   0x002060e8   0x00000008   Code   RO         5612    i.SDMMC_PowerState_ON  stm32f7xx_ll_sdmmc.o
    0x002060f0   0x002060f0   0x00000006   Code   RO         5613    i.SDMMC_ReadFIFO    stm32f7xx_ll_sdmmc.o
    0x002060f6   0x002060f6   0x0000000a   Code   RO         5616    i.SDMMC_WriteFIFO   stm32f7xx_ll_sdmmc.o
    0x00206100   0x00206100   0x00000060   Code   RO         5854    i.SD_DMAError       stm32f7xx_hal_sd.o
    0x00206160   0x00206160   0x0000003e   Code   RO         5855    i.SD_DMAReceiveCplt  stm32f7xx_hal_sd.o
    0x0020619e   0x0020619e   0x0000004c   Code   RO         5856    i.SD_DMARxAbort     stm32f7xx_hal_sd.o
    0x002061ea   0x002061ea   0x0000000e   Code   RO         5857    i.SD_DMATransmitCplt  stm32f7xx_hal_sd.o
    0x002061f8   0x002061f8   0x0000004c   Code   RO         5858    i.SD_DMATxAbort     stm32f7xx_hal_sd.o
    0x00206244   0x00206244   0x00000118   Code   RO         5859    i.SD_FindSCR        stm32f7xx_hal_sd.o
    0x0020635c   0x0020635c   0x00000058   Code   RO          603    i.SD_initialize     sd_diskio.o
    0x002063b4   0x002063b4   0x00000064   Code   RO          604    i.SD_ioctl          sd_diskio.o
    0x00206418   0x00206418   0x000000d0   Code   RO          605    i.SD_read           sd_diskio.o
    0x002064e8   0x002064e8   0x00000020   Code   RO          606    i.SD_status         sd_diskio.o
    0x00206508   0x00206508   0x000000f4   Code   RO          607    i.SD_write          sd_diskio.o
    0x002065fc   0x002065fc   0x00000030   Code   RO         2757    i.SysTick_Handler   port.o
    0x0020662c   0x0020662c   0x000001c0   Code   RO            6    i.SystemClock_Config  main.o
    0x002067ec   0x002067ec   0x00000060   Code   RO         8310    i.SystemInit        system_stm32f7xx.o
    0x0020684c   0x0020684c   0x0000000c   Code   RO         1384    i.TIM1_UP_TIM10_IRQHandler  stm32f7xx_it.o
    0x00206858   0x00206858   0x0000000c   Code   RO         1385    i.TIM5_IRQHandler   stm32f7xx_it.o
    0x00206864   0x00206864   0x0000000c   Code   RO         1386    i.TIM6_DAC_IRQHandler  stm32f7xx_it.o
    0x00206870   0x00206870   0x0000000c   Code   RO         1387    i.TIM7_IRQHandler   stm32f7xx_it.o
    0x0020687c   0x0020687c   0x000000cc   Code   RO         6127    i.TIM_Base_SetConfig  stm32f7xx_hal_tim.o
    0x00206948   0x00206948   0x000000da   Code   RO         6980    i.UART_AdvFeatureConfig  stm32f7xx_hal_uart.o
    0x00206a22   0x00206a22   0x00000040   Code   RO         6981    i.UART_CheckIdleState  stm32f7xx_hal_uart.o
    0x00206a62   0x00206a62   0x00000014   Code   RO         6982    i.UART_DMAAbortOnError  stm32f7xx_hal_uart.o
    0x00206a76   0x00206a76   0x00000002   PAD
    0x00206a78   0x00206a78   0x000002bc   Code   RO         6994    i.UART_SetConfig    stm32f7xx_hal_uart.o
    0x00206d34   0x00206d34   0x00000072   Code   RO         6997    i.UART_WaitOnFlagUntilTimeout  stm32f7xx_hal_uart.o
    0x00206da6   0x00206da6   0x00000002   PAD
    0x00206da8   0x00206da8   0x0000000c   Code   RO         1388    i.USART1_IRQHandler  stm32f7xx_it.o
    0x00206db4   0x00206db4   0x0000000c   Code   RO         1389    i.USART2_IRQHandler  stm32f7xx_it.o
    0x00206dc0   0x00206dc0   0x0000003e   Code   RO         3435    i.USBH_AllocPipe    usbh_pipes.o
    0x00206dfe   0x00206dfe   0x00000026   Code   RO         3363    i.USBH_BulkReceiveData  usbh_ioreq.o
    0x00206e24   0x00206e24   0x00000030   Code   RO         3364    i.USBH_BulkSendData  usbh_ioreq.o
    0x00206e54   0x00206e54   0x0000000a   Code   RO         3436    i.USBH_ClosePipe    usbh_pipes.o
    0x00206e5e   0x00206e5e   0x00000022   Code   RO         3280    i.USBH_ClrFeature   usbh_ctlreq.o
    0x00206e80   0x00206e80   0x00000026   Code   RO         3365    i.USBH_CtlReceiveData  usbh_ioreq.o
    0x00206ea6   0x00206ea6   0x00000256   Code   RO         3281    i.USBH_CtlReq       usbh_ctlreq.o
    0x002070fc   0x002070fc   0x00000030   Code   RO         3366    i.USBH_CtlSendData  usbh_ioreq.o
    0x0020712c   0x0020712c   0x00000022   Code   RO         3367    i.USBH_CtlSendSetup  usbh_ioreq.o
    0x0020714e   0x0020714e   0x00000004   Code   RO         1157    i.USBH_Delay        usbh_conf.o
    0x00207152   0x00207152   0x00000050   Code   RO         3135    i.USBH_FindInterface  usbh_core.o
    0x002071a2   0x002071a2   0x00000018   Code   RO         3437    i.USBH_FreePipe     usbh_pipes.o
    0x002071ba   0x002071ba   0x00000002   PAD
    0x002071bc   0x002071bc   0x0000015e   Code   RO         3284    i.USBH_Get_CfgDesc  usbh_ctlreq.o
    0x0020731a   0x0020731a   0x000000b8   Code   RO         3285    i.USBH_Get_DevDesc  usbh_ctlreq.o
    0x002073d2   0x002073d2   0x00000002   PAD
    0x002073d4   0x002073d4   0x00000090   Code   RO         3286    i.USBH_Get_StringDesc  usbh_ctlreq.o
    0x00207464   0x00207464   0x0000009c   Code   RO         3138    i.USBH_Init         usbh_core.o
    0x00207500   0x00207500   0x00000024   Code   RO         1159    i.USBH_LL_ClosePipe  usbh_conf.o
    0x00207524   0x00207524   0x0000003c   Code   RO         3140    i.USBH_LL_Connect   usbh_core.o
    0x00207560   0x00207560   0x00000048   Code   RO         3141    i.USBH_LL_Disconnect  usbh_core.o
    0x002075a8   0x002075a8   0x0000001a   Code   RO         1161    i.USBH_LL_DriverVBUS  usbh_conf.o
    0x002075c2   0x002075c2   0x00000008   Code   RO         1162    i.USBH_LL_GetLastXferSize  usbh_conf.o
    0x002075ca   0x002075ca   0x00000020   Code   RO         1163    i.USBH_LL_GetSpeed  usbh_conf.o
    0x002075ea   0x002075ea   0x0000001e   Code   RO         1164    i.USBH_LL_GetToggle  usbh_conf.o
    0x00207608   0x00207608   0x00000008   Code   RO         1165    i.USBH_LL_GetURBState  usbh_conf.o
    0x00207610   0x00207610   0x00000020   Code   RO         3142    i.USBH_LL_IncTimer  usbh_core.o
    0x00207630   0x00207630   0x0000005c   Code   RO         1166    i.USBH_LL_Init      usbh_conf.o
    0x0020768c   0x0020768c   0x00000016   Code   RO         3143    i.USBH_LL_NotifyURBChange  usbh_core.o
    0x002076a2   0x002076a2   0x0000003c   Code   RO         1167    i.USBH_LL_OpenPipe  usbh_conf.o
    0x002076de   0x002076de   0x00000008   Code   RO         3144    i.USBH_LL_PortDisabled  usbh_core.o
    0x002076e6   0x002076e6   0x00000008   Code   RO         3145    i.USBH_LL_PortEnabled  usbh_core.o
    0x002076ee   0x002076ee   0x00000024   Code   RO         1168    i.USBH_LL_ResetPort  usbh_conf.o
    0x00207712   0x00207712   0x00000006   Code   RO         3146    i.USBH_LL_SetTimer  usbh_core.o
    0x00207718   0x00207718   0x00000020   Code   RO         1169    i.USBH_LL_SetToggle  usbh_conf.o
    0x00207738   0x00207738   0x00000024   Code   RO         1170    i.USBH_LL_Start     usbh_conf.o
    0x0020775c   0x0020775c   0x00000024   Code   RO         1171    i.USBH_LL_Stop      usbh_conf.o
    0x00207780   0x00207780   0x00000038   Code   RO         1172    i.USBH_LL_SubmitURB  usbh_conf.o
    0x002077b8   0x002077b8   0x00000024   Code   RO         3563    i.USBH_MSC_BOT_Init  usbh_msc_bot.o
    0x002077dc   0x002077dc   0x00000298   Code   RO         3564    i.USBH_MSC_BOT_Process  usbh_msc_bot.o
    0x00207a74   0x00207a74   0x00000020   Code   RO         3565    i.USBH_MSC_BOT_REQ_GetMaxLUN  usbh_msc_bot.o
    0x00207a94   0x00207a94   0x00000084   Code   RO         3477    i.USBH_MSC_ClassRequest  usbh_msc.o
    0x00207b18   0x00207b18   0x0000004a   Code   RO         3478    i.USBH_MSC_GetLUNInfo  usbh_msc.o
    0x00207b62   0x00207b62   0x0000004a   Code   RO         3480    i.USBH_MSC_InterfaceDeInit  usbh_msc.o
    0x00207bac   0x00207bac   0x00000154   Code   RO         3481    i.USBH_MSC_InterfaceInit  usbh_msc.o
    0x00207d00   0x00207d00   0x000002ca   Code   RO         3483    i.USBH_MSC_Process  usbh_msc.o
    0x00207fca   0x00207fca   0x000001ce   Code   RO         3484    i.USBH_MSC_Read     usbh_msc.o
    0x00208198   0x00208198   0x000000de   Code   RO         3605    i.USBH_MSC_SCSI_Inquiry  usbh_msc_scsi.o
    0x00208276   0x00208276   0x0000009c   Code   RO         3606    i.USBH_MSC_SCSI_Read  usbh_msc_scsi.o
    0x00208312   0x00208312   0x0000009a   Code   RO         3607    i.USBH_MSC_SCSI_ReadCapacity  usbh_msc_scsi.o
    0x002083ac   0x002083ac   0x000000a8   Code   RO         3608    i.USBH_MSC_SCSI_RequestSense  usbh_msc_scsi.o
    0x00208454   0x00208454   0x0000005c   Code   RO         3609    i.USBH_MSC_SCSI_TestUnitReady  usbh_msc_scsi.o
    0x002084b0   0x002084b0   0x0000009a   Code   RO         3610    i.USBH_MSC_SCSI_Write  usbh_msc_scsi.o
    0x0020854a   0x0020854a   0x00000004   Code   RO         3485    i.USBH_MSC_SOFProcess  usbh_msc.o
    0x0020854e   0x0020854e   0x00000028   Code   RO         3486    i.USBH_MSC_UnitIsReady  usbh_msc.o
    0x00208576   0x00208576   0x000001ce   Code   RO         3487    i.USBH_MSC_Write    usbh_msc.o
    0x00208744   0x00208744   0x0000001c   Code   RO         3438    i.USBH_OpenPipe     usbh_pipes.o
    0x00208760   0x00208760   0x000003b8   Code   RO         3147    i.USBH_Process      usbh_core.o
    0x00208b18   0x00208b18   0x00000020   Code   RO         3148    i.USBH_Process_OS   usbh_core.o
    0x00208b38   0x00208b38   0x0000001e   Code   RO         3150    i.USBH_RegisterClass  usbh_core.o
    0x00208b56   0x00208b56   0x00000014   Code   RO         3151    i.USBH_SelectInterface  usbh_core.o
    0x00208b6a   0x00208b6a   0x0000001c   Code   RO         3287    i.USBH_SetAddress   usbh_ctlreq.o
    0x00208b86   0x00208b86   0x0000001c   Code   RO         3288    i.USBH_SetCfg       usbh_ctlreq.o
    0x00208ba2   0x00208ba2   0x0000001c   Code   RO         3289    i.USBH_SetFeature   usbh_ctlreq.o
    0x00208bbe   0x00208bbe   0x00000014   Code   RO         3152    i.USBH_Start        usbh_core.o
    0x00208bd2   0x00208bd2   0x00000002   PAD
    0x00208bd4   0x00208bd4   0x00000028   Code   RO         1110    i.USBH_UserProcess  usb_host.o
    0x00208bfc   0x00208bfc   0x00000004   Code   RO          766    i.USBH_initialize   usbh_diskio.o
    0x00208c00   0x00208c00   0x00000074   Code   RO          767    i.USBH_ioctl        usbh_diskio.o
    0x00208c74   0x00208c74   0x00000090   Code   RO          768    i.USBH_read         usbh_diskio.o
    0x00208d04   0x00208d04   0x0000001c   Code   RO          769    i.USBH_status       usbh_diskio.o
    0x00208d20   0x00208d20   0x000000a0   Code   RO          770    i.USBH_write        usbh_diskio.o
    0x00208dc0   0x00208dc0   0x000000d0   Code   RO         3820    i.USB_CoreInit      stm32f7xx_ll_usb.o
    0x00208e90   0x00208e90   0x0000000c   Code   RO         3827    i.USB_DisableGlobalInt  stm32f7xx_ll_usb.o
    0x00208e9c   0x00208e9c   0x00000036   Code   RO         3829    i.USB_DriveVbus     stm32f7xx_ll_usb.o
    0x00208ed2   0x00208ed2   0x0000000c   Code   RO         3835    i.USB_EnableGlobalInt  stm32f7xx_ll_usb.o
    0x00208ede   0x00208ede   0x00000008   Code   RO         3838    i.USB_GetCurrentFrame  stm32f7xx_ll_usb.o
    0x00208ee6   0x00208ee6   0x00000010   Code   RO         3840    i.USB_GetHostSpeed  stm32f7xx_ll_usb.o
    0x00208ef6   0x00208ef6   0x00000008   Code   RO         3841    i.USB_GetMode       stm32f7xx_ll_usb.o
    0x00208efe   0x00208efe   0x000000c2   Code   RO         3842    i.USB_HC_Halt       stm32f7xx_ll_usb.o
    0x00208fc0   0x00208fc0   0x00000108   Code   RO         3843    i.USB_HC_Init       stm32f7xx_ll_usb.o
    0x002090c8   0x002090c8   0x00000008   Code   RO         3844    i.USB_HC_ReadInterrupt  stm32f7xx_ll_usb.o
    0x002090d0   0x002090d0   0x000001c8   Code   RO         3845    i.USB_HC_StartXfer  stm32f7xx_ll_usb.o
    0x00209298   0x00209298   0x0000011c   Code   RO         3846    i.USB_HostInit      stm32f7xx_ll_usb.o
    0x002093b4   0x002093b4   0x00000038   Code   RO         3847    i.USB_InitFSLSPClkSel  stm32f7xx_ll_usb.o
    0x002093ec   0x002093ec   0x00000008   Code   RO         3852    i.USB_ReadInterrupts  stm32f7xx_ll_usb.o
    0x002093f4   0x002093f4   0x00000040   Code   RO         3853    i.USB_ReadPacket    stm32f7xx_ll_usb.o
    0x00209434   0x00209434   0x00000030   Code   RO         3854    i.USB_ResetPort     stm32f7xx_ll_usb.o
    0x00209464   0x00209464   0x00000030   Code   RO         3855    i.USB_SetCurrentMode  stm32f7xx_ll_usb.o
    0x00209494   0x00209494   0x000000ac   Code   RO         3860    i.USB_StopHost      stm32f7xx_ll_usb.o
    0x00209540   0x00209540   0x00000002   Code   RO         1390    i.UsageFault_Handler  stm32f7xx_it.o
    0x00209542   0x00209542   0x00000002   PAD
    0x00209544   0x00209544   0x00000024   Code   RO         1661    i._12vSenseConversion  data_conversion.o
    0x00209568   0x00209568   0x00000024   Code   RO         1649    i._3v3SenseConversion  data_conversion.o
    0x0020958c   0x0020958c   0x00000024   Code   RO         1655    i._5vSenseConversion  data_conversion.o
    0x002095b0   0x002095b0   0x0000000e   Code   RO         8409    i.__scatterload_copy  mc_w.l(handlers.o)
    0x002095be   0x002095be   0x00000002   Code   RO         8410    i.__scatterload_null  mc_w.l(handlers.o)
    0x002095c0   0x002095c0   0x0000000e   Code   RO         8411    i.__scatterload_zeroinit  mc_w.l(handlers.o)
    0x002095ce   0x002095ce   0x00000002   PAD
    0x002095d0   0x002095d0   0x00000094   Code   RO          823    i.adc1ConversionTask  freertos.o
    0x00209664   0x00209664   0x00000048   Code   RO          824    i.adc2ConversionTask  freertos.o
    0x002096ac   0x002096ac   0x00000048   Code   RO          362    i.adcBuffersInit    adc.o
    0x002096f4   0x002096f4   0x00000020   Code   RO          825    i.aliveTask         freertos.o
    0x00209714   0x00209714   0x00000024   Code   RO         1679    i.analogAux1Conversion  data_conversion.o
    0x00209738   0x00209738   0x00000024   Code   RO         1685    i.analogAux2Conversion  data_conversion.o
    0x0020975c   0x0020975c   0x00000024   Code   RO         1691    i.analogAux3Conversion  data_conversion.o
    0x00209780   0x00209780   0x00000038   Code   RO         1637    i.dcuCurrentSenseConversion  data_conversion.o
    0x002097b8   0x002097b8   0x00000040   Code   RO         1667    i.dcuTempSenseConversion  data_conversion.o
    0x002097f8   0x002097f8   0x00000050   Code   RO         8357    i.free              mc_w.l(malloc.o)
    0x00209848   0x00209848   0x0000012c   Code   RO            7    i.main              main.o
    0x00209974   0x00209974   0x00000038   Code   RO         1631    i.mainCurrentSenseConversion  data_conversion.o
    0x002099ac   0x002099ac   0x0000006c   Code   RO         8358    i.malloc            mc_w.l(malloc.o)
    0x00209a18   0x00209a18   0x00000010   Code   RO         2357    i.osKernelRunning   cmsis_os.o
    0x00209a28   0x00209a28   0x0000000a   Code   RO         2358    i.osKernelStart     cmsis_os.o
    0x00209a32   0x00209a32   0x0000000e   Code   RO         2359    i.osKernelSysTick   cmsis_os.o
    0x00209a40   0x00209a40   0x0000000a   Code   RO         2367    i.osMessageCreate   cmsis_os.o
    0x00209a4a   0x00209a4a   0x00000002   PAD
    0x00209a4c   0x00209a4c   0x0000009c   Code   RO         2369    i.osMessageGet      cmsis_os.o
    0x00209ae8   0x00209ae8   0x00000058   Code   RO         2371    i.osMessagePut      cmsis_os.o
    0x00209b40   0x00209b40   0x00000026   Code   RO         2384    i.osSemaphoreCreate  cmsis_os.o
    0x00209b66   0x00209b66   0x00000034   Code   RO         2392    i.osThreadCreate    cmsis_os.o
    0x00209b9a   0x00209b9a   0x00000002   PAD
    0x00209b9c   0x00209b9c   0x00000074   Code   RO         2080    i.prvAddCurrentTaskToDelayedList  tasks.o
    0x00209c10   0x00209c10   0x00000064   Code   RO         2081    i.prvIdleTask       tasks.o
    0x00209c74   0x00209c74   0x00000030   Code   RO         2758    i.prvTaskExitError  port.o
    0x00209ca4   0x00209ca4   0x0000006c   Code   RO         1839    i.prvUnlockQueue    queue.o
    0x00209d10   0x00209d10   0x000001a8   Code   RO         2705    i.pvPortMalloc      heap_4.o
    0x00209eb8   0x00209eb8   0x00000018   Code   RO         2082    i.pvTaskIncrementMutexHeldCount  tasks.o
    0x00209ed0   0x00209ed0   0x00000030   Code   RO         2759    i.pxPortInitialiseStack  port.o
    0x00209f00   0x00209f00   0x00000026   Code   RO         1799    i.uxListRemove      list.o
    0x00209f26   0x00209f26   0x00000016   Code   RO         1800    i.vListInitialise   list.o
    0x00209f3c   0x00209f3c   0x00000006   Code   RO         1801    i.vListInitialiseItem  list.o
    0x00209f42   0x00209f42   0x0000003c   Code   RO         1802    i.vListInsert       list.o
    0x00209f7e   0x00209f7e   0x00000018   Code   RO         1803    i.vListInsertEnd    list.o
    0x00209f96   0x00209f96   0x00000002   PAD
    0x00209f98   0x00209f98   0x00000048   Code   RO         2761    i.vPortEnterCritical  port.o
    0x00209fe0   0x00209fe0   0x00000030   Code   RO         2762    i.vPortExitCritical  port.o
    0x0020a010   0x0020a010   0x000000ac   Code   RO         2706    i.vPortFree         heap_4.o
    0x0020a0bc   0x0020a0bc   0x0000005c   Code   RO         2764    i.vPortValidateInterruptPriority  port.o
    0x0020a118   0x0020a118   0x00000050   Code   RO         2088    i.vTaskDelay        tasks.o
    0x0020a168   0x0020a168   0x00000010   Code   RO         2092    i.vTaskInternalSetTimeOutState  tasks.o
    0x0020a178   0x0020a178   0x0000000c   Code   RO         2093    i.vTaskMissedYield  tasks.o
    0x0020a184   0x0020a184   0x00000038   Code   RO         2095    i.vTaskPlaceOnEventList  tasks.o
    0x0020a1bc   0x0020a1bc   0x000000c0   Code   RO         2097    i.vTaskPriorityDisinheritAfterTimeout  tasks.o
    0x0020a27c   0x0020a27c   0x00000078   Code   RO         2102    i.vTaskStartScheduler  tasks.o
    0x0020a2f4   0x0020a2f4   0x00000010   Code   RO         2104    i.vTaskSuspendAll   tasks.o
    0x0020a304   0x0020a304   0x00000060   Code   RO         2105    i.vTaskSwitchContext  tasks.o
    0x0020a364   0x0020a364   0x00000018   Code   RO         1673    i.vbatConversion    data_conversion.o
    0x0020a37c   0x0020a37c   0x000000fc   Code   RO         2765    i.xPortStartScheduler  port.o
    0x0020a478   0x0020a478   0x00000086   Code   RO         1847    i.xQueueGenericCreate  queue.o
    0x0020a4fe   0x0020a4fe   0x00000002   PAD
    0x0020a500   0x0020a500   0x000001e4   Code   RO         1849    i.xQueueGenericSend  queue.o
    0x0020a6e4   0x0020a6e4   0x00000128   Code   RO         1850    i.xQueueGenericSendFromISR  queue.o
    0x0020a80c   0x0020a80c   0x000000ae   Code   RO         1851    i.xQueueGiveFromISR  queue.o
    0x0020a8ba   0x0020a8ba   0x00000002   PAD
    0x0020a8bc   0x0020a8bc   0x00000168   Code   RO         1856    i.xQueueReceive     queue.o
    0x0020aa24   0x0020aa24   0x000000bc   Code   RO         1857    i.xQueueReceiveFromISR  queue.o
    0x0020aae0   0x0020aae0   0x000001b0   Code   RO         1858    i.xQueueSemaphoreTake  queue.o
    0x0020ac90   0x0020ac90   0x00000088   Code   RO         2106    i.xTaskCheckForTimeOut  tasks.o
    0x0020ad18   0x0020ad18   0x0000017c   Code   RO         2107    i.xTaskCreate       tasks.o
    0x0020ae94   0x0020ae94   0x0000001c   Code   RO         2111    i.xTaskGetSchedulerState  tasks.o
    0x0020aeb0   0x0020aeb0   0x0000000c   Code   RO         2112    i.xTaskGetTickCount  tasks.o
    0x0020aebc   0x0020aebc   0x00000010   Code   RO         2113    i.xTaskGetTickCountFromISR  tasks.o
    0x0020aecc   0x0020aecc   0x000000f0   Code   RO         2114    i.xTaskIncrementTick  tasks.o
    0x0020afbc   0x0020afbc   0x000000ac   Code   RO         2117    i.xTaskPriorityDisinherit  tasks.o
    0x0020b068   0x0020b068   0x0000009c   Code   RO         2118    i.xTaskPriorityInherit  tasks.o
    0x0020b104   0x0020b104   0x0000007c   Code   RO         2119    i.xTaskRemoveFromEventList  tasks.o
    0x0020b180   0x0020b180   0x000001cc   Code   RO         2120    i.xTaskResumeAll    tasks.o
    0x0020b34c   0x0020b34c   0x00000038   Code   RO         1643    i.xbeeCurrentSenseConversion  data_conversion.o
    0x0020b384   0x0020b384   0x00000014   Data   RO          609    .constdata          sd_diskio.o
    0x0020b398   0x0020b398   0x00000008   Data   RO          610    .constdata          sd_diskio.o
    0x0020b3a0   0x0020b3a0   0x00000014   Data   RO          772    .constdata          usbh_diskio.o
    0x0020b3b4   0x0020b3b4   0x0000003c   Data   RO          826    .constdata          freertos.o
    0x0020b3f0   0x0020b3f0   0x0000001c   Data   RO         3154    .constdata          usbh_core.o
    0x0020b40c   0x0020b40c   0x00000008   Data   RO         7696    .constdata          stm32f7xx_hal_dma.o
    0x0020b414   0x0020b414   0x00000010   Data   RO         8311    .constdata          system_stm32f7xx.o
    0x0020b424   0x0020b424   0x00000008   Data   RO         8312    .constdata          system_stm32f7xx.o
    0x0020b42c   0x0020b42c   0x00000027   Data   RO          827    .conststring        freertos.o
    0x0020b453   0x0020b453   0x00000001   PAD
    0x0020b454   0x0020b454   0x0000000c   Data   RO         3155    .conststring        usbh_core.o
    0x0020b460   0x0020b460   0x00000004   Data   RO         3488    .conststring        usbh_msc.o
    0x0020b464   0x0020b464   0x00000020   Data   RO         8407    Region$$Table       anon$$obj.o


    Execution Region RW_IRAM1 (Exec base: 0x20000000, Load base: 0x0020b484, Size: 0x00007648, Max: 0x00080000, ABSOLUTE)

    Exec Addr    Load Addr    Size         Type   Attr      Idx    E Section Name        Object

    0x20000000   0x0020b484   0x00000008   Data   RW          611    .data               sd_diskio.o
    0x20000008   0x0020b48c   0x0000000a   Data   RW          708    .data               fatfs.o
    0x20000012   0x0020b496   0x00000002   PAD
    0x20000014   0x0020b498   0x00000014   Data   RW          828    .data               freertos.o
    0x20000028   0x0020b4ac   0x00000001   Data   RW         1112    .data               usb_host.o
    0x20000029   0x0020b4ad   0x00000003   PAD
    0x2000002c   0x0020b4b0   0x0000003c   Data   RW         2123    .data               tasks.o
    0x20000068   0x0020b4ec   0x00000018   Data   RW         2711    .data               heap_4.o
    0x20000080   0x0020b504   0x0000000c   Data   RW         2766    .data               port.o
    0x2000008c   0x0020b510   0x00000020   Data   RW         3489    .data               usbh_msc.o
    0x200000ac   0x0020b530   0x00000004   Data   RW         3862    .data               stm32f7xx_ll_usb.o
    0x200000b0   0x0020b534   0x0000000c   Data   RW         8058    .data               stm32f7xx_hal.o
    0x200000bc   0x0020b540   0x00000004   Data   RW         8313    .data               system_stm32f7xx.o
    0x200000c0   0x0020b544   0x00000004   Data   RW         8403    .data               mc_w.l(mvars.o)
    0x200000c4   0x0020b548   0x00000004   Data   RW         8404    .data               mc_w.l(mvars.o)
    0x200000c8        -       0x000001a8   Zero   RW          363    .bss                adc.o
    0x20000270        -       0x00000028   Zero   RW          424    .bss                can.o
    0x20000298        -       0x00000200   Zero   RW          608    .bss                sd_diskio.o
    0x20000498        -       0x00000200   Zero   RW          771    .bss                usbh_diskio.o
    0x20000698        -       0x0000004c   Zero   RW          884    .bss                i2c.o
    0x200006e4        -       0x00000020   Zero   RW          926    .bss                rtc.o
    0x20000704        -       0x00000144   Zero   RW          968    .bss                sdmmc.o
    0x20000848        -       0x000000c0   Zero   RW         1012    .bss                tim.o
    0x20000908        -       0x000001c0   Zero   RW         1065    .bss                usart.o
    0x20000ac8        -       0x000004d8   Zero   RW         1111    .bss                usb_host.o
    0x20000fa0        -       0x000002c4   Zero   RW         1173    .bss                usbh_conf.o
    0x20001264        -       0x00000040   Zero   RW         1595    .bss                stm32f7xx_hal_timebase_tim.o
    0x200012a4        -       0x00000190   Zero   RW         2122    .bss                tasks.o
    0x20001434        -       0x00003c00   Zero   RW         2710    .bss                heap_4.o
    0x20005034        -       0x00000010   Zero   RW         3009    .bss                ff_gen_drv.o
    0x20005044   0x0020b54c   0x00000004   PAD
    0x20005048        -       0x00001200   Zero   RW         1701    HEAP                startup_stm32f767xx.o
    0x20006248        -       0x00001400   Zero   RW         1700    STACK               startup_stm32f767xx.o


==============================================================================

Image component sizes


      Code (inc. data)   RO Data    RW Data    ZI Data      Debug   Object Name

      1028         98          0          0        424       8198   adc.o
       194         26          0          0          0       5429   bsp_driver_sd.o
       252         22          0          0         40       1689   can.o
       384          8          0          0          0      21855   cmsis_os.o
       472        120          0          0          0       6078   data_conversion.o
       124          4          0          0          0        790   dma.o
         0          0          0          0          0       9536   event_groups.o
        44         18          0         10          0       1166   fatfs.o
        28          6          0          0          0        553   fatfs_platform.o
        84          6          0          0         16       1744   ff_gen_drv.o
       380         46         99         20          0       3417   freertos.o
       364         24          0          0          0       1071   gpio.o
       596         22          0         24      15360       6687   heap_4.o
       244         24          0          0         76       1693   i2c.o
       150          0          0          0          0       3594   list.o
       888         94          0          0          0     996957   main.o
       802         76          0         12          0      11537   port.o
      2176         16          0          0          0      15831   queue.o
       168         14          0          0         32       1559   rtc.o
       712         50         28          8        512      21688   sd_diskio.o
       400         44          0          0        324       1922   sdmmc.o
        36          8        504          0       9728        804   startup_stm32f767xx.o
       112         20          0         12          0       8494   stm32f7xx_hal.o
      1832         54          0          0          0       9157   stm32f7xx_hal_adc.o
         2          0          0          0          0       1005   stm32f7xx_hal_adc_ex.o
       890          0          0          0          0      10454   stm32f7xx_hal_can.o
       162         10          0          0          0      37646   stm32f7xx_hal_cortex.o
      1210         18          8          0          0       6533   stm32f7xx_hal_dma.o
       660         24          0          0          0       4936   stm32f7xx_hal_gpio.o
      2422          6          0          0          0      11773   stm32f7xx_hal_hcd.o
      1766         28          0          0          0      14099   stm32f7xx_hal_i2c.o
       196          0          0          0          0       2075   stm32f7xx_hal_i2c_ex.o
        60         10          0          0          0        830   stm32f7xx_hal_msp.o
        16          4          0          0          0        543   stm32f7xx_hal_pwr.o
       124          8          0          0          0       1252   stm32f7xx_hal_pwr_ex.o
      1672        114          0          0          0       6059   stm32f7xx_hal_rcc.o
      1504         36          0          0          0       2272   stm32f7xx_hal_rcc_ex.o
       878          6          0          0          0       4730   stm32f7xx_hal_rtc.o
      3120         26          0          0          0      16711   stm32f7xx_hal_sd.o
      1106         26          0          0          0       9201   stm32f7xx_hal_tim.o
       106          0          0          0          0       3032   stm32f7xx_hal_tim_ex.o
       124         16          0          0         64       1359   stm32f7xx_hal_timebase_tim.o
      1614         42          0          0          0       8128   stm32f7xx_hal_uart.o
       320        142          0          0          0      14351   stm32f7xx_it.o
      1444         44          0          0          0      21472   stm32f7xx_ll_sdmmc.o
      1920         44          0          4          0      16575   stm32f7xx_ll_usb.o
        96         20         24          4          0       1227   system_stm32f7xx.o
      2552        200          0         60        400      23470   tasks.o
       424         36          0          0        192       3024   tim.o
       536         58          0          0        448       2681   usart.o
       108         18          0          1       1240      10927   usb_host.o
       692         16          0          0        708      13641   usbh_conf.o
      1498         26         40          0          0      11742   usbh_core.o
      1394         12          0          0          0       9604   usbh_ctlreq.o
       452         26         20          0        512       4569   usbh_diskio.o
       206          0          0          0          0       4416   usbh_ioreq.o
      2302         10          4         32          0      11425   usbh_msc.o
       732         26          0          0          0       3913   usbh_msc_bot.o
       946          0          0          0          0       6735   usbh_msc_scsi.o
       124          0          0          0          0       3358   usbh_pipes.o
        24          6          0          0          0        514   usbh_platform.o

    ----------------------------------------------------------------------
     44944       1858        760        192      30080    1447731   Object Totals
         0          0         32          0          0          0   (incl. Generated)
        72          0          1          5          4          0   (incl. Padding)

    ----------------------------------------------------------------------

      Code (inc. data)   RO Data    RW Data    ZI Data      Debug   Library Member Name

         0          0          0          0          0          0   entry.o
         0          0          0          0          0          0   entry10a.o
         0          0          0          0          0          0   entry11a.o
         8          4          0          0          0          0   entry2.o
         4          0          0          0          0          0   entry5.o
         0          0          0          0          0          0   entry7b.o
         0          0          0          0          0          0   entry8b.o
         8          4          0          0          0          0   entry9a.o
        30          0          0          0          0          0   handlers.o
        36          8          0          0          0         68   init.o
        30          0          0          0          0         68   llshl.o
        32          0          0          0          0         68   llushr.o
       188         20          0          0          0        160   malloc.o
        36          0          0          0          0         68   memcpya.o
        36          0          0          0          0        108   memseta.o
         0          0          0          8          0          0   mvars.o
        98          0          0          0          0         92   uldiv.o

    ----------------------------------------------------------------------
       508         36          0          8          0        632   Library Totals
         2          0          0          0          0          0   (incl. Padding)

    ----------------------------------------------------------------------

      Code (inc. data)   RO Data    RW Data    ZI Data      Debug   Library Name

       506         36          0          8          0        632   mc_w.l

    ----------------------------------------------------------------------
       508         36          0          8          0        632   Library Totals

    ----------------------------------------------------------------------

==============================================================================


      Code (inc. data)   RO Data    RW Data    ZI Data      Debug   

     45452       1894        760        200      30080    1409807   Grand Totals
     45452       1894        760        200      30080    1409807   ELF Image Totals
     45452       1894        760        200          0          0   ROM Totals

==============================================================================

    Total RO  Size (Code + RO Data)                46212 (  45.13kB)
    Total RW  Size (RW Data + ZI Data)             30280 (  29.57kB)
    Total ROM Size (Code + RO Data + RW Data)      46412 (  45.32kB)

==============================================================================

