<html>
<body>
<pre>
<h1>µVision Build Log</h1>
<h2>Tool Versions:</h2>
IDE-Version: µVision V5.24.2.0
Copyright (C) 2017 ARM Ltd and ARM Germany GmbH. All rights reserved.
License Information: a b, c, LIC=0VR8T-RZN3D-C0UN2-9NBPR-ZIPFD-YJ5KG
 
Tool Versions:
Toolchain:       MDK-ARM Professional  Version: 5.24.1
Toolchain Path:  D:\Programmi secondari\Keil\ARM\ARMCC\Bin
C Compiler:      Armcc.exe V5.06 update 5 (build 528)
Assembler:       Armasm.exe V5.06 update 5 (build 528)
Linker/Locator:  ArmLink.exe V5.06 update 5 (build 528)
Library Manager: ArmAr.exe V5.06 update 5 (build 528)
Hex Converter:   FromElf.exe V5.06 update 5 (build 528)
CPU DLL:         SARMCM3.DLL V5.24.1
Dialog DLL:      DCM.DLL V1.16.0.0
Target DLL:      STLink\ST-LINKIII-KEIL_SWO.dll V3.0.1.0
Dialog DLL:      TCM.DLL V1.32.0.0
 
<h2>Project:</h2>
C:\Users\marco\Documents\STM32\DCU\MDK-ARM\DCU_DP11.uvprojx
Project File Date:  06/17/2019

<h2>Output:</h2>
*** Using Compiler 'V5.06 update 5 (build 528)', folder: 'D:\Programmi secondari\Keil\ARM\ARMCC\Bin'
Build target 'DCU_DP11'
compiling adc.c...
compiling main.c...
compiling string_utility.c...
compiling dma.c...
compiling gpio.c...
compiling data_conversion.c...
compiling data.c...
compiling can.c...
compiling timestamp.c...
compiling telemetry.c...
compiling GPS.c...
compiling fatfs.c...
compiling bsp_driver_sd.c...
compiling sdmmc.c...
compiling fatfs_platform.c...
compiling i2c.c...
compiling sd_diskio.c...
compiling freertos.c...
compiling rtc.c...
assembling startup_stm32f767xx.s...
compiling croutine.c...
compiling usbh_diskio.c...
compiling list.c...
compiling event_groups.c...
compiling tim.c...
compiling queue.c...
compiling stream_buffer.c...
compiling timers.c...
compiling usart.c...
compiling tasks.c...
compiling heap_4.c...
compiling port.c...
compiling cmsis_os.c...
compiling stm32f7xx_hal_msp.c...
compiling usbh_conf.c...
compiling usb_host.c...
compiling usbh_platform.c...
compiling stm32f7xx_hal_timebase_tim.c...
compiling stm32f7xx_it.c...
compiling ff_gen_drv.c...
compiling diskio.c...
compiling ccsbcs.c...
compiling syscall.c...
compiling ff.c...
compiling usbh_core.c...
compiling usbh_ctlreq.c...
compiling usbh_pipes.c...
compiling usbh_ioreq.c...
compiling usbh_msc.c...
compiling usbh_msc_bot.c...
compiling stm32f7xx_hal_hcd.c...
compiling stm32f7xx_hal_cortex.c...
compiling usbh_msc_scsi.c...
compiling stm32f7xx_hal_can.c...
compiling stm32f7xx_ll_usb.c...
compiling stm32f7xx_hal_adc_ex.c...
compiling stm32f7xx_hal_adc.c...
compiling stm32f7xx_hal_i2c_ex.c...
compiling stm32f7xx_hal_rtc.c...
compiling stm32f7xx_hal_i2c.c...
compiling stm32f7xx_hal_rtc_ex.c...
compiling stm32f7xx_hal_uart.c...
compiling stm32f7xx_ll_sdmmc.c...
compiling stm32f7xx_hal_uart_ex.c...
compiling stm32f7xx_hal_sd.c...
compiling stm32f7xx_hal_tim_ex.c...
compiling stm32f7xx_hal_tim.c...
compiling stm32f7xx_hal_rcc.c...
compiling stm32f7xx_hal_rcc_ex.c...
compiling stm32f7xx_hal_flash.c...
compiling stm32f7xx_hal_flash_ex.c...
compiling stm32f7xx_hal_pwr.c...
compiling stm32f7xx_hal_pwr_ex.c...
compiling stm32f7xx_hal_gpio.c...
compiling stm32f7xx_hal_dma.c...
compiling stm32f7xx_hal.c...
compiling stm32f7xx_hal_exti.c...
compiling stm32f7xx_hal_dma_ex.c...
compiling system_stm32f7xx.c...
linking...
Program Size: Code=70464 RO-data=2568 RW-data=2088 ZI-data=91784  
FromELF: creating hex file...
"DCU_DP11\DCU_DP11.axf" - 0 Error(s), 0 Warning(s).

<h2>Software Packages used:</h2>

Package Vendor: ARM
                http://www.keil.com/pack/ARM.CMSIS.5.5.1.pack
                ARM.CMSIS.5.5.1
                CMSIS (Cortex Microcontroller Software Interface Standard)
   * Component: CORE Version: 5.2.0

Package Vendor: Keil
                http://www.keil.com/pack/Keil.STM32F7xx_DFP.2.11.0.pack
                Keil.STM32F7xx_DFP.2.11.0
                STMicroelectronics STM32F7 Series Device Support, Drivers and Examples

<h2>Collection of Component include folders:</h2>
  .\RTE\_DCU_DP11
  D:\Programmi secondari\Keil\ARM\PACK\ARM\CMSIS\5.5.1\CMSIS\Core\Include
  D:\Programmi secondari\Keil\ARM\PACK\Keil\STM32F7xx_DFP\2.11.0\Drivers\CMSIS\Device\ST\STM32F7xx\Include

<h2>Collection of Component Files used:</h2>

   * Component: ARM::CMSIS:CORE:5.2.0
Build Time Elapsed:  00:01:11
</pre>
</body>
</html>
