Component: ARM Compiler 5.06 update 6 (build 750) Tool: armlink [4d35ed]

==============================================================================

Section Cross References

    data.o(i.dataPacketReset) refers to memseta.o(.text) for __aeabi_memset
    data.o(i.dataPacketReset) refers to data.o(.bss) for .bss
    data.o(i.packetCounterReset) refers to memseta.o(.text) for __aeabi_memclr4
    data.o(i.packetCounterReset) refers to data.o(.bss) for .bss
    main.o(i.Error_Handler) refers to stm32f7xx_hal_gpio.o(i.HAL_GPIO_WritePin) for HAL_GPIO_WritePin
    main.o(i.Error_Handler) refers to stm32f7xx_hal_gpio.o(i.HAL_GPIO_TogglePin) for HAL_GPIO_TogglePin
    main.o(i.Error_Handler) refers to stm32f7xx_hal.o(i.HAL_Delay) for HAL_Delay
    main.o(i.HAL_TIM_PeriodElapsedCallback) refers to stm32f7xx_hal.o(i.HAL_IncTick) for HAL_IncTick
    main.o(i.HAL_TIM_PeriodElapsedCallback) refers to can.o(i.CAN_acquisitionOnSend) for CAN_acquisitionOnSend
    main.o(i.HAL_TIM_PeriodElapsedCallback) refers to can.o(i.CAN_acquisitionOffSend) for CAN_acquisitionOffSend
    main.o(i.HAL_TIM_PeriodElapsedCallback) refers to queue.o(i.xQueueGiveFromISR) for xQueueGiveFromISR
    main.o(i.HAL_TIM_PeriodElapsedCallback) refers to main.o(.data) for .data
    main.o(i.HAL_TIM_PeriodElapsedCallback) refers to freertos.o(.data) for saveUsbSemaphoreHandle
    main.o(i.HAL_UART_RxCpltCallback) refers to queue.o(i.xQueueGenericSendFromISR) for xQueueGenericSendFromISR
    main.o(i.HAL_UART_RxCpltCallback) refers to stm32f7xx_hal_uart.o(i.HAL_UART_Receive_IT) for HAL_UART_Receive_IT
    main.o(i.HAL_UART_RxCpltCallback) refers to main.o(.data) for .data
    main.o(i.HAL_UART_RxCpltCallback) refers to freertos.o(.data) for startAcquisitionEventHandle
    main.o(i.HAL_UART_RxCpltCallback) refers to usart.o(.bss) for huart1
    main.o(i.SystemClock_Config) refers to memseta.o(.text) for __aeabi_memclr4
    main.o(i.SystemClock_Config) refers to stm32f7xx_hal_rcc.o(i.HAL_RCC_OscConfig) for HAL_RCC_OscConfig
    main.o(i.SystemClock_Config) refers to stm32f7xx_hal_gpio.o(i.HAL_GPIO_WritePin) for HAL_GPIO_WritePin
    main.o(i.SystemClock_Config) refers to stm32f7xx_hal_gpio.o(i.HAL_GPIO_TogglePin) for HAL_GPIO_TogglePin
    main.o(i.SystemClock_Config) refers to stm32f7xx_hal.o(i.HAL_Delay) for HAL_Delay
    main.o(i.SystemClock_Config) refers to stm32f7xx_hal_pwr_ex.o(i.HAL_PWREx_EnableOverDrive) for HAL_PWREx_EnableOverDrive
    main.o(i.SystemClock_Config) refers to stm32f7xx_hal_rcc.o(i.HAL_RCC_ClockConfig) for HAL_RCC_ClockConfig
    main.o(i.SystemClock_Config) refers to stm32f7xx_hal_rcc_ex.o(i.HAL_RCCEx_PeriphCLKConfig) for HAL_RCCEx_PeriphCLKConfig
    main.o(i.main) refers to stm32f7xx_hal.o(i.HAL_Init) for HAL_Init
    main.o(i.main) refers to main.o(i.SystemClock_Config) for SystemClock_Config
    main.o(i.main) refers to gpio.o(i.MX_GPIO_Init) for MX_GPIO_Init
    main.o(i.main) refers to dma.o(i.MX_DMA_Init) for MX_DMA_Init
    main.o(i.main) refers to adc.o(i.MX_ADC1_Init) for MX_ADC1_Init
    main.o(i.main) refers to adc.o(i.MX_ADC2_Init) for MX_ADC2_Init
    main.o(i.main) refers to can.o(i.MX_CAN1_Init) for MX_CAN1_Init
    main.o(i.main) refers to i2c.o(i.MX_I2C4_Init) for MX_I2C4_Init
    main.o(i.main) refers to rtc.o(i.MX_RTC_Init) for MX_RTC_Init
    main.o(i.main) refers to sdmmc.o(i.MX_SDMMC1_SD_Init) for MX_SDMMC1_SD_Init
    main.o(i.main) refers to tim.o(i.MX_TIM5_Init) for MX_TIM5_Init
    main.o(i.main) refers to tim.o(i.MX_TIM6_Init) for MX_TIM6_Init
    main.o(i.main) refers to tim.o(i.MX_TIM7_Init) for MX_TIM7_Init
    main.o(i.main) refers to usart.o(i.MX_USART1_UART_Init) for MX_USART1_UART_Init
    main.o(i.main) refers to usart.o(i.MX_USART2_UART_Init) for MX_USART2_UART_Init
    main.o(i.main) refers to stm32f7xx_hal_gpio.o(i.HAL_GPIO_WritePin) for HAL_GPIO_WritePin
    main.o(i.main) refers to can.o(i.canStart) for canStart
    main.o(i.main) refers to data.o(i.dataPacketReset) for dataPacketReset
    main.o(i.main) refers to data.o(i.packetCounterReset) for packetCounterReset
    main.o(i.main) refers to usb_host.o(i.usbInitStart) for usbInitStart
    main.o(i.main) refers to fatfs.o(i.MX_FATFS_Init) for MX_FATFS_Init
    main.o(i.main) refers to stm32f7xx_hal.o(i.HAL_Delay) for HAL_Delay
    main.o(i.main) refers to stm32f7xx_hal_tim.o(i.HAL_TIM_Base_Start_IT) for HAL_TIM_Base_Start_IT
    main.o(i.main) refers to stm32f7xx_hal_uart.o(i.HAL_UART_Receive_IT) for HAL_UART_Receive_IT
    main.o(i.main) refers to freertos.o(i.MX_FREERTOS_Init) for MX_FREERTOS_Init
    main.o(i.main) refers to cmsis_os.o(i.osKernelStart) for osKernelStart
    main.o(i.main) refers to tim.o(.bss) for htim5
    main.o(i.main) refers to main.o(.data) for .data
    main.o(i.main) refers to usart.o(.bss) for huart1
    gpio.o(i.MX_GPIO_Init) refers to stm32f7xx_hal_gpio.o(i.HAL_GPIO_WritePin) for HAL_GPIO_WritePin
[...]
    HAL_PWREx_EnableOverDrive                0x002029d5   Thumb Code   116  stm32f7xx_hal_pwr_ex.o(i.HAL_PWREx_EnableOverDrive)
    HAL_RCCEx_PeriphCLKConfig                0x00202a51   Thumb Code  1500  stm32f7xx_hal_rcc_ex.o(i.HAL_RCCEx_PeriphCLKConfig)
    HAL_RCC_ClockConfig                      0x00203031   Thumb Code   426  stm32f7xx_hal_rcc.o(i.HAL_RCC_ClockConfig)
    HAL_RCC_GetClockConfig                   0x002031f9   Thumb Code    62  stm32f7xx_hal_rcc.o(i.HAL_RCC_GetClockConfig)
    HAL_RCC_GetPCLK1Freq                     0x00203241   Thumb Code    20  stm32f7xx_hal_rcc.o(i.HAL_RCC_GetPCLK1Freq)
    HAL_RCC_GetPCLK2Freq                     0x00203261   Thumb Code    20  stm32f7xx_hal_rcc.o(i.HAL_RCC_GetPCLK2Freq)
    HAL_RCC_GetSysClockFreq                  0x00203281   Thumb Code    98  stm32f7xx_hal_rcc.o(i.HAL_RCC_GetSysClockFreq)
    HAL_RCC_OscConfig                        0x002032f5   Thumb Code   932  stm32f7xx_hal_rcc.o(i.HAL_RCC_OscConfig)
    HAL_RTC_Init                             0x002036b9   Thumb Code   202  stm32f7xx_hal_rtc.o(i.HAL_RTC_Init)
    HAL_RTC_MspInit                          0x00203785   Thumb Code    26  rtc.o(i.HAL_RTC_MspInit)
    HAL_RTC_SetDate                          0x002037a5   Thumb Code   294  stm32f7xx_hal_rtc.o(i.HAL_RTC_SetDate)
    HAL_RTC_SetTime                          0x002038cd   Thumb Code   326  stm32f7xx_hal_rtc.o(i.HAL_RTC_SetTime)
    HAL_SD_AbortCallback                     0x00203a19   Thumb Code     8  bsp_driver_sd.o(i.HAL_SD_AbortCallback)
    HAL_SD_ErrorCallback                     0x00203a21   Thumb Code     2  stm32f7xx_hal_sd.o(i.HAL_SD_ErrorCallback)
    HAL_SD_GetCardState                      0x00203a23   Thumb Code    44  stm32f7xx_hal_sd.o(i.HAL_SD_GetCardState)
    HAL_SD_IRQHandler                        0x00203a51   Thumb Code   578  stm32f7xx_hal_sd.o(i.HAL_SD_IRQHandler)
    HAL_SD_RxCpltCallback                    0x00203c9d   Thumb Code     8  bsp_driver_sd.o(i.HAL_SD_RxCpltCallback)
    HAL_SD_TxCpltCallback                    0x00203ca5   Thumb Code     8  bsp_driver_sd.o(i.HAL_SD_TxCpltCallback)
    HAL_TIMEx_Break2Callback                 0x00203cad   Thumb Code     2  stm32f7xx_hal_tim_ex.o(i.HAL_TIMEx_Break2Callback)
    HAL_TIMEx_BreakCallback                  0x00203caf   Thumb Code     2  stm32f7xx_hal_tim_ex.o(i.HAL_TIMEx_BreakCallback)
    HAL_TIMEx_CommutCallback                 0x00203cb1   Thumb Code     2  stm32f7xx_hal_tim_ex.o(i.HAL_TIMEx_CommutCallback)
    HAL_TIMEx_MasterConfigSynchronization    0x00203cb3   Thumb Code   100  stm32f7xx_hal_tim_ex.o(i.HAL_TIMEx_MasterConfigSynchronization)
    HAL_TIM_Base_Init                        0x00203d17   Thumb Code    54  stm32f7xx_hal_tim.o(i.HAL_TIM_Base_Init)
    HAL_TIM_Base_MspInit                     0x00203d4d   Thumb Code   146  tim.o(i.HAL_TIM_Base_MspInit)
    HAL_TIM_Base_Start_IT                    0x00203de5   Thumb Code    42  stm32f7xx_hal_tim.o(i.HAL_TIM_Base_Start_IT)
    HAL_TIM_ConfigClockSource                0x00203e15   Thumb Code   400  stm32f7xx_hal_tim.o(i.HAL_TIM_ConfigClockSource)
    HAL_TIM_IC_CaptureCallback               0x00203fa5   Thumb Code     2  stm32f7xx_hal_tim.o(i.HAL_TIM_IC_CaptureCallback)
    HAL_TIM_IRQHandler                       0x00203fa7   Thumb Code   392  stm32f7xx_hal_tim.o(i.HAL_TIM_IRQHandler)
    HAL_TIM_OC_DelayElapsedCallback          0x0020412f   Thumb Code     2  stm32f7xx_hal_tim.o(i.HAL_TIM_OC_DelayElapsedCallback)
    HAL_TIM_PWM_PulseFinishedCallback        0x00204131   Thumb Code     2  stm32f7xx_hal_tim.o(i.HAL_TIM_PWM_PulseFinishedCallback)
    HAL_TIM_PeriodElapsedCallback            0x00204135   Thumb Code   110  main.o(i.HAL_TIM_PeriodElapsedCallback)
    HAL_TIM_TriggerCallback                  0x002041b5   Thumb Code     2  stm32f7xx_hal_tim.o(i.HAL_TIM_TriggerCallback)
    HAL_UART_ErrorCallback                   0x002041b7   Thumb Code     2  stm32f7xx_hal_uart.o(i.HAL_UART_ErrorCallback)
    HAL_UART_IRQHandler                      0x002041b9   Thumb Code   382  stm32f7xx_hal_uart.o(i.HAL_UART_IRQHandler)
    HAL_UART_Init                            0x0020433d   Thumb Code   106  stm32f7xx_hal_uart.o(i.HAL_UART_Init)
    HAL_UART_MspInit                         0x002043a9   Thumb Code   338  usart.o(i.HAL_UART_MspInit)
    HAL_UART_Receive_IT                      0x00204525   Thumb Code   194  stm32f7xx_hal_uart.o(i.HAL_UART_Receive_IT)
    HAL_UART_RxCpltCallback                  0x002045f1   Thumb Code    30  main.o(i.HAL_UART_RxCpltCallback)
    HAL_UART_TxCpltCallback                  0x00204621   Thumb Code     2  stm32f7xx_hal_uart.o(i.HAL_UART_TxCpltCallback)
    HardFault_Handler                        0x00204623   Thumb Code     2  stm32f7xx_it.o(i.HardFault_Handler)
    I2C4_ER_IRQHandler                       0x00204625   Thumb Code     6  stm32f7xx_it.o(i.I2C4_ER_IRQHandler)
    I2C4_EV_IRQHandler                       0x00204631   Thumb Code     6  stm32f7xx_it.o(i.I2C4_EV_IRQHandler)
    MX_ADC1_Init                             0x00204be1   Thumb Code   254  adc.o(i.MX_ADC1_Init)
    MX_ADC2_Init                             0x00204ced   Thumb Code   142  adc.o(i.MX_ADC2_Init)
    MX_CAN1_Init                             0x00204d89   Thumb Code    62  can.o(i.MX_CAN1_Init)
    MX_DMA_Init                              0x00204dd1   Thumb Code   120  dma.o(i.MX_DMA_Init)
    MX_DriverVbusHS                          0x00204e4d   Thumb Code    18  usbh_platform.o(i.MX_DriverVbusHS)
    MX_FATFS_Init                            0x00204e65   Thumb Code    34  fatfs.o(i.MX_FATFS_Init)
    MX_FREERTOS_Init                         0x00204e99   Thumb Code   254  freertos.o(i.MX_FREERTOS_Init)
    MX_GPIO_Init                             0x00204fa1   Thumb Code   340  gpio.o(i.MX_GPIO_Init)
    MX_I2C4_Init                             0x0020510d   Thumb Code    84  i2c.o(i.MX_I2C4_Init)
    MX_RTC_Init                              0x0020516d   Thumb Code   128  rtc.o(i.MX_RTC_Init)
    MX_SDMMC1_SD_Init                        0x002051f5   Thumb Code    26  sdmmc.o(i.MX_SDMMC1_SD_Init)
    MX_TIM5_Init                             0x00205219   Thumb Code   102  tim.o(i.MX_TIM5_Init)
    MX_TIM6_Init                             0x00205289   Thumb Code    70  tim.o(i.MX_TIM6_Init)
    MX_TIM7_Init                             0x002052d9   Thumb Code    70  tim.o(i.MX_TIM7_Init)
    MX_USART1_UART_Init                      0x00205329   Thumb Code    72  usart.o(i.MX_USART1_UART_Init)
    MX_USART2_UART_Init                      0x00205379   Thumb Code    68  usart.o(i.MX_USART2_UART_Init)
    MemManage_Handler                        0x002053c5   Thumb Code     2  stm32f7xx_it.o(i.MemManage_Handler)
    NMI_Handler                              0x002053c7   Thumb Code     2  stm32f7xx_it.o(i.NMI_Handler)
    OTG_HS_EP1_IN_IRQHandler                 0x002053c9   Thumb Code     6  stm32f7xx_it.o(i.OTG_HS_EP1_IN_IRQHandler)
    OTG_HS_EP1_OUT_IRQHandler                0x002053d5   Thumb Code     6  stm32f7xx_it.o(i.OTG_HS_EP1_OUT_IRQHandler)
    OTG_HS_IRQHandler                        0x002053e1   Thumb Code     6  stm32f7xx_it.o(i.OTG_HS_IRQHandler)
    RTC_ByteToBcd2                           0x002053ed   Thumb Code    50  stm32f7xx_hal_rtc.o(i.RTC_ByteToBcd2)
    SDMMC1_IRQHandler                        0x00205421   Thumb Code     6  stm32f7xx_it.o(i.SDMMC1_IRQHandler)
    SDMMC_CmdSendStatus                      0x0020542d   Thumb Code    26  stm32f7xx_ll_sdmmc.o(i.SDMMC_CmdSendStatus)
    SDMMC_CmdStopTransfer                    0x00205449   Thumb Code    26  stm32f7xx_ll_sdmmc.o(i.SDMMC_CmdStopTransfer)
    SDMMC_GetResponse                        0x002055e1   Thumb Code    14  stm32f7xx_ll_sdmmc.o(i.SDMMC_GetResponse)
    SDMMC_ReadFIFO                           0x002055ef   Thumb Code     6  stm32f7xx_ll_sdmmc.o(i.SDMMC_ReadFIFO)
    SDMMC_WriteFIFO                          0x002055f5   Thumb Code    10  stm32f7xx_ll_sdmmc.o(i.SDMMC_WriteFIFO)
    SysTick_Handler                          0x00205699   Thumb Code    42  port.o(i.SysTick_Handler)
    SystemClock_Config                       0x002056c9   Thumb Code   394  main.o(i.SystemClock_Config)
    SystemInit                               0x00205865   Thumb Code    76  system_stm32f7xx.o(i.SystemInit)
    TIM1_UP_TIM10_IRQHandler                 0x002058c5   Thumb Code     6  stm32f7xx_it.o(i.TIM1_UP_TIM10_IRQHandler)
    TIM5_IRQHandler                          0x002058d1   Thumb Code     6  stm32f7xx_it.o(i.TIM5_IRQHandler)
    TIM6_DAC_IRQHandler                      0x002058dd   Thumb Code     6  stm32f7xx_it.o(i.TIM6_DAC_IRQHandler)
    TIM7_IRQHandler                          0x002058e9   Thumb Code     6  stm32f7xx_it.o(i.TIM7_IRQHandler)
    TIM_Base_SetConfig                       0x002058f5   Thumb Code   184  stm32f7xx_hal_tim.o(i.TIM_Base_SetConfig)
    UART_AdvFeatureConfig                    0x002059c1   Thumb Code   218  stm32f7xx_hal_uart.o(i.UART_AdvFeatureConfig)
    UART_CheckIdleState                      0x00205a9b   Thumb Code    64  stm32f7xx_hal_uart.o(i.UART_CheckIdleState)
    UART_SetConfig                           0x00205bb9   Thumb Code   684  stm32f7xx_hal_uart.o(i.UART_SetConfig)
    UART_WaitOnFlagUntilTimeout              0x00205e75   Thumb Code   114  stm32f7xx_hal_uart.o(i.UART_WaitOnFlagUntilTimeout)
    USART1_IRQHandler                        0x00205ee9   Thumb Code     6  stm32f7xx_it.o(i.USART1_IRQHandler)
    USART2_IRQHandler                        0x00205ef5   Thumb Code     6  stm32f7xx_it.o(i.USART2_IRQHandler)
    USBH_AllocPipe                           0x00205f01   Thumb Code    62  usbh_pipes.o(i.USBH_AllocPipe)
    USBH_BulkReceiveData                     0x00205f3f   Thumb Code    38  usbh_ioreq.o(i.USBH_BulkReceiveData)
    USBH_BulkSendData                        0x00205f65   Thumb Code    48  usbh_ioreq.o(i.USBH_BulkSendData)
    USBH_ClosePipe                           0x00205f95   Thumb Code    10  usbh_pipes.o(i.USBH_ClosePipe)
    USBH_ClrFeature                          0x00205f9f   Thumb Code    34  usbh_ctlreq.o(i.USBH_ClrFeature)
    USBH_CtlReceiveData                      0x00205fc1   Thumb Code    38  usbh_ioreq.o(i.USBH_CtlReceiveData)
    USBH_CtlReq                              0x00205fe7   Thumb Code   598  usbh_ctlreq.o(i.USBH_CtlReq)
    USBH_CtlSendData                         0x0020623d   Thumb Code    48  usbh_ioreq.o(i.USBH_CtlSendData)
    USBH_CtlSendSetup                        0x0020626d   Thumb Code    34  usbh_ioreq.o(i.USBH_CtlSendSetup)
    USBH_Delay                               0x0020628f   Thumb Code     4  usbh_conf.o(i.USBH_Delay)
    USBH_FindInterface                       0x00206293   Thumb Code    80  usbh_core.o(i.USBH_FindInterface)
    USBH_FreePipe                            0x002062e3   Thumb Code    24  usbh_pipes.o(i.USBH_FreePipe)
    USBH_Get_CfgDesc                         0x002062fd   Thumb Code   350  usbh_ctlreq.o(i.USBH_Get_CfgDesc)
    USBH_Get_DevDesc                         0x0020645b   Thumb Code   184  usbh_ctlreq.o(i.USBH_Get_DevDesc)
    USBH_Get_StringDesc                      0x00206515   Thumb Code   144  usbh_ctlreq.o(i.USBH_Get_StringDesc)
    USBH_Init                                0x002065a5   Thumb Code   150  usbh_core.o(i.USBH_Init)
    USBH_LL_ClosePipe                        0x00206641   Thumb Code    36  usbh_conf.o(i.USBH_LL_ClosePipe)
    USBH_LL_Connect                          0x00206665   Thumb Code    60  usbh_core.o(i.USBH_LL_Connect)
    USBH_LL_Disconnect                       0x002066a1   Thumb Code    72  usbh_core.o(i.USBH_LL_Disconnect)
    USBH_LL_DriverVBUS                       0x002066e9   Thumb Code    26  usbh_conf.o(i.USBH_LL_DriverVBUS)
    USBH_LL_GetLastXferSize                  0x00206703   Thumb Code     8  usbh_conf.o(i.USBH_LL_GetLastXferSize)
    USBH_LL_GetSpeed                         0x0020670b   Thumb Code    32  usbh_conf.o(i.USBH_LL_GetSpeed)
    USBH_LL_GetToggle                        0x0020672b   Thumb Code    30  usbh_conf.o(i.USBH_LL_GetToggle)
    USBH_LL_GetURBState                      0x00206749   Thumb Code     8  usbh_conf.o(i.USBH_LL_GetURBState)
    USBH_LL_IncTimer                         0x00206751   Thumb Code    32  usbh_core.o(i.USBH_LL_IncTimer)
    USBH_LL_Init                             0x00206771   Thumb Code    84  usbh_conf.o(i.USBH_LL_Init)
    USBH_LL_NotifyURBChange                  0x002067cd   Thumb Code    22  usbh_core.o(i.USBH_LL_NotifyURBChange)
    USBH_LL_OpenPipe                         0x002067e3   Thumb Code    60  usbh_conf.o(i.USBH_LL_OpenPipe)
    USBH_LL_PortDisabled                     0x0020681f   Thumb Code     8  usbh_core.o(i.USBH_LL_PortDisabled)
    USBH_LL_PortEnabled                      0x00206827   Thumb Code     8  usbh_core.o(i.USBH_LL_PortEnabled)
    USBH_LL_ResetPort                        0x0020682f   Thumb Code    36  usbh_conf.o(i.USBH_LL_ResetPort)
    USBH_LL_SetTimer                         0x00206853   Thumb Code     6  usbh_core.o(i.USBH_LL_SetTimer)
    USBH_LL_SetToggle                        0x00206859   Thumb Code    32  usbh_conf.o(i.USBH_LL_SetToggle)
    USBH_LL_Start                            0x00206879   Thumb Code    36  usbh_conf.o(i.USBH_LL_Start)
    USBH_LL_Stop                             0x0020689d   Thumb Code    36  usbh_conf.o(i.USBH_LL_Stop)
    USBH_LL_SubmitURB                        0x002068c1   Thumb Code    56  usbh_conf.o(i.USBH_LL_SubmitURB)
    USBH_MSC_BOT_Init                        0x002068f9   Thumb Code    28  usbh_msc_bot.o(i.USBH_MSC_BOT_Init)
    USBH_MSC_BOT_Process                     0x0020691d   Thumb Code   658  usbh_msc_bot.o(i.USBH_MSC_BOT_Process)
    USBH_MSC_BOT_REQ_GetMaxLUN               0x00206bb5   Thumb Code    32  usbh_msc_bot.o(i.USBH_MSC_BOT_REQ_GetMaxLUN)
    USBH_MSC_GetLUNInfo                      0x00206c59   Thumb Code    74  usbh_msc.o(i.USBH_MSC_GetLUNInfo)
    USBH_MSC_Read                            0x0020710b   Thumb Code   462  usbh_msc.o(i.USBH_MSC_Read)
    USBH_MSC_SCSI_Inquiry                    0x002072d9   Thumb Code   222  usbh_msc_scsi.o(i.USBH_MSC_SCSI_Inquiry)
    USBH_MSC_SCSI_Read                       0x002073b7   Thumb Code   156  usbh_msc_scsi.o(i.USBH_MSC_SCSI_Read)
    USBH_MSC_SCSI_ReadCapacity               0x00207453   Thumb Code   154  usbh_msc_scsi.o(i.USBH_MSC_SCSI_ReadCapacity)
    USBH_MSC_SCSI_RequestSense               0x002074ed   Thumb Code   168  usbh_msc_scsi.o(i.USBH_MSC_SCSI_RequestSense)
    USBH_MSC_SCSI_TestUnitReady              0x00207595   Thumb Code    92  usbh_msc_scsi.o(i.USBH_MSC_SCSI_TestUnitReady)
    USBH_MSC_SCSI_Write                      0x002075f1   Thumb Code   154  usbh_msc_scsi.o(i.USBH_MSC_SCSI_Write)
    USBH_MSC_UnitIsReady                     0x0020768f   Thumb Code    40  usbh_msc.o(i.USBH_MSC_UnitIsReady)
    USBH_MSC_Write                           0x002076b7   Thumb Code   462  usbh_msc.o(i.USBH_MSC_Write)
    USBH_OpenPipe                            0x00207885   Thumb Code    28  usbh_pipes.o(i.USBH_OpenPipe)
    USBH_Process                             0x002078a1   Thumb Code   952  usbh_core.o(i.USBH_Process)
    USBH_RegisterClass                       0x00207c79   Thumb Code    30  usbh_core.o(i.USBH_RegisterClass)
    USBH_SelectInterface                     0x00207c97   Thumb Code    20  usbh_core.o(i.USBH_SelectInterface)
    USBH_SetAddress                          0x00207cab   Thumb Code    28  usbh_ctlreq.o(i.USBH_SetAddress)
    USBH_SetCfg                              0x00207cc7   Thumb Code    28  usbh_ctlreq.o(i.USBH_SetCfg)
    USBH_SetFeature                          0x00207ce3   Thumb Code    28  usbh_ctlreq.o(i.USBH_SetFeature)
    USBH_Start                               0x00207cff   Thumb Code    20  usbh_core.o(i.USBH_Start)
    USBH_initialize                          0x00207d55   Thumb Code     4  usbh_diskio.o(i.USBH_initialize)
    USBH_ioctl                               0x00207d59   Thumb Code   112  usbh_diskio.o(i.USBH_ioctl)
    USBH_read                                0x00207dcd   Thumb Code   136  usbh_diskio.o(i.USBH_read)
    USBH_status                              0x00207e5d   Thumb Code    22  usbh_diskio.o(i.USBH_status)
    USBH_write                               0x00207e79   Thumb Code   152  usbh_diskio.o(i.USBH_write)
    USB_CoreInit                             0x00207f19   Thumb Code   202  stm32f7xx_ll_usb.o(i.USB_CoreInit)
    USB_DisableGlobalInt                     0x00207fe9   Thumb Code    12  stm32f7xx_ll_usb.o(i.USB_DisableGlobalInt)
    USB_DriveVbus                            0x00207ff5   Thumb Code    54  stm32f7xx_ll_usb.o(i.USB_DriveVbus)
    USB_EnableGlobalInt                      0x0020802b   Thumb Code    12  stm32f7xx_ll_usb.o(i.USB_EnableGlobalInt)
    USB_GetCurrentFrame                      0x00208037   Thumb Code     8  stm32f7xx_ll_usb.o(i.USB_GetCurrentFrame)
    USB_GetHostSpeed                         0x0020803f   Thumb Code    16  stm32f7xx_ll_usb.o(i.USB_GetHostSpeed)
    USB_GetMode                              0x0020804f   Thumb Code     8  stm32f7xx_ll_usb.o(i.USB_GetMode)
    USB_HC_Halt                              0x00208057   Thumb Code   194  stm32f7xx_ll_usb.o(i.USB_HC_Halt)
    USB_HC_Init                              0x00208119   Thumb Code   264  stm32f7xx_ll_usb.o(i.USB_HC_Init)
    USB_HC_ReadInterrupt                     0x00208221   Thumb Code     8  stm32f7xx_ll_usb.o(i.USB_HC_ReadInterrupt)
    USB_HC_StartXfer                         0x00208229   Thumb Code   448  stm32f7xx_ll_usb.o(i.USB_HC_StartXfer)
    USB_HostInit                             0x002083f1   Thumb Code   260  stm32f7xx_ll_usb.o(i.USB_HostInit)
    USB_InitFSLSPClkSel                      0x0020850d   Thumb Code    56  stm32f7xx_ll_usb.o(i.USB_InitFSLSPClkSel)
    USB_ReadInterrupts                       0x00208545   Thumb Code     8  stm32f7xx_ll_usb.o(i.USB_ReadInterrupts)
    USB_ReadPacket                           0x0020854d   Thumb Code    64  stm32f7xx_ll_usb.o(i.USB_ReadPacket)
    USB_ResetPort                            0x0020858d   Thumb Code    48  stm32f7xx_ll_usb.o(i.USB_ResetPort)
    USB_SetCurrentMode                       0x002085bd   Thumb Code    48  stm32f7xx_ll_usb.o(i.USB_SetCurrentMode)
    USB_StopHost                             0x002085ed   Thumb Code   166  stm32f7xx_ll_usb.o(i.USB_StopHost)
    UsageFault_Handler                       0x00208699   Thumb Code     2  stm32f7xx_it.o(i.UsageFault_Handler)
    __scatterload_copy                       0x0020869b   Thumb Code    14  handlers.o(i.__scatterload_copy)
    __scatterload_null                       0x002086a9   Thumb Code     2  handlers.o(i.__scatterload_null)
    __scatterload_zeroinit                   0x002086ab   Thumb Code    14  handlers.o(i.__scatterload_zeroinit)
    aliveTask                                0x002086b9   Thumb Code    18  freertos.o(i.aliveTask)
    canDataParser                            0x002086d1   Thumb Code  1484  data.o(i.canDataParser)
    canFifo0UnpackTask                       0x00208c9d   Thumb Code    28  freertos.o(i.canFifo0UnpackTask)
    canFifo1UnpackTask                       0x00208cbd   Thumb Code    28  freertos.o(i.canFifo1UnpackTask)
    canStart                                 0x00208cdd   Thumb Code   118  can.o(i.canStart)
    dataPacketReset                          0x00208e11   Thumb Code   412  data.o(i.dataPacketReset)
    disk_initialize                          0x002093a1   Thumb Code    34  diskio.o(i.disk_initialize)
    disk_ioctl                               0x002093c9   Thumb Code    18  diskio.o(i.disk_ioctl)
    disk_read                                0x002093e1   Thumb Code    26  diskio.o(i.disk_read)
    disk_status                              0x00209401   Thumb Code    16  diskio.o(i.disk_status)
    disk_write                               0x00209415   Thumb Code    26  diskio.o(i.disk_write)
    f_close                                  0x00209435   Thumb Code    92  ff.o(i.f_close)
    f_mount                                  0x00209495   Thumb Code   204  ff.o(i.f_mount)
    f_open                                   0x00209569   Thumb Code  2372  ff.o(i.f_open)
    f_sync                                   0x00209ead   Thumb Code   462  ff.o(i.f_sync)
    f_write                                  0x0020a07b   Thumb Code   864  ff.o(i.f_write)
    ff_convert                               0x0020a3dd   Thumb Code    58  ccsbcs.o(i.ff_convert)
    ff_cre_syncobj                           0x0020a41d   Thumb Code    26  syscall.o(i.ff_cre_syncobj)
    ff_del_syncobj                           0x0020a437   Thumb Code    10  syscall.o(i.ff_del_syncobj)
    ff_rel_grant                             0x0020a441   Thumb Code     4  syscall.o(i.ff_rel_grant)
    ff_req_grant                             0x0020a445   Thumb Code    22  syscall.o(i.ff_req_grant)
    ff_wtoupper                              0x0020a45d   Thumb Code   152  ccsbcs.o(i.ff_wtoupper)
    free                                     0x0020a9a1   Thumb Code    76  malloc.o(i.free)
    getAcquisitionState                      0x0020a9f1   Thumb Code     6  data.o(i.getAcquisitionState)
    get_fattime                              0x0020aad3   Thumb Code     4  fatfs.o(i.get_fattime)
    intToStringUnsigned                      0x0020aad9   Thumb Code   344  string_utility.o(i.intToStringUnsigned)
    main                                     0x0020ac35   Thumb Code   266  main.o(i.main)
    malloc                                   0x0020ad69   Thumb Code    92  malloc.o(i.malloc)
    osKernelStart                            0x0020aedf   Thumb Code    10  cmsis_os.o(i.osKernelStart)
    osMessageCreate                          0x0020aee9   Thumb Code    10  cmsis_os.o(i.osMessageCreate)
    osMessageGet                             0x0020aef5   Thumb Code   152  cmsis_os.o(i.osMessageGet)
    osMessagePut                             0x0020af91   Thumb Code    84  cmsis_os.o(i.osMessagePut)
    osSemaphoreCreate                        0x0020afe9   Thumb Code    38  cmsis_os.o(i.osSemaphoreCreate)
    osSemaphoreDelete                        0x0020b00f   Thumb Code    22  cmsis_os.o(i.osSemaphoreDelete)
    osSemaphoreRelease                       0x0020b025   Thumb Code    80  cmsis_os.o(i.osSemaphoreRelease)
    osSemaphoreWait                          0x0020b079   Thumb Code    94  cmsis_os.o(i.osSemaphoreWait)
    osThreadCreate                           0x0020b0dd   Thumb Code    52  cmsis_os.o(i.osThreadCreate)
    packetCounterReset                       0x0020b111   Thumb Code    10  data.o(i.packetCounterReset)
    pvPortMalloc                             0x0020b3bd   Thumb Code   412  heap_4.o(i.pvPortMalloc)
    pvTaskIncrementMutexHeldCount            0x0020b565   Thumb Code    18  tasks.o(i.pvTaskIncrementMutexHeldCount)
    pxPortInitialiseStack                    0x0020b57d   Thumb Code    42  port.o(i.pxPortInitialiseStack)
    resetUsbPresentState                     0x0020b5ad   Thumb Code     8  data.o(i.resetUsbPresentState)
    resetUsbReadyState                       0x0020b5b9   Thumb Code     8  data.o(i.resetUsbReadyState)
    saveUsbTask                              0x0020b5c5   Thumb Code    38  freertos.o(i.saveUsbTask)
    setUsbReadyState                         0x0020b5f9   Thumb Code     8  data.o(i.setUsbReadyState)
    startAcquisitionStateMachine             0x0020b605   Thumb Code   504  data.o(i.startAcquisitionStateMachine)
    startAcquisitionStateMachineTask         0x0020b825   Thumb Code    40  freertos.o(i.startAcquisitionStateMachineTask)
    usbInitStart                             0x0020b851   Thumb Code    36  usb_host.o(i.usbInitStart)
    usbManageTask                            0x0020b881   Thumb Code    90  freertos.o(i.usbManageTask)
    uxListRemove                             0x0020b8f1   Thumb Code    38  list.o(i.uxListRemove)
    vListInitialise                          0x0020b917   Thumb Code    22  list.o(i.vListInitialise)
    vListInitialiseItem                      0x0020b92d   Thumb Code     6  list.o(i.vListInitialiseItem)
    vListInsert                              0x0020b933   Thumb Code    60  list.o(i.vListInsert)
    vListInsertEnd                           0x0020b96f   Thumb Code    24  list.o(i.vListInsertEnd)
    vPortEnterCritical                       0x0020b989   Thumb Code    64  port.o(i.vPortEnterCritical)
    vPortExitCritical                        0x0020b9d1   Thumb Code    42  port.o(i.vPortExitCritical)
    vPortFree                                0x0020ba01   Thumb Code   162  heap_4.o(i.vPortFree)
    vPortValidateInterruptPriority           0x0020baad   Thumb Code    82  port.o(i.vPortValidateInterruptPriority)
    vQueueDelete                             0x0020bb09   Thumb Code    62  queue.o(i.vQueueDelete)
    vTaskDelay                               0x0020bb4d   Thumb Code    70  tasks.o(i.vTaskDelay)
    vTaskInternalSetTimeOutState             0x0020bb9d   Thumb Code    12  tasks.o(i.vTaskInternalSetTimeOutState)
    vTaskMissedYield                         0x0020bbad   Thumb Code     8  tasks.o(i.vTaskMissedYield)
    vTaskPlaceOnEventList                    0x0020bbb9   Thumb Code    50  tasks.o(i.vTaskPlaceOnEventList)
    vTaskPriorityDisinheritAfterTimeout      0x0020bbf1   Thumb Code   184  tasks.o(i.vTaskPriorityDisinheritAfterTimeout)
    vTaskStartScheduler                      0x0020bcb1   Thumb Code   100  tasks.o(i.vTaskStartScheduler)
    vTaskSuspendAll                          0x0020bd29   Thumb Code    10  tasks.o(i.vTaskSuspendAll)
    vTaskSwitchContext                       0x0020bd39   Thumb Code    88  tasks.o(i.vTaskSwitchContext)
    xPortStartScheduler                      0x0020bded   Thumb Code   232  port.o(i.xPortStartScheduler)
    xQueueGenericCreate                      0x0020bee9   Thumb Code   134  queue.o(i.xQueueGenericCreate)
    xQueueGenericSend                        0x0020bf71   Thumb Code   480  queue.o(i.xQueueGenericSend)
    xQueueGenericSendFromISR                 0x0020c155   Thumb Code   296  queue.o(i.xQueueGenericSendFromISR)
    xQueueGiveFromISR                        0x0020c27d   Thumb Code   174  queue.o(i.xQueueGiveFromISR)
    xQueueReceive                            0x0020c32d   Thumb Code   354  queue.o(i.xQueueReceive)
    xQueueReceiveFromISR                     0x0020c495   Thumb Code   188  queue.o(i.xQueueReceiveFromISR)
    xQueueSemaphoreTake                      0x0020c551   Thumb Code   426  queue.o(i.xQueueSemaphoreTake)
    xTaskCheckForTimeOut                     0x0020c701   Thumb Code   132  tasks.o(i.xTaskCheckForTimeOut)
    xTaskCreate                              0x0020c789   Thumb Code   346  tasks.o(i.xTaskCreate)
    xTaskGetSchedulerState                   0x0020c905   Thumb Code    24  tasks.o(i.xTaskGetSchedulerState)
    xTaskIncrementTick                       0x0020c921   Thumb Code   230  tasks.o(i.xTaskIncrementTick)
    xTaskPriorityDisinherit                  0x0020ca11   Thumb Code   164  tasks.o(i.xTaskPriorityDisinherit)
    xTaskPriorityInherit                     0x0020cabd   Thumb Code   148  tasks.o(i.xTaskPriorityInherit)
    xTaskRemoveFromEventList                 0x0020cb59   Thumb Code   110  tasks.o(i.xTaskRemoveFromEventList)
    xTaskResumeAll                           0x0020cbd5   Thumb Code   446  tasks.o(i.xTaskResumeAll)
    USBH_Driver                              0x0020cda0   Data          20  usbh_diskio.o(.constdata)
    AHBPrescTable                            0x0020ce54   Data          16  system_stm32f7xx.o(.constdata)
    APBPrescTable                            0x0020ce64   Data           8  system_stm32f7xx.o(.constdata)
    Region$$Table$$Base                      0x0020d330   Number         0  anon$$obj.o(Region$$Table)
    Region$$Table$$Limit                     0x0020d350   Number         0  anon$$obj.o(Region$$Table)
    acquisitionState                         0x20000000   Data           1  data.o(.data)
    dcuStateBuffer                           0x20000001   Data          19  data.o(.data)
    fileHeader                               0x20000014   Data          37  data.o(.data)
    channelNameHeader                        0x20000039   Data        2427  data.o(.data)
    SW_AcquisitionIsOnDebug                  0x200009b4   Data           1  main.o(.data)
    startAcquisitionCommand                  0x200009b5   Data           1  main.o(.data)
    startAcquisition_CtrlxHigherPriorityTaskWoken 0x200009b8   Data           4  main.o(.data)
    USB_xHigherPriorityTaskWoken             0x200009bc   Data           4  main.o(.data)
    canCtrlxHigherPriorityTaskWoken          0x200009c0   Data           4  can.o(.data)
    retUSBH                                  0x200009cc   Data           1  fatfs.o(.data)
    USBHPath                                 0x200009cd   Data           4  fatfs.o(.data)
    bytesWritten                             0x200009d4   Data           4  freertos.o(.data)
    aliveHandle                              0x200009d8   Data           4  freertos.o(.data)
    saveUsbHandle                            0x200009dc   Data           4  freertos.o(.data)
    usbManagerHandle                         0x200009e0   Data           4  freertos.o(.data)
    startAcquisitionStateMachineHandle       0x200009e4   Data           4  freertos.o(.data)
    canFifo0UnpackHandle                     0x200009e8   Data           4  freertos.o(.data)
    canFifo1UnpackHandle                     0x200009ec   Data           4  freertos.o(.data)
    usbEventQueueHandle                      0x200009f0   Data           4  freertos.o(.data)
    startAcquisitionEventHandle              0x200009f4   Data           4  freertos.o(.data)
    canFifo0QueueHandle                      0x200009f8   Data           4  freertos.o(.data)
    canFifo1QueueHandle                      0x200009fc   Data           4  freertos.o(.data)
    saveUsbSemaphoreHandle                   0x20000a00   Data           4  freertos.o(.data)
    Appli_state                              0x20000a04   Data           1  usb_host.o(.data)
    uwTickFreq                               0x20000a0c   Data           1  stm32f7xx_hal.o(.data)
    uwTickPrio                               0x20000a10   Data           4  stm32f7xx_hal.o(.data)
    uwTick                                   0x20000a14   Data           4  stm32f7xx_hal.o(.data)
    SystemCoreClock                          0x20000a18   Data           4  system_stm32f7xx.o(.data)
    pxCurrentTCB                             0x20000a28   Data           4  tasks.o(.data)
    USBH_msc                                 0x20000a88   Data          32  usbh_msc.o(.data)
    __microlib_freelist                      0x20000aa8   Data           4  mvars.o(.data)
    __microlib_freelist_initialised          0x20000aac   Data           4  mvars.o(.data)
    blockBuffer                              0x20000ab0   Data        1024  data.o(.bss)
    CAN_ReceivedPacketsCounter               0x20000eb0   Data         100  data.o(.bss)
    CAN_ReceivedChannelsCounter              0x20000f14   Data         364  data.o(.bss)
    hadc1                                    0x20001080   Data          72  adc.o(.bss)
    hadc2                                    0x200010c8   Data          72  adc.o(.bss)
    hdma_adc1                                0x20001110   Data          96  adc.o(.bss)
    hdma_adc2                                0x20001170   Data          96  adc.o(.bss)
    canFilterConfigHeader                    0x200011d0   Data          40  can.o(.bss)
    currentFifo0ReceivedPacket               0x200011f8   Data          36  can.o(.bss)
    currentFifo1ReceivedPacket               0x2000121c   Data          36  can.o(.bss)
    hcan1                                    0x20001240   Data          40  can.o(.bss)
    USBHFatFS                                0x20001268   Data         568  fatfs.o(.bss)
    USBHFile                                 0x200014a0   Data         556  fatfs.o(.bss)
    hi2c4                                    0x200018cc   Data          76  i2c.o(.bss)
    hrtc                                     0x20001918   Data          32  rtc.o(.bss)
    hsd1                                     0x20001938   Data         132  sdmmc.o(.bss)
    hdma_sdmmc1_rx                           0x200019bc   Data          96  sdmmc.o(.bss)
    hdma_sdmmc1_tx                           0x20001a1c   Data          96  sdmmc.o(.bss)
    htim5                                    0x20001a7c   Data          64  tim.o(.bss)
    htim6                                    0x20001abc   Data          64  tim.o(.bss)
    htim7                                    0x20001afc   Data          64  tim.o(.bss)
    huart1                                   0x20001b3c   Data         128  usart.o(.bss)
    huart2                                   0x20001bbc   Data         128  usart.o(.bss)
    hdma_usart1_rx                           0x20001c3c   Data          96  usart.o(.bss)
    hdma_usart1_tx                           0x20001c9c   Data          96  usart.o(.bss)
    hUsbHostHS                               0x20001cfc   Data        1240  usb_host.o(.bss)
    hhcd_USB_OTG_HS                          0x200021d4   Data         708  usbh_conf.o(.bss)
    htim1                                    0x20002498   Data          64  stm32f7xx_hal_timebase_tim.o(.bss)
    disk                                     0x20002508   Data          16  ff_gen_drv.o(.bss)
    xQueueRegistry                           0x20002518   Data          64  queue.o(.bss)
    __heap_base                              0x200062e8   Data           0  startup_stm32f767xx.o(HEAP)
    __heap_limit                             0x200074e8   Data           0  startup_stm32f767xx.o(HEAP)
    __initial_sp                             0x200088e8   Data           0  startup_stm32f767xx.o(STACK)



==============================================================================

Memory Map of the image

  Image Entry point : 0x002001f9

  Load Region LR_IROM1 (Base: 0x00200000, Size: 0x0000de00, Max: 0x00200000, ABSOLUTE, COMPRESSED[0x0000d680])

    Execution Region ER_IROM1 (Exec base: 0x00200000, Load base: 0x00200000, Size: 0x0000d350, Max: 0x00200000, ABSOLUTE)

    Exec Addr    Load Addr    Size         Type   Attr      Idx    E Section Name        Object

    0x00200000   0x00200000   0x000001f8   Data   RO         1951    RESET               startup_stm32f767xx.o
    0x002001f8   0x002001f8   0x00000000   Code   RO         8590  * .ARM.Collect$$$$00000000  mc_w.l(entry.o)
    0x002001f8   0x002001f8   0x00000004   Code   RO         8633    .ARM.Collect$$$$00000001  mc_w.l(entry2.o)
    0x002001fc   0x002001fc   0x00000004   Code   RO         8636    .ARM.Collect$$$$00000004  mc_w.l(entry5.o)
    0x00200200   0x00200200   0x00000000   Code   RO         8638    .ARM.Collect$$$$00000008  mc_w.l(entry7b.o)
    0x00200200   0x00200200   0x00000000   Code   RO         8640    .ARM.Collect$$$$0000000A  mc_w.l(entry8b.o)
    0x00200200   0x00200200   0x00000008   Code   RO         8641    .ARM.Collect$$$$0000000B  mc_w.l(entry9a.o)
    0x00200208   0x00200208   0x00000000   Code   RO         8643    .ARM.Collect$$$$0000000D  mc_w.l(entry10a.o)
    0x00200208   0x00200208   0x00000000   Code   RO         8645    .ARM.Collect$$$$0000000F  mc_w.l(entry11a.o)
    0x00200208   0x00200208   0x00000004   Code   RO         8634    .ARM.Collect$$$$00002712  mc_w.l(entry2.o)
    0x0020020c   0x0020020c   0x000000c2   Code   RO         7991    .emb_text           port.o
    0x002002ce   0x002002ce   0x00000002   PAD
    0x002002d0   0x002002d0   0x00000024   Code   RO         1952    .text               startup_stm32f767xx.o
    0x002002f4   0x002002f4   0x00000062   Code   RO         8593    .text               mc_w.l(uldiv.o)
    0x00200356   0x00200356   0x00000024   Code   RO         8595    .text               mc_w.l(memcpya.o)
    0x0020037a   0x0020037a   0x00000024   Code   RO         8599    .text               mc_w.l(memseta.o)
    0x0020039e   0x0020039e   0x0000000e   Code   RO         8601    .text               mc_w.l(strlen.o)
    0x002003ac   0x002003ac   0x0000001e   Code   RO         8647    .text               mc_w.l(llshl.o)
    0x002003ca   0x002003ca   0x00000020   Code   RO         8649    .text               mc_w.l(llushr.o)
    0x002003ea   0x002003ea   0x00000002   PAD
    0x002003ec   0x002003ec   0x00000024   Code   RO         8653    .text               mc_w.l(init.o)
    0x00200410   0x00200410   0x0000005e   Code   RO         8663    .text               mc_w.l(__dclz77c.o)
    0x0020046e   0x0020046e   0x00000002   PAD
    0x00200470   0x00200470   0x0000001c   Code   RO         1681    i.ADC_IRQHandler    stm32f7xx_it.o
    0x0020048c   0x0020048c   0x00000002   Code   RO          797    i.BSP_SD_AbortCallback  bsp_driver_sd.o
    0x0020048e   0x0020048e   0x00000002   PAD
    0x00200490   0x00200490   0x00000014   Code   RO          911    i.BSP_SD_ReadCpltCallback  sd_diskio.o
    0x002004a4   0x002004a4   0x00000014   Code   RO          912    i.BSP_SD_WriteCpltCallback  sd_diskio.o
    0x002004b8   0x002004b8   0x00000002   Code   RO         1682    i.BusFault_Handler  stm32f7xx_it.o
    0x002004ba   0x002004ba   0x00000002   PAD
    0x002004bc   0x002004bc   0x0000000c   Code   RO         1683    i.CAN1_RX0_IRQHandler  stm32f7xx_it.o
    0x002004c8   0x002004c8   0x0000000c   Code   RO         1684    i.CAN1_RX1_IRQHandler  stm32f7xx_it.o
    0x002004d4   0x002004d4   0x0000000c   Code   RO         1685    i.CAN1_SCE_IRQHandler  stm32f7xx_it.o
    0x002004e0   0x002004e0   0x0000000c   Code   RO         1686    i.CAN1_TX_IRQHandler  stm32f7xx_it.o
    0x002004ec   0x002004ec   0x00000038   Code   RO          754    i.CAN_acquisitionOffSend  can.o
    0x00200524   0x00200524   0x0000003c   Code   RO          748    i.CAN_acquisitionOnSend  can.o
    0x00200560   0x00200560   0x0000000c   Code   RO         1687    i.DMA2_Stream0_IRQHandler  stm32f7xx_it.o
    0x0020056c   0x0020056c   0x0000000c   Code   RO         1688    i.DMA2_Stream2_IRQHandler  stm32f7xx_it.o
    0x00200578   0x00200578   0x0000000c   Code   RO         1689    i.DMA2_Stream3_IRQHandler  stm32f7xx_it.o
    0x00200584   0x00200584   0x0000000c   Code   RO         1690    i.DMA2_Stream5_IRQHandler  stm32f7xx_it.o
    0x00200590   0x00200590   0x0000000c   Code   RO         1691    i.DMA2_Stream6_IRQHandler  stm32f7xx_it.o
    0x0020059c   0x0020059c   0x0000000c   Code   RO         1692    i.DMA2_Stream7_IRQHandler  stm32f7xx_it.o
    0x002005a8   0x002005a8   0x00000002   Code   RO         1693    i.DebugMon_Handler  stm32f7xx_it.o
    0x002005aa   0x002005aa   0x00000008   Code   RO         1694    i.EXTI15_10_IRQHandler  stm32f7xx_it.o
    0x002005b2   0x002005b2   0x00000008   Code   RO         1695    i.EXTI9_5_IRQHandler  stm32f7xx_it.o
    0x002005ba   0x002005ba   0x00000002   PAD
    0x002005bc   0x002005bc   0x00000034   Code   RO          490    i.Error_Handler     main.o
    0x002005f0   0x002005f0   0x00000054   Code   RO         6816    i.FATFS_LinkDriver  ff_gen_drv.o
    0x00200644   0x00200644   0x0000003c   Code   RO         6818    i.FATFS_UnLinkDriver  ff_gen_drv.o
    0x00200680   0x00200680   0x00000002   Code   RO         2578    i.HAL_ADCEx_InjectedConvCpltCallback  stm32f7xx_hal_adc_ex.o
    0x00200682   0x00200682   0x00000002   PAD
    0x00200684   0x00200684   0x000001cc   Code   RO         2413    i.HAL_ADC_ConfigChannel  stm32f7xx_hal_adc.o
    0x00200850   0x00200850   0x00000002   Code   RO         2414    i.HAL_ADC_ConvCpltCallback  stm32f7xx_hal_adc.o
    0x00200852   0x00200852   0x00000002   Code   RO         2417    i.HAL_ADC_ErrorCallback  stm32f7xx_hal_adc.o
    0x00200854   0x00200854   0x00000156   Code   RO         2421    i.HAL_ADC_IRQHandler  stm32f7xx_hal_adc.o
    0x002009aa   0x002009aa   0x00000002   PAD
    0x002009ac   0x002009ac   0x00000180   Code   RO         2422    i.HAL_ADC_Init      stm32f7xx_hal_adc.o
    0x00200b2c   0x00200b2c   0x00000002   Code   RO         2423    i.HAL_ADC_LevelOutOfWindowCallback  stm32f7xx_hal_adc.o
    0x00200b2e   0x00200b2e   0x00000002   PAD
    0x00200b30   0x00200b30   0x00000190   Code   RO          631    i.HAL_ADC_MspInit   adc.o
    0x00200cc0   0x00200cc0   0x0000002a   Code   RO         2680    i.HAL_CAN_ActivateNotification  stm32f7xx_hal_can.o
    0x00200cea   0x00200cea   0x00000002   PAD
    0x00200cec   0x00200cec   0x000000e6   Code   RO         2681    i.HAL_CAN_AddTxMessage  stm32f7xx_hal_can.o
    0x00200dd2   0x00200dd2   0x00000002   PAD
    0x00200dd4   0x00200dd4   0x00000130   Code   RO         2682    i.HAL_CAN_ConfigFilter  stm32f7xx_hal_can.o
    0x00200f04   0x00200f04   0x00000002   Code   RO         2685    i.HAL_CAN_ErrorCallback  stm32f7xx_hal_can.o
    0x00200f06   0x00200f06   0x00000118   Code   RO         2688    i.HAL_CAN_GetRxMessage  stm32f7xx_hal_can.o
    0x0020101e   0x0020101e   0x00000236   Code   RO         2692    i.HAL_CAN_IRQHandler  stm32f7xx_hal_can.o
    0x00201254   0x00201254   0x0000012a   Code   RO         2693    i.HAL_CAN_Init      stm32f7xx_hal_can.o
    0x0020137e   0x0020137e   0x00000002   PAD
    0x00201380   0x00201380   0x000000b4   Code   RO          679    i.HAL_CAN_MspInit   can.o
    0x00201434   0x00201434   0x00000002   Code   RO         2700    i.HAL_CAN_RxFifo0FullCallback  stm32f7xx_hal_can.o
    0x00201436   0x00201436   0x00000002   PAD
    0x00201438   0x00201438   0x0000003c   Code   RO          680    i.HAL_CAN_RxFifo0MsgPendingCallback  can.o
    0x00201474   0x00201474   0x00000002   Code   RO         2702    i.HAL_CAN_RxFifo1FullCallback  stm32f7xx_hal_can.o
    0x00201476   0x00201476   0x00000002   PAD
    0x00201478   0x00201478   0x0000003c   Code   RO          681    i.HAL_CAN_RxFifo1MsgPendingCallback  can.o
    0x002014b4   0x002014b4   0x00000002   Code   RO         2704    i.HAL_CAN_SleepCallback  stm32f7xx_hal_can.o
    0x002014b6   0x002014b6   0x00000002   PAD
    0x002014b8   0x002014b8   0x00000064   Code   RO         2705    i.HAL_CAN_Start     stm32f7xx_hal_can.o
    0x0020151c   0x0020151c   0x00000002   Code   RO         2707    i.HAL_CAN_TxMailbox0AbortCallback  stm32f7xx_hal_can.o
    0x0020151e   0x0020151e   0x00000002   Code   RO          682    i.HAL_CAN_TxMailbox0CompleteCallback  can.o
    0x00201520   0x00201520   0x00000002   Code   RO         2709    i.HAL_CAN_TxMailbox1AbortCallback  stm32f7xx_hal_can.o
    0x00201522   0x00201522   0x00000002   Code   RO          683    i.HAL_CAN_TxMailbox1CompleteCallback  can.o
    0x00201524   0x00201524   0x00000002   Code   RO         2711    i.HAL_CAN_TxMailbox2AbortCallback  stm32f7xx_hal_can.o
    0x00201526   0x00201526   0x00000002   Code   RO          684    i.HAL_CAN_TxMailbox2CompleteCallback  can.o
    0x00201528   0x00201528   0x00000002   Code   RO         2714    i.HAL_CAN_WakeUpFromRxMsgCallback  stm32f7xx_hal_can.o
    0x0020152a   0x0020152a   0x00000024   Code   RO         5985    i.HAL_DMA_Abort_IT  stm32f7xx_hal_dma.o
    0x0020154e   0x0020154e   0x00000002   PAD
    0x00201550   0x00201550   0x000001dc   Code   RO         5989    i.HAL_DMA_IRQHandler  stm32f7xx_hal_dma.o
    0x0020172c   0x0020172c   0x00000174   Code   RO         5990    i.HAL_DMA_Init      stm32f7xx_hal_dma.o
    0x002018a0   0x002018a0   0x00000028   Code   RO         6334    i.HAL_Delay         stm32f7xx_hal.o
    0x002018c8   0x002018c8   0x00000002   Code   RO         5919    i.HAL_GPIO_EXTI_Callback  stm32f7xx_hal_gpio.o
    0x002018ca   0x002018ca   0x00000002   PAD
    0x002018cc   0x002018cc   0x00000018   Code   RO         5920    i.HAL_GPIO_EXTI_IRQHandler  stm32f7xx_hal_gpio.o
    0x002018e4   0x002018e4   0x00000258   Code   RO         5921    i.HAL_GPIO_Init     stm32f7xx_hal_gpio.o
    0x00201b3c   0x00201b3c   0x0000000e   Code   RO         5924    i.HAL_GPIO_TogglePin  stm32f7xx_hal_gpio.o
    0x00201b4a   0x00201b4a   0x0000000a   Code   RO         5925    i.HAL_GPIO_WritePin  stm32f7xx_hal_gpio.o
    0x00201b54   0x00201b54   0x0000000c   Code   RO         6344    i.HAL_GetTick       stm32f7xx_hal.o
    0x00201b60   0x00201b60   0x00000008   Code   RO         1473    i.HAL_HCD_Connect_Callback  usbh_conf.o
    0x00201b68   0x00201b68   0x00000008   Code   RO         1474    i.HAL_HCD_Disconnect_Callback  usbh_conf.o
    0x00201b70   0x00201b70   0x00000006   Code   RO         1962    i.HAL_HCD_GetCurrentFrame  stm32f7xx_hal_hcd.o
    0x00201b76   0x00201b76   0x00000006   Code   RO         1963    i.HAL_HCD_GetCurrentSpeed  stm32f7xx_hal_hcd.o
    0x00201b7c   0x00201b7c   0x0000000e   Code   RO         1966    i.HAL_HCD_HC_GetURBState  stm32f7xx_hal_hcd.o
    0x00201b8a   0x00201b8a   0x0000000c   Code   RO         1967    i.HAL_HCD_HC_GetXferCount  stm32f7xx_hal_hcd.o
    0x00201b96   0x00201b96   0x00000024   Code   RO         1968    i.HAL_HCD_HC_Halt   stm32f7xx_hal_hcd.o
    0x00201bba   0x00201bba   0x00000076   Code   RO         1969    i.HAL_HCD_HC_Init   stm32f7xx_hal_hcd.o
    0x00201c30   0x00201c30   0x00000008   Code   RO         1475    i.HAL_HCD_HC_NotifyURBChange_Callback  usbh_conf.o
    0x00201c38   0x00201c38   0x000000ac   Code   RO         1971    i.HAL_HCD_HC_SubmitRequest  stm32f7xx_hal_hcd.o
    0x00201ce4   0x00201ce4   0x00000738   Code   RO         1972    i.HAL_HCD_IRQHandler  stm32f7xx_hal_hcd.o
    0x0020241c   0x0020241c   0x0000007c   Code   RO         1973    i.HAL_HCD_Init      stm32f7xx_hal_hcd.o
    0x00202498   0x00202498   0x00000098   Code   RO         1477    i.HAL_HCD_MspInit   usbh_conf.o
    0x00202530   0x00202530   0x00000008   Code   RO         1478    i.HAL_HCD_PortDisabled_Callback  usbh_conf.o
    0x00202538   0x00202538   0x00000008   Code   RO         1479    i.HAL_HCD_PortEnabled_Callback  usbh_conf.o
    0x00202540   0x00202540   0x00000006   Code   RO         1978    i.HAL_HCD_ResetPort  stm32f7xx_hal_hcd.o
    0x00202546   0x00202546   0x00000008   Code   RO         1480    i.HAL_HCD_SOF_Callback  usbh_conf.o
    0x0020254e   0x0020254e   0x0000002c   Code   RO         1980    i.HAL_HCD_Start     stm32f7xx_hal_hcd.o
    0x0020257a   0x0020257a   0x00000024   Code   RO         1981    i.HAL_HCD_Stop      stm32f7xx_hal_hcd.o
    0x0020259e   0x0020259e   0x00000064   Code   RO         3460    i.HAL_I2CEx_ConfigAnalogFilter  stm32f7xx_hal_i2c_ex.o
    0x00202602   0x00202602   0x00000060   Code   RO         3461    i.HAL_I2CEx_ConfigDigitalFilter  stm32f7xx_hal_i2c_ex.o
    0x00202662   0x00202662   0x00000002   Code   RO         3043    i.HAL_I2C_AbortCpltCallback  stm32f7xx_hal_i2c.o
    0x00202664   0x00202664   0x00000002   Code   RO         3044    i.HAL_I2C_AddrCallback  stm32f7xx_hal_i2c.o
    0x00202666   0x00202666   0x00000076   Code   RO         3047    i.HAL_I2C_ER_IRQHandler  stm32f7xx_hal_i2c.o
    0x002026dc   0x002026dc   0x00000010   Code   RO         3048    i.HAL_I2C_EV_IRQHandler  stm32f7xx_hal_i2c.o
    0x002026ec   0x002026ec   0x00000002   Code   RO         3050    i.HAL_I2C_ErrorCallback  stm32f7xx_hal_i2c.o
    0x002026ee   0x002026ee   0x000000b4   Code   RO         3054    i.HAL_I2C_Init      stm32f7xx_hal_i2c.o
    0x002027a2   0x002027a2   0x00000002   Code   RO         3056    i.HAL_I2C_ListenCpltCallback  stm32f7xx_hal_i2c.o
    0x002027a4   0x002027a4   0x00000094   Code   RO         1196    i.HAL_I2C_MspInit   i2c.o
    0x00202838   0x00202838   0x00000002   Code   RO         3080    i.HAL_I2C_SlaveRxCpltCallback  stm32f7xx_hal_i2c.o
    0x0020283a   0x0020283a   0x00000002   Code   RO         3081    i.HAL_I2C_SlaveTxCpltCallback  stm32f7xx_hal_i2c.o
    0x0020283c   0x0020283c   0x00000010   Code   RO         6350    i.HAL_IncTick       stm32f7xx_hal.o
    0x0020284c   0x0020284c   0x0000002c   Code   RO         6351    i.HAL_Init          stm32f7xx_hal.o
    0x00202878   0x00202878   0x0000007c   Code   RO         1913    i.HAL_InitTick      stm32f7xx_hal_timebase_tim.o
    0x002028f4   0x002028f4   0x0000003c   Code   RO         1889    i.HAL_MspInit       stm32f7xx_hal_msp.o
    0x00202930   0x00202930   0x0000001e   Code   RO         2918    i.HAL_NVIC_EnableIRQ  stm32f7xx_hal_cortex.o
    0x0020294e   0x0020294e   0x00000002   PAD
    0x00202950   0x00202950   0x00000060   Code   RO         2924    i.HAL_NVIC_SetPriority  stm32f7xx_hal_cortex.o
    0x002029b0   0x002029b0   0x00000024   Code   RO         2925    i.HAL_NVIC_SetPriorityGrouping  stm32f7xx_hal_cortex.o
    0x002029d4   0x002029d4   0x0000007c   Code   RO         6241    i.HAL_PWREx_EnableOverDrive  stm32f7xx_hal_pwr_ex.o
    0x00202a50   0x00202a50   0x000005e0   Code   RO         5723    i.HAL_RCCEx_PeriphCLKConfig  stm32f7xx_hal_rcc_ex.o
    0x00203030   0x00203030   0x000001c8   Code   RO         5617    i.HAL_RCC_ClockConfig  stm32f7xx_hal_rcc.o
    0x002031f8   0x002031f8   0x00000048   Code   RO         5621    i.HAL_RCC_GetClockConfig  stm32f7xx_hal_rcc.o
    0x00203240   0x00203240   0x00000020   Code   RO         5624    i.HAL_RCC_GetPCLK1Freq  stm32f7xx_hal_rcc.o
    0x00203260   0x00203260   0x00000020   Code   RO         5625    i.HAL_RCC_GetPCLK2Freq  stm32f7xx_hal_rcc.o
    0x00203280   0x00203280   0x00000074   Code   RO         5626    i.HAL_RCC_GetSysClockFreq  stm32f7xx_hal_rcc.o
    0x002032f4   0x002032f4   0x000003c4   Code   RO         5629    i.HAL_RCC_OscConfig  stm32f7xx_hal_rcc.o
    0x002036b8   0x002036b8   0x000000ca   Code   RO         3510    i.HAL_RTC_Init      stm32f7xx_hal_rtc.o
    0x00203782   0x00203782   0x00000002   PAD
    0x00203784   0x00203784   0x00000020   Code   RO         1238    i.HAL_RTC_MspInit   rtc.o
    0x002037a4   0x002037a4   0x00000126   Code   RO         3516    i.HAL_RTC_SetDate   stm32f7xx_hal_rtc.o
    0x002038ca   0x002038ca   0x00000002   PAD
    0x002038cc   0x002038cc   0x0000014c   Code   RO         3517    i.HAL_RTC_SetTime   stm32f7xx_hal_rtc.o
    0x00203a18   0x00203a18   0x00000008   Code   RO          810    i.HAL_SD_AbortCallback  bsp_driver_sd.o
    0x00203a20   0x00203a20   0x00000002   Code   RO         4133    i.HAL_SD_ErrorCallback  stm32f7xx_hal_sd.o
    0x00203a22   0x00203a22   0x0000002c   Code   RO         4137    i.HAL_SD_GetCardState  stm32f7xx_hal_sd.o
    0x00203a4e   0x00203a4e   0x00000002   PAD
    0x00203a50   0x00203a50   0x0000024c   Code   RO         4141    i.HAL_SD_IRQHandler  stm32f7xx_hal_sd.o
    0x00203c9c   0x00203c9c   0x00000008   Code   RO          811    i.HAL_SD_RxCpltCallback  bsp_driver_sd.o
    0x00203ca4   0x00203ca4   0x00000008   Code   RO          812    i.HAL_SD_TxCpltCallback  bsp_driver_sd.o
    0x00203cac   0x00203cac   0x00000002   Code   RO         4977    i.HAL_TIMEx_Break2Callback  stm32f7xx_hal_tim_ex.o
    0x00203cae   0x00203cae   0x00000002   Code   RO         4978    i.HAL_TIMEx_BreakCallback  stm32f7xx_hal_tim_ex.o
    0x00203cb0   0x00203cb0   0x00000002   Code   RO         4979    i.HAL_TIMEx_CommutCallback  stm32f7xx_hal_tim_ex.o
    0x00203cb2   0x00203cb2   0x00000064   Code   RO         4998    i.HAL_TIMEx_MasterConfigSynchronization  stm32f7xx_hal_tim_ex.o
    0x00203d16   0x00203d16   0x00000036   Code   RO         4339    i.HAL_TIM_Base_Init  stm32f7xx_hal_tim.o
    0x00203d4c   0x00203d4c   0x00000098   Code   RO         1322    i.HAL_TIM_Base_MspInit  tim.o
    0x00203de4   0x00203de4   0x00000030   Code   RO         4344    i.HAL_TIM_Base_Start_IT  stm32f7xx_hal_tim.o
    0x00203e14   0x00203e14   0x00000190   Code   RO         4348    i.HAL_TIM_ConfigClockSource  stm32f7xx_hal_tim.o
    0x00203fa4   0x00203fa4   0x00000002   Code   RO         4368    i.HAL_TIM_IC_CaptureCallback  stm32f7xx_hal_tim.o
    0x00203fa6   0x00203fa6   0x00000188   Code   RO         4382    i.HAL_TIM_IRQHandler  stm32f7xx_hal_tim.o
    0x0020412e   0x0020412e   0x00000002   Code   RO         4385    i.HAL_TIM_OC_DelayElapsedCallback  stm32f7xx_hal_tim.o
    0x00204130   0x00204130   0x00000002   Code   RO         4412    i.HAL_TIM_PWM_PulseFinishedCallback  stm32f7xx_hal_tim.o
    0x00204132   0x00204132   0x00000002   PAD
    0x00204134   0x00204134   0x00000080   Code   RO          491    i.HAL_TIM_PeriodElapsedCallback  main.o
    0x002041b4   0x002041b4   0x00000002   Code   RO         4425    i.HAL_TIM_TriggerCallback  stm32f7xx_hal_tim.o
    0x002041b6   0x002041b6   0x00000002   Code   RO         5263    i.HAL_UART_ErrorCallback  stm32f7xx_hal_uart.o
    0x002041b8   0x002041b8   0x00000184   Code   RO         5266    i.HAL_UART_IRQHandler  stm32f7xx_hal_uart.o
    0x0020433c   0x0020433c   0x0000006a   Code   RO         5267    i.HAL_UART_Init     stm32f7xx_hal_uart.o
    0x002043a6   0x002043a6   0x00000002   PAD
    0x002043a8   0x002043a8   0x0000017c   Code   RO         1376    i.HAL_UART_MspInit  usart.o
    0x00204524   0x00204524   0x000000cc   Code   RO         5272    i.HAL_UART_Receive_IT  stm32f7xx_hal_uart.o
    0x002045f0   0x002045f0   0x00000030   Code   RO          492    i.HAL_UART_RxCpltCallback  main.o
    0x00204620   0x00204620   0x00000002   Code   RO         5278    i.HAL_UART_TxCpltCallback  stm32f7xx_hal_uart.o
    0x00204622   0x00204622   0x00000002   Code   RO         1696    i.HardFault_Handler  stm32f7xx_it.o
    0x00204624   0x00204624   0x0000000c   Code   RO         1697    i.I2C4_ER_IRQHandler  stm32f7xx_it.o
    0x00204630   0x00204630   0x0000000c   Code   RO         1698    i.I2C4_EV_IRQHandler  stm32f7xx_it.o
    0x0020463c   0x0020463c   0x00000028   Code   RO         3092    i.I2C_DMAAbort      stm32f7xx_hal_i2c.o
    0x00204664   0x00204664   0x00000062   Code   RO         3098    i.I2C_Disable_IRQ   stm32f7xx_hal_i2c.o
    0x002046c6   0x002046c6   0x00000002   PAD
    0x002046c8   0x002046c8   0x000000f4   Code   RO         3100    i.I2C_ITError       stm32f7xx_hal_i2c.o
    0x002047bc   0x002047bc   0x00000168   Code   RO         3102    i.I2C_ITSlaveCplt   stm32f7xx_hal_i2c.o
    0x00204924   0x00204924   0x00000056   Code   RO         3103    i.I2C_ITSlaveSeqCplt  stm32f7xx_hal_i2c.o
    0x0020497a   0x0020497a   0x00000002   PAD
    0x0020497c   0x0020497c   0x00000264   Code   RO         3109    i.I2C_Slave_ISR_IT  stm32f7xx_hal_i2c.o
    0x00204be0   0x00204be0   0x0000010c   Code   RO          632    i.MX_ADC1_Init      adc.o
    0x00204cec   0x00204cec   0x0000009c   Code   RO          633    i.MX_ADC2_Init      adc.o
    0x00204d88   0x00204d88   0x00000048   Code   RO          685    i.MX_CAN1_Init      can.o
    0x00204dd0   0x00204dd0   0x0000007c   Code   RO          773    i.MX_DMA_Init       dma.o
    0x00204e4c   0x00204e4c   0x00000018   Code   RO         1657    i.MX_DriverVbusHS   usbh_platform.o
    0x00204e64   0x00204e64   0x00000034   Code   RO          999    i.MX_FATFS_Init     fatfs.o
    0x00204e98   0x00204e98   0x00000108   Code   RO         1121    i.MX_FREERTOS_Init  freertos.o
    0x00204fa0   0x00204fa0   0x0000016c   Code   RO          606    i.MX_GPIO_Init      gpio.o
    0x0020510c   0x0020510c   0x00000060   Code   RO         1197    i.MX_I2C4_Init      i2c.o
    0x0020516c   0x0020516c   0x00000088   Code   RO         1239    i.MX_RTC_Init       rtc.o
    0x002051f4   0x002051f4   0x00000024   Code   RO         1281    i.MX_SDMMC1_SD_Init  sdmmc.o
    0x00205218   0x00205218   0x00000070   Code   RO         1323    i.MX_TIM5_Init      tim.o
    0x00205288   0x00205288   0x00000050   Code   RO         1324    i.MX_TIM6_Init      tim.o
    0x002052d8   0x002052d8   0x00000050   Code   RO         1325    i.MX_TIM7_Init      tim.o
    0x00205328   0x00205328   0x00000050   Code   RO         1377    i.MX_USART1_UART_Init  usart.o
    0x00205378   0x00205378   0x0000004c   Code   RO         1378    i.MX_USART2_UART_Init  usart.o
    0x002053c4   0x002053c4   0x00000002   Code   RO         1699    i.MemManage_Handler  stm32f7xx_it.o
    0x002053c6   0x002053c6   0x00000002   Code   RO         1700    i.NMI_Handler       stm32f7xx_it.o
    0x002053c8   0x002053c8   0x0000000c   Code   RO         1701    i.OTG_HS_EP1_IN_IRQHandler  stm32f7xx_it.o
    0x002053d4   0x002053d4   0x0000000c   Code   RO         1702    i.OTG_HS_EP1_OUT_IRQHandler  stm32f7xx_it.o
    0x002053e0   0x002053e0   0x0000000c   Code   RO         1703    i.OTG_HS_IRQHandler  stm32f7xx_it.o
    0x002053ec   0x002053ec   0x00000032   Code   RO         3520    i.RTC_ByteToBcd2    stm32f7xx_hal_rtc.o
    0x0020541e   0x0020541e   0x00000002   PAD
    0x00205420   0x00205420   0x0000000c   Code   RO         1704    i.SDMMC1_IRQHandler  stm32f7xx_it.o
    0x0020542c   0x0020542c   0x0000001a   Code   RO         3896    i.SDMMC_CmdSendStatus  stm32f7xx_ll_sdmmc.o
    0x00205446   0x00205446   0x00000002   PAD
    0x00205448   0x00205448   0x00000020   Code   RO         3899    i.SDMMC_CmdStopTransfer  stm32f7xx_ll_sdmmc.o
    0x00205468   0x00205468   0x00000178   Code   RO         3904    i.SDMMC_GetCmdResp1  stm32f7xx_ll_sdmmc.o
    0x002055e0   0x002055e0   0x0000000e   Code   RO         3909    i.SDMMC_GetResponse  stm32f7xx_ll_sdmmc.o
    0x002055ee   0x002055ee   0x00000006   Code   RO         3913    i.SDMMC_ReadFIFO    stm32f7xx_ll_sdmmc.o
    0x002055f4   0x002055f4   0x0000000a   Code   RO         3916    i.SDMMC_WriteFIFO   stm32f7xx_ll_sdmmc.o
    0x002055fe   0x002055fe   0x0000004c   Code   RO         4156    i.SD_DMARxAbort     stm32f7xx_hal_sd.o
    0x0020564a   0x0020564a   0x0000004c   Code   RO         4158    i.SD_DMATxAbort     stm32f7xx_hal_sd.o
    0x00205696   0x00205696   0x00000002   PAD
    0x00205698   0x00205698   0x00000030   Code   RO         7992    i.SysTick_Handler   port.o
    0x002056c8   0x002056c8   0x0000019c   Code   RO          493    i.SystemClock_Config  main.o
    0x00205864   0x00205864   0x00000060   Code   RO         6610    i.SystemInit        system_stm32f7xx.o
    0x002058c4   0x002058c4   0x0000000c   Code   RO         1705    i.TIM1_UP_TIM10_IRQHandler  stm32f7xx_it.o
    0x002058d0   0x002058d0   0x0000000c   Code   RO         1706    i.TIM5_IRQHandler   stm32f7xx_it.o
    0x002058dc   0x002058dc   0x0000000c   Code   RO         1707    i.TIM6_DAC_IRQHandler  stm32f7xx_it.o
    0x002058e8   0x002058e8   0x0000000c   Code   RO         1708    i.TIM7_IRQHandler   stm32f7xx_it.o
    0x002058f4   0x002058f4   0x000000cc   Code   RO         4427    i.TIM_Base_SetConfig  stm32f7xx_hal_tim.o
    0x002059c0   0x002059c0   0x000000da   Code   RO         5280    i.UART_AdvFeatureConfig  stm32f7xx_hal_uart.o
    0x00205a9a   0x00205a9a   0x00000040   Code   RO         5281    i.UART_CheckIdleState  stm32f7xx_hal_uart.o
    0x00205ada   0x00205ada   0x00000014   Code   RO         5282    i.UART_DMAAbortOnError  stm32f7xx_hal_uart.o
    0x00205aee   0x00205aee   0x00000064   Code   RO         5292    i.UART_RxISR_16BIT  stm32f7xx_hal_uart.o
    0x00205b52   0x00205b52   0x00000064   Code   RO         5293    i.UART_RxISR_8BIT   stm32f7xx_hal_uart.o
    0x00205bb6   0x00205bb6   0x00000002   PAD
    0x00205bb8   0x00205bb8   0x000002bc   Code   RO         5294    i.UART_SetConfig    stm32f7xx_hal_uart.o
    0x00205e74   0x00205e74   0x00000072   Code   RO         5297    i.UART_WaitOnFlagUntilTimeout  stm32f7xx_hal_uart.o
    0x00205ee6   0x00205ee6   0x00000002   PAD
    0x00205ee8   0x00205ee8   0x0000000c   Code   RO         1709    i.USART1_IRQHandler  stm32f7xx_it.o
    0x00205ef4   0x00205ef4   0x0000000c   Code   RO         1710    i.USART2_IRQHandler  stm32f7xx_it.o
    0x00205f00   0x00205f00   0x0000003e   Code   RO         8369    i.USBH_AllocPipe    usbh_pipes.o
    0x00205f3e   0x00205f3e   0x00000026   Code   RO         8297    i.USBH_BulkReceiveData  usbh_ioreq.o
    0x00205f64   0x00205f64   0x00000030   Code   RO         8298    i.USBH_BulkSendData  usbh_ioreq.o
    0x00205f94   0x00205f94   0x0000000a   Code   RO         8370    i.USBH_ClosePipe    usbh_pipes.o
    0x00205f9e   0x00205f9e   0x00000022   Code   RO         8214    i.USBH_ClrFeature   usbh_ctlreq.o
    0x00205fc0   0x00205fc0   0x00000026   Code   RO         8299    i.USBH_CtlReceiveData  usbh_ioreq.o
    0x00205fe6   0x00205fe6   0x00000256   Code   RO         8215    i.USBH_CtlReq       usbh_ctlreq.o
    0x0020623c   0x0020623c   0x00000030   Code   RO         8300    i.USBH_CtlSendData  usbh_ioreq.o
    0x0020626c   0x0020626c   0x00000022   Code   RO         8301    i.USBH_CtlSendSetup  usbh_ioreq.o
    0x0020628e   0x0020628e   0x00000004   Code   RO         1481    i.USBH_Delay        usbh_conf.o
    0x00206292   0x00206292   0x00000050   Code   RO         8072    i.USBH_FindInterface  usbh_core.o
    0x002062e2   0x002062e2   0x00000018   Code   RO         8371    i.USBH_FreePipe     usbh_pipes.o
    0x002062fa   0x002062fa   0x00000002   PAD
    0x002062fc   0x002062fc   0x0000015e   Code   RO         8218    i.USBH_Get_CfgDesc  usbh_ctlreq.o
    0x0020645a   0x0020645a   0x000000b8   Code   RO         8219    i.USBH_Get_DevDesc  usbh_ctlreq.o
    0x00206512   0x00206512   0x00000002   PAD
    0x00206514   0x00206514   0x00000090   Code   RO         8220    i.USBH_Get_StringDesc  usbh_ctlreq.o
    0x002065a4   0x002065a4   0x0000009c   Code   RO         8075    i.USBH_Init         usbh_core.o
    0x00206640   0x00206640   0x00000024   Code   RO         1483    i.USBH_LL_ClosePipe  usbh_conf.o
    0x00206664   0x00206664   0x0000003c   Code   RO         8077    i.USBH_LL_Connect   usbh_core.o
    0x002066a0   0x002066a0   0x00000048   Code   RO         8078    i.USBH_LL_Disconnect  usbh_core.o
    0x002066e8   0x002066e8   0x0000001a   Code   RO         1485    i.USBH_LL_DriverVBUS  usbh_conf.o
    0x00206702   0x00206702   0x00000008   Code   RO         1486    i.USBH_LL_GetLastXferSize  usbh_conf.o
    0x0020670a   0x0020670a   0x00000020   Code   RO         1487    i.USBH_LL_GetSpeed  usbh_conf.o
    0x0020672a   0x0020672a   0x0000001e   Code   RO         1488    i.USBH_LL_GetToggle  usbh_conf.o
    0x00206748   0x00206748   0x00000008   Code   RO         1489    i.USBH_LL_GetURBState  usbh_conf.o
    0x00206750   0x00206750   0x00000020   Code   RO         8079    i.USBH_LL_IncTimer  usbh_core.o
    0x00206770   0x00206770   0x0000005c   Code   RO         1490    i.USBH_LL_Init      usbh_conf.o
    0x002067cc   0x002067cc   0x00000016   Code   RO         8080    i.USBH_LL_NotifyURBChange  usbh_core.o
    0x002067e2   0x002067e2   0x0000003c   Code   RO         1491    i.USBH_LL_OpenPipe  usbh_conf.o
    0x0020681e   0x0020681e   0x00000008   Code   RO         8081    i.USBH_LL_PortDisabled  usbh_core.o
    0x00206826   0x00206826   0x00000008   Code   RO         8082    i.USBH_LL_PortEnabled  usbh_core.o
    0x0020682e   0x0020682e   0x00000024   Code   RO         1492    i.USBH_LL_ResetPort  usbh_conf.o
    0x00206852   0x00206852   0x00000006   Code   RO         8083    i.USBH_LL_SetTimer  usbh_core.o
    0x00206858   0x00206858   0x00000020   Code   RO         1493    i.USBH_LL_SetToggle  usbh_conf.o
    0x00206878   0x00206878   0x00000024   Code   RO         1494    i.USBH_LL_Start     usbh_conf.o
    0x0020689c   0x0020689c   0x00000024   Code   RO         1495    i.USBH_LL_Stop      usbh_conf.o
    0x002068c0   0x002068c0   0x00000038   Code   RO         1496    i.USBH_LL_SubmitURB  usbh_conf.o
    0x002068f8   0x002068f8   0x00000024   Code   RO         8497    i.USBH_MSC_BOT_Init  usbh_msc_bot.o
    0x0020691c   0x0020691c   0x00000298   Code   RO         8498    i.USBH_MSC_BOT_Process  usbh_msc_bot.o
    0x00206bb4   0x00206bb4   0x00000020   Code   RO         8499    i.USBH_MSC_BOT_REQ_GetMaxLUN  usbh_msc_bot.o
    0x00206bd4   0x00206bd4   0x00000084   Code   RO         8411    i.USBH_MSC_ClassRequest  usbh_msc.o
    0x00206c58   0x00206c58   0x0000004a   Code   RO         8412    i.USBH_MSC_GetLUNInfo  usbh_msc.o
    0x00206ca2   0x00206ca2   0x0000004a   Code   RO         8414    i.USBH_MSC_InterfaceDeInit  usbh_msc.o
    0x00206cec   0x00206cec   0x00000154   Code   RO         8415    i.USBH_MSC_InterfaceInit  usbh_msc.o
    0x00206e40   0x00206e40   0x000002ca   Code   RO         8417    i.USBH_MSC_Process  usbh_msc.o
    0x0020710a   0x0020710a   0x000001ce   Code   RO         8418    i.USBH_MSC_Read     usbh_msc.o
    0x002072d8   0x002072d8   0x000000de   Code   RO         8539    i.USBH_MSC_SCSI_Inquiry  usbh_msc_scsi.o
    0x002073b6   0x002073b6   0x0000009c   Code   RO         8540    i.USBH_MSC_SCSI_Read  usbh_msc_scsi.o
    0x00207452   0x00207452   0x0000009a   Code   RO         8541    i.USBH_MSC_SCSI_ReadCapacity  usbh_msc_scsi.o
    0x002074ec   0x002074ec   0x000000a8   Code   RO         8542    i.USBH_MSC_SCSI_RequestSense  usbh_msc_scsi.o
    0x00207594   0x00207594   0x0000005c   Code   RO         8543    i.USBH_MSC_SCSI_TestUnitReady  usbh_msc_scsi.o
    0x002075f0   0x002075f0   0x0000009a   Code   RO         8544    i.USBH_MSC_SCSI_Write  usbh_msc_scsi.o
    0x0020768a   0x0020768a   0x00000004   Code   RO         8419    i.USBH_MSC_SOFProcess  usbh_msc.o
    0x0020768e   0x0020768e   0x00000028   Code   RO         8420    i.USBH_MSC_UnitIsReady  usbh_msc.o
    0x002076b6   0x002076b6   0x000001ce   Code   RO         8421    i.USBH_MSC_Write    usbh_msc.o
    0x00207884   0x00207884   0x0000001c   Code   RO         8372    i.USBH_OpenPipe     usbh_pipes.o
    0x002078a0   0x002078a0   0x000003b8   Code   RO         8084    i.USBH_Process      usbh_core.o
    0x00207c58   0x00207c58   0x00000020   Code   RO         8085    i.USBH_Process_OS   usbh_core.o
    0x00207c78   0x00207c78   0x0000001e   Code   RO         8087    i.USBH_RegisterClass  usbh_core.o
    0x00207c96   0x00207c96   0x00000014   Code   RO         8088    i.USBH_SelectInterface  usbh_core.o
    0x00207caa   0x00207caa   0x0000001c   Code   RO         8221    i.USBH_SetAddress   usbh_ctlreq.o
    0x00207cc6   0x00207cc6   0x0000001c   Code   RO         8222    i.USBH_SetCfg       usbh_ctlreq.o
    0x00207ce2   0x00207ce2   0x0000001c   Code   RO         8223    i.USBH_SetFeature   usbh_ctlreq.o
    0x00207cfe   0x00207cfe   0x00000014   Code   RO         8089    i.USBH_Start        usbh_core.o
    0x00207d12   0x00207d12   0x00000002   PAD
    0x00207d14   0x00207d14   0x00000040   Code   RO         1424    i.USBH_UserProcess  usb_host.o
    0x00207d54   0x00207d54   0x00000004   Code   RO         1065    i.USBH_initialize   usbh_diskio.o
    0x00207d58   0x00207d58   0x00000074   Code   RO         1066    i.USBH_ioctl        usbh_diskio.o
    0x00207dcc   0x00207dcc   0x00000090   Code   RO         1067    i.USBH_read         usbh_diskio.o
    0x00207e5c   0x00207e5c   0x0000001c   Code   RO         1068    i.USBH_status       usbh_diskio.o
    0x00207e78   0x00207e78   0x000000a0   Code   RO         1069    i.USBH_write        usbh_diskio.o
    0x00207f18   0x00207f18   0x000000d0   Code   RO         2120    i.USB_CoreInit      stm32f7xx_ll_usb.o
    0x00207fe8   0x00207fe8   0x0000000c   Code   RO         2127    i.USB_DisableGlobalInt  stm32f7xx_ll_usb.o
    0x00207ff4   0x00207ff4   0x00000036   Code   RO         2129    i.USB_DriveVbus     stm32f7xx_ll_usb.o
    0x0020802a   0x0020802a   0x0000000c   Code   RO         2135    i.USB_EnableGlobalInt  stm32f7xx_ll_usb.o
    0x00208036   0x00208036   0x00000008   Code   RO         2138    i.USB_GetCurrentFrame  stm32f7xx_ll_usb.o
    0x0020803e   0x0020803e   0x00000010   Code   RO         2140    i.USB_GetHostSpeed  stm32f7xx_ll_usb.o
    0x0020804e   0x0020804e   0x00000008   Code   RO         2141    i.USB_GetMode       stm32f7xx_ll_usb.o
    0x00208056   0x00208056   0x000000c2   Code   RO         2142    i.USB_HC_Halt       stm32f7xx_ll_usb.o
    0x00208118   0x00208118   0x00000108   Code   RO         2143    i.USB_HC_Init       stm32f7xx_ll_usb.o
    0x00208220   0x00208220   0x00000008   Code   RO         2144    i.USB_HC_ReadInterrupt  stm32f7xx_ll_usb.o
    0x00208228   0x00208228   0x000001c8   Code   RO         2145    i.USB_HC_StartXfer  stm32f7xx_ll_usb.o
    0x002083f0   0x002083f0   0x0000011c   Code   RO         2146    i.USB_HostInit      stm32f7xx_ll_usb.o
    0x0020850c   0x0020850c   0x00000038   Code   RO         2147    i.USB_InitFSLSPClkSel  stm32f7xx_ll_usb.o
    0x00208544   0x00208544   0x00000008   Code   RO         2152    i.USB_ReadInterrupts  stm32f7xx_ll_usb.o
    0x0020854c   0x0020854c   0x00000040   Code   RO         2153    i.USB_ReadPacket    stm32f7xx_ll_usb.o
    0x0020858c   0x0020858c   0x00000030   Code   RO         2154    i.USB_ResetPort     stm32f7xx_ll_usb.o
    0x002085bc   0x002085bc   0x00000030   Code   RO         2155    i.USB_SetCurrentMode  stm32f7xx_ll_usb.o
    0x002085ec   0x002085ec   0x000000ac   Code   RO         2160    i.USB_StopHost      stm32f7xx_ll_usb.o
    0x00208698   0x00208698   0x00000002   Code   RO         1711    i.UsageFault_Handler  stm32f7xx_it.o
    0x0020869a   0x0020869a   0x0000000e   Code   RO         8657    i.__scatterload_copy  mc_w.l(handlers.o)
    0x002086a8   0x002086a8   0x00000002   Code   RO         8658    i.__scatterload_null  mc_w.l(handlers.o)
    0x002086aa   0x002086aa   0x0000000e   Code   RO         8659    i.__scatterload_zeroinit  mc_w.l(handlers.o)
    0x002086b8   0x002086b8   0x00000018   Code   RO         1122    i.aliveTask         freertos.o
    0x002086d0   0x002086d0   0x000005cc   Code   RO           33    i.canDataParser     data.o
    0x00208c9c   0x00208c9c   0x00000020   Code   RO         1123    i.canFifo0UnpackTask  freertos.o
    0x00208cbc   0x00208cbc   0x00000020   Code   RO         1124    i.canFifo1UnpackTask  freertos.o
    0x00208cdc   0x00208cdc   0x0000007c   Code   RO          686    i.canStart          can.o
    0x00208d58   0x00208d58   0x000000b8   Code   RO         6702    i.create_chain      ff.o
    0x00208e10   0x00208e10   0x000001a0   Code   RO            4    i.dataPacketReset   data.o
    0x00208fb0   0x00208fb0   0x000001a8   Code   RO         6703    i.dir_find          ff.o
    0x00209158   0x00209158   0x000001ae   Code   RO         6704    i.dir_next          ff.o
    0x00209306   0x00209306   0x00000098   Code   RO         6705    i.dir_sdi           ff.o
    0x0020939e   0x0020939e   0x00000002   PAD
    0x002093a0   0x002093a0   0x00000028   Code   RO         6647    i.disk_initialize   diskio.o
    0x002093c8   0x002093c8   0x00000018   Code   RO         6648    i.disk_ioctl        diskio.o
    0x002093e0   0x002093e0   0x00000020   Code   RO         6649    i.disk_read         diskio.o
    0x00209400   0x00209400   0x00000014   Code   RO         6650    i.disk_status       diskio.o
    0x00209414   0x00209414   0x00000020   Code   RO         6651    i.disk_write        diskio.o
    0x00209434   0x00209434   0x00000060   Code   RO         6706    i.f_close           ff.o
    0x00209494   0x00209494   0x000000d4   Code   RO         6707    i.f_mount           ff.o
    0x00209568   0x00209568   0x00000944   Code   RO         6708    i.f_open            ff.o
    0x00209eac   0x00209eac   0x000001ce   Code   RO         6710    i.f_sync            ff.o
    0x0020a07a   0x0020a07a   0x00000360   Code   RO         6711    i.f_write           ff.o
    0x0020a3da   0x0020a3da   0x00000002   PAD
    0x0020a3dc   0x0020a3dc   0x00000040   Code   RO         6913    i.ff_convert        ccsbcs.o
    0x0020a41c   0x0020a41c   0x0000001a   Code   RO         6865    i.ff_cre_syncobj    syscall.o
    0x0020a436   0x0020a436   0x0000000a   Code   RO         6866    i.ff_del_syncobj    syscall.o
    0x0020a440   0x0020a440   0x00000004   Code   RO         6867    i.ff_rel_grant      syscall.o
    0x0020a444   0x0020a444   0x00000016   Code   RO         6868    i.ff_req_grant      syscall.o
    0x0020a45a   0x0020a45a   0x00000002   PAD
    0x0020a45c   0x0020a45c   0x000000a0   Code   RO         6914    i.ff_wtoupper       ccsbcs.o
    0x0020a4fc   0x0020a4fc   0x000004a4   Code   RO         6712    i.find_volume       ff.o
    0x0020a9a0   0x0020a9a0   0x00000050   Code   RO         8605    i.free              mc_w.l(malloc.o)
    0x0020a9f0   0x0020a9f0   0x0000000c   Code   RO           49    i.getAcquisitionState  data.o
    0x0020a9fc   0x0020a9fc   0x000000d6   Code   RO         6713    i.get_fat           ff.o
    0x0020aad2   0x0020aad2   0x00000004   Code   RO         1000    i.get_fattime       fatfs.o
    0x0020aad6   0x0020aad6   0x00000002   PAD
    0x0020aad8   0x0020aad8   0x0000015c   Code   RO          464    i.intToStringUnsigned  string_utility.o
    0x0020ac34   0x0020ac34   0x00000134   Code   RO          494    i.main              main.o
    0x0020ad68   0x0020ad68   0x0000006c   Code   RO         8606    i.malloc            mc_w.l(malloc.o)
    0x0020add4   0x0020add4   0x00000056   Code   RO         6714    i.mem_cpy           ff.o
    0x0020ae2a   0x0020ae2a   0x00000038   Code   RO         6715    i.mem_set           ff.o
    0x0020ae62   0x0020ae62   0x0000007c   Code   RO         6716    i.move_window       ff.o
    0x0020aede   0x0020aede   0x0000000a   Code   RO         7593    i.osKernelStart     cmsis_os.o
    0x0020aee8   0x0020aee8   0x0000000a   Code   RO         7602    i.osMessageCreate   cmsis_os.o
    0x0020aef2   0x0020aef2   0x00000002   PAD
    0x0020aef4   0x0020aef4   0x0000009c   Code   RO         7604    i.osMessageGet      cmsis_os.o
    0x0020af90   0x0020af90   0x00000058   Code   RO         7606    i.osMessagePut      cmsis_os.o
    0x0020afe8   0x0020afe8   0x00000026   Code   RO         7619    i.osSemaphoreCreate  cmsis_os.o
    0x0020b00e   0x0020b00e   0x00000016   Code   RO         7620    i.osSemaphoreDelete  cmsis_os.o
    0x0020b024   0x0020b024   0x00000054   Code   RO         7622    i.osSemaphoreRelease  cmsis_os.o
    0x0020b078   0x0020b078   0x00000064   Code   RO         7623    i.osSemaphoreWait   cmsis_os.o
    0x0020b0dc   0x0020b0dc   0x00000034   Code   RO         7627    i.osThreadCreate    cmsis_os.o
    0x0020b110   0x0020b110   0x00000010   Code   RO            5    i.packetCounterReset  data.o
    0x0020b120   0x0020b120   0x00000074   Code   RO         7315    i.prvAddCurrentTaskToDelayedList  tasks.o
    0x0020b194   0x0020b194   0x00000064   Code   RO         7316    i.prvIdleTask       tasks.o
    0x0020b1f8   0x0020b1f8   0x00000030   Code   RO         7993    i.prvTaskExitError  port.o
    0x0020b228   0x0020b228   0x0000006c   Code   RO         7074    i.prvUnlockQueue    queue.o
    0x0020b294   0x0020b294   0x00000128   Code   RO         6717    i.put_fat           ff.o
    0x0020b3bc   0x0020b3bc   0x000001a8   Code   RO         7940    i.pvPortMalloc      heap_4.o
    0x0020b564   0x0020b564   0x00000018   Code   RO         7317    i.pvTaskIncrementMutexHeldCount  tasks.o
    0x0020b57c   0x0020b57c   0x00000030   Code   RO         7994    i.pxPortInitialiseStack  port.o
    0x0020b5ac   0x0020b5ac   0x0000000c   Code   RO           77    i.resetUsbPresentState  data.o
    0x0020b5b8   0x0020b5b8   0x0000000c   Code   RO           83    i.resetUsbReadyState  data.o
    0x0020b5c4   0x0020b5c4   0x00000034   Code   RO         1125    i.saveUsbTask       freertos.o
    0x0020b5f8   0x0020b5f8   0x0000000c   Code   RO           71    i.setUsbReadyState  data.o
    0x0020b604   0x0020b604   0x00000220   Code   RO           59    i.startAcquisitionStateMachine  data.o
    0x0020b824   0x0020b824   0x0000002c   Code   RO         1126    i.startAcquisitionStateMachineTask  freertos.o
    0x0020b850   0x0020b850   0x00000030   Code   RO         1425    i.usbInitStart      usb_host.o
    0x0020b880   0x0020b880   0x00000070   Code   RO         1127    i.usbManageTask     freertos.o
    0x0020b8f0   0x0020b8f0   0x00000026   Code   RO         7034    i.uxListRemove      list.o
    0x0020b916   0x0020b916   0x00000016   Code   RO         7035    i.vListInitialise   list.o
    0x0020b92c   0x0020b92c   0x00000006   Code   RO         7036    i.vListInitialiseItem  list.o
    0x0020b932   0x0020b932   0x0000003c   Code   RO         7037    i.vListInsert       list.o
    0x0020b96e   0x0020b96e   0x00000018   Code   RO         7038    i.vListInsertEnd    list.o
    0x0020b986   0x0020b986   0x00000002   PAD
    0x0020b988   0x0020b988   0x00000048   Code   RO         7996    i.vPortEnterCritical  port.o
    0x0020b9d0   0x0020b9d0   0x00000030   Code   RO         7997    i.vPortExitCritical  port.o
    0x0020ba00   0x0020ba00   0x000000ac   Code   RO         7941    i.vPortFree         heap_4.o
    0x0020baac   0x0020baac   0x0000005c   Code   RO         7999    i.vPortValidateInterruptPriority  port.o
    0x0020bb08   0x0020bb08   0x00000044   Code   RO         7079    i.vQueueDelete      queue.o
    0x0020bb4c   0x0020bb4c   0x00000050   Code   RO         7323    i.vTaskDelay        tasks.o
    0x0020bb9c   0x0020bb9c   0x00000010   Code   RO         7327    i.vTaskInternalSetTimeOutState  tasks.o
    0x0020bbac   0x0020bbac   0x0000000c   Code   RO         7328    i.vTaskMissedYield  tasks.o
    0x0020bbb8   0x0020bbb8   0x00000038   Code   RO         7330    i.vTaskPlaceOnEventList  tasks.o
    0x0020bbf0   0x0020bbf0   0x000000c0   Code   RO         7332    i.vTaskPriorityDisinheritAfterTimeout  tasks.o
    0x0020bcb0   0x0020bcb0   0x00000078   Code   RO         7337    i.vTaskStartScheduler  tasks.o
    0x0020bd28   0x0020bd28   0x00000010   Code   RO         7339    i.vTaskSuspendAll   tasks.o
    0x0020bd38   0x0020bd38   0x00000060   Code   RO         7340    i.vTaskSwitchContext  tasks.o
    0x0020bd98   0x0020bd98   0x00000052   Code   RO         6718    i.validate          ff.o
    0x0020bdea   0x0020bdea   0x00000002   PAD
    0x0020bdec   0x0020bdec   0x000000fc   Code   RO         8000    i.xPortStartScheduler  port.o
    0x0020bee8   0x0020bee8   0x00000086   Code   RO         7082    i.xQueueGenericCreate  queue.o
    0x0020bf6e   0x0020bf6e   0x00000002   PAD
    0x0020bf70   0x0020bf70   0x000001e4   Code   RO         7084    i.xQueueGenericSend  queue.o
    0x0020c154   0x0020c154   0x00000128   Code   RO         7085    i.xQueueGenericSendFromISR  queue.o
    0x0020c27c   0x0020c27c   0x000000ae   Code   RO         7086    i.xQueueGiveFromISR  queue.o
    0x0020c32a   0x0020c32a   0x00000002   PAD
    0x0020c32c   0x0020c32c   0x00000168   Code   RO         7091    i.xQueueReceive     queue.o
    0x0020c494   0x0020c494   0x000000bc   Code   RO         7092    i.xQueueReceiveFromISR  queue.o
    0x0020c550   0x0020c550   0x000001b0   Code   RO         7093    i.xQueueSemaphoreTake  queue.o
    0x0020c700   0x0020c700   0x00000088   Code   RO         7341    i.xTaskCheckForTimeOut  tasks.o
    0x0020c788   0x0020c788   0x0000017c   Code   RO         7342    i.xTaskCreate       tasks.o
    0x0020c904   0x0020c904   0x0000001c   Code   RO         7346    i.xTaskGetSchedulerState  tasks.o
    0x0020c920   0x0020c920   0x000000f0   Code   RO         7349    i.xTaskIncrementTick  tasks.o
    0x0020ca10   0x0020ca10   0x000000ac   Code   RO         7352    i.xTaskPriorityDisinherit  tasks.o
    0x0020cabc   0x0020cabc   0x0000009c   Code   RO         7353    i.xTaskPriorityInherit  tasks.o
    0x0020cb58   0x0020cb58   0x0000007c   Code   RO         7354    i.xTaskRemoveFromEventList  tasks.o
    0x0020cbd4   0x0020cbd4   0x000001cc   Code   RO         7355    i.xTaskResumeAll    tasks.o
    0x0020cda0   0x0020cda0   0x00000014   Data   RO         1071    .constdata          usbh_diskio.o
    0x0020cdb4   0x0020cdb4   0x00000098   Data   RO         1128    .constdata          freertos.o
    0x0020ce4c   0x0020ce4c   0x00000008   Data   RO         5996    .constdata          stm32f7xx_hal_dma.o
    0x0020ce54   0x0020ce54   0x00000010   Data   RO         6611    .constdata          system_stm32f7xx.o
    0x0020ce64   0x0020ce64   0x00000008   Data   RO         6612    .constdata          system_stm32f7xx.o
    0x0020ce6c   0x0020ce6c   0x0000008d   Data   RO         6720    .constdata          ff.o
    0x0020cef9   0x0020cef9   0x00000001   PAD
    0x0020cefa   0x0020cefa   0x000003ae   Data   RO         6915    .constdata          ccsbcs.o
    0x0020d2a8   0x0020d2a8   0x0000001c   Data   RO         8091    .constdata          usbh_core.o
    0x0020d2c4   0x0020d2c4   0x0000005b   Data   RO         1129    .conststring        freertos.o
    0x0020d31f   0x0020d31f   0x00000001   PAD
    0x0020d320   0x0020d320   0x0000000c   Data   RO         8092    .conststring        usbh_core.o
    0x0020d32c   0x0020d32c   0x00000004   Data   RO         8422    .conststring        usbh_msc.o
    0x0020d330   0x0020d330   0x00000020   Data   RO         8655    Region$$Table       anon$$obj.o


    Execution Region RW_IRAM1 (Exec base: 0x20000000, Load base: 0x0020d350, Size: 0x000088e8, Max: 0x00080000, ABSOLUTE, COMPRESSED[0x00000330])

    Exec Addr    Load Addr    Size         Type   Attr      Idx    E Section Name        Object

    0x20000000   COMPRESSED   0x000009b4   Data   RW            7    .data               data.o
    0x200009b4   COMPRESSED   0x0000000c   Data   RW          495    .data               main.o
    0x200009c0   COMPRESSED   0x00000004   Data   RW          688    .data               can.o
    0x200009c4   COMPRESSED   0x00000008   Data   RW          921    .data               sd_diskio.o
    0x200009cc   COMPRESSED   0x00000005   Data   RW         1007    .data               fatfs.o
    0x200009d1   COMPRESSED   0x00000003   PAD
    0x200009d4   COMPRESSED   0x00000030   Data   RW         1130    .data               freertos.o
    0x20000a04   COMPRESSED   0x00000001   Data   RW         1427    .data               usb_host.o
    0x20000a05   COMPRESSED   0x00000003   PAD
    0x20000a08   COMPRESSED   0x00000004   Data   RW         2162    .data               stm32f7xx_ll_usb.o
    0x20000a0c   COMPRESSED   0x0000000c   Data   RW         6358    .data               stm32f7xx_hal.o
    0x20000a18   COMPRESSED   0x00000004   Data   RW         6613    .data               system_stm32f7xx.o
    0x20000a1c   COMPRESSED   0x0000000c   Data   RW         6721    .data               ff.o
    0x20000a28   COMPRESSED   0x0000003c   Data   RW         7358    .data               tasks.o
    0x20000a64   COMPRESSED   0x00000018   Data   RW         7946    .data               heap_4.o
    0x20000a7c   COMPRESSED   0x0000000c   Data   RW         8001    .data               port.o
    0x20000a88   COMPRESSED   0x00000020   Data   RW         8423    .data               usbh_msc.o
    0x20000aa8   COMPRESSED   0x00000004   Data   RW         8651    .data               mc_w.l(mvars.o)
    0x20000aac   COMPRESSED   0x00000004   Data   RW         8652    .data               mc_w.l(mvars.o)
    0x20000ab0        -       0x000005d0   Zero   RW            6    .bss                data.o
    0x20001080        -       0x00000150   Zero   RW          634    .bss                adc.o
    0x200011d0        -       0x00000098   Zero   RW          687    .bss                can.o
    0x20001268        -       0x00000238   Zero   RW         1003    .bss                fatfs.o
    0x200014a0        -       0x0000022c   Zero   RW         1004    .bss                fatfs.o
    0x200016cc        -       0x00000200   Zero   RW         1070    .bss                usbh_diskio.o
    0x200018cc        -       0x0000004c   Zero   RW         1198    .bss                i2c.o
    0x20001918        -       0x00000020   Zero   RW         1240    .bss                rtc.o
    0x20001938        -       0x00000144   Zero   RW         1282    .bss                sdmmc.o
    0x20001a7c        -       0x000000c0   Zero   RW         1326    .bss                tim.o
    0x20001b3c        -       0x000001c0   Zero   RW         1379    .bss                usart.o
    0x20001cfc        -       0x000004d8   Zero   RW         1426    .bss                usb_host.o
    0x200021d4        -       0x000002c4   Zero   RW         1497    .bss                usbh_conf.o
    0x20002498        -       0x00000040   Zero   RW         1916    .bss                stm32f7xx_hal_timebase_tim.o
    0x200024d8        -       0x00000030   Zero   RW         6719    .bss                ff.o
    0x20002508        -       0x00000010   Zero   RW         6820    .bss                ff_gen_drv.o
    0x20002518        -       0x00000040   Zero   RW         7094    .bss                queue.o
    0x20002558        -       0x00000190   Zero   RW         7357    .bss                tasks.o
    0x200026e8        -       0x00003c00   Zero   RW         7945    .bss                heap_4.o
    0x200062e8        -       0x00001200   Zero   RW         1950    HEAP                startup_stm32f767xx.o
    0x200074e8        -       0x00001400   Zero   RW         1949    STACK               startup_stm32f767xx.o


==============================================================================

Image component sizes


      Code (inc. data)   RO Data    RW Data    ZI Data      Debug   Object Name

       824         68          0          0        336       2938   adc.o
        26          0          0          0          0       2403   bsp_driver_sd.o
       618         74          0          4        152      10374   can.o
       224         24        942          0          0       2495   ccsbcs.o
       560         18          0          0          0      23382   cmsis_os.o
      2508        100          0       2484       1488     981912   data.o
       148         28          0          0          0       3721   diskio.o
       124          4          0          0          0        798   dma.o
         0          0          0          0          0       9548   event_groups.o
        56         18          0          5       1124       1668   fatfs.o
      7242         88        141         12         48      37700   ff.o
       144         12          0          0         16       2565   ff_gen_drv.o
       560         64        243         48          0       5818   freertos.o
       364         24          0          0          0       1079   gpio.o
       596         22          0         24      15360       6707   heap_4.o
       244         24          0          0         76       1709   i2c.o
       150          0          0          0          0       3618   list.o
       948        100          0         12          0      51796   main.o
       802         76          0         12          0      11581   port.o
      2244         22          0          0         64      16987   queue.o
       168         14          0          0         32       1575   rtc.o
        40         12          0          8          0       1957   sd_diskio.o
        36         10          0          0        324        749   sdmmc.o
        36          8        504          0       9728        808   startup_stm32f767xx.o
       112         20          0         12          0       8522   stm32f7xx_hal.o
      1192         30          0          0          0       5270   stm32f7xx_hal_adc.o
         2          0          0          0          0       1013   stm32f7xx_hal_adc_ex.o
      1836          6          0          0          0      12787   stm32f7xx_hal_can.o
       162         10          0          0          0      37662   stm32f7xx_hal_cortex.o
       884         18          8          0          0       3991   stm32f7xx_hal_dma.o
       650         24          0          0          0       4305   stm32f7xx_hal_gpio.o
      2422          6          0          0          0      11825   stm32f7xx_hal_hcd.o
      1766         28          0          0          0      14163   stm32f7xx_hal_i2c.o
       196          0          0          0          0       2087   stm32f7xx_hal_i2c_ex.o
        60         10          0          0          0        838   stm32f7xx_hal_msp.o
       124          8          0          0          0       1260   stm32f7xx_hal_pwr_ex.o
      1672        114          0          0          0       6087   stm32f7xx_hal_rcc.o
      1504         36          0          0          0       2280   stm32f7xx_hal_rcc_ex.o
       878          6          0          0          0       4750   stm32f7xx_hal_rtc.o
       786         10          0          0          0       5873   stm32f7xx_hal_sd.o
      1106         26          0          0          0       9241   stm32f7xx_hal_tim.o
       106          0          0          0          0       3052   stm32f7xx_hal_tim_ex.o
       124         16          0          0         64       1371   stm32f7xx_hal_timebase_tim.o
      2018         52          0          0          0      10610   stm32f7xx_hal_uart.o
       320        142          0          0          0      14475   stm32f7xx_it.o
       464         14          0          0          0       6724   stm32f7xx_ll_sdmmc.o
      1920         44          0          4          0      16651   stm32f7xx_ll_usb.o
       348          4          0          0          0       2294   string_utility.o
        62          0          0          0          0       3384   syscall.o
        96         20         24          4          0       1239   system_stm32f7xx.o
      2524        190          0         60        400      22367   tasks.o
       424         36          0          0        192       3048   tim.o
       536         58          0          0        448       2701   usart.o
       112         22          0          1       1240      11041   usb_host.o
       692         16          0          0        708      13733   usbh_conf.o
      1498         26         40          0          0      11802   usbh_core.o
      1394         12          0          0          0       9640   usbh_ctlreq.o
       452         26         20          0        512       4597   usbh_diskio.o
       206          0          0          0          0       4440   usbh_ioreq.o
      2302         10          4         32          0      11473   usbh_msc.o
       732         26          0          0          0       3929   usbh_msc_bot.o
       946          0          0          0          0       6763   usbh_msc_scsi.o
       124          0          0          0          0       3378   usbh_pipes.o
        24          6          0          0          0        518   usbh_platform.o

    ----------------------------------------------------------------------
     51518       1882       1960       2728      32312    1485072   Object Totals
         0          0         32          0          0          0   (incl. Generated)
        80          0          2          6          0          0   (incl. Padding)

    ----------------------------------------------------------------------

      Code (inc. data)   RO Data    RW Data    ZI Data      Debug   Library Member Name

        94          0          0          0          0          0   __dclz77c.o
         0          0          0          0          0          0   entry.o
         0          0          0          0          0          0   entry10a.o
         0          0          0          0          0          0   entry11a.o
         8          4          0          0          0          0   entry2.o
         4          0          0          0          0          0   entry5.o
         0          0          0          0          0          0   entry7b.o
         0          0          0          0          0          0   entry8b.o
         8          4          0          0          0          0   entry9a.o
        30          0          0          0          0          0   handlers.o
        36          8          0          0          0         68   init.o
        30          0          0          0          0         68   llshl.o
        32          0          0          0          0         68   llushr.o
       188         20          0          0          0        160   malloc.o
        36          0          0          0          0         68   memcpya.o
        36          0          0          0          0        108   memseta.o
         0          0          0          8          0          0   mvars.o
        14          0          0          0          0         68   strlen.o
        98          0          0          0          0         92   uldiv.o

    ----------------------------------------------------------------------
       618         36          0          8          0        700   Library Totals
         4          0          0          0          0          0   (incl. Padding)

    ----------------------------------------------------------------------

      Code (inc. data)   RO Data    RW Data    ZI Data      Debug   Library Name

       614         36          0          8          0        700   mc_w.l

    ----------------------------------------------------------------------
       618         36          0          8          0        700   Library Totals

    ----------------------------------------------------------------------

==============================================================================


      Code (inc. data)   RO Data    RW Data    ZI Data      Debug   

     52136       1918       1960       2736      32312    1448396   Grand Totals
     52136       1918       1960        816      32312    1448396   ELF Image Totals (compressed)
     52136       1918       1960        816          0          0   ROM Totals

==============================================================================

    Total RO  Size (Code + RO Data)                54096 (  52.83kB)
    Total RW  Size (RW Data + ZI Data)             35048 (  34.23kB)
    Total ROM Size (Code + RO Data + RW Data)      54912 (  53.63kB)

==============================================================================

